Archive member included because of file (symbol)

d:/quartus/quartus2/nios2eds/bin/gnu/h-i686-mingw32/bin/../lib/gcc/nios2-elf/4.1.2/../../../../nios2-elf/lib/mno-hw-mul\libsmallc.a(lib_a-printf.o)
                              obj/default/source.o (printf)
d:/quartus/quartus2/nios2eds/bin/gnu/h-i686-mingw32/bin/../lib/gcc/nios2-elf/4.1.2/../../../../nios2-elf/lib/mno-hw-mul\libsmallc.a(lib_a-vfprintf.o)
                              d:/quartus/quartus2/nios2eds/bin/gnu/h-i686-mingw32/bin/../lib/gcc/nios2-elf/4.1.2/../../../../nios2-elf/lib/mno-hw-mul\libsmallc.a(lib_a-printf.o) (___vfprintf_internal_r)
d:/quartus/quartus2/nios2eds/bin/gnu/h-i686-mingw32/bin/../lib/gcc/nios2-elf/4.1.2/../../../../nios2-elf/lib/mno-hw-mul\libsmallc.a(lib_a-fvwrite_small_dev.o)
                              d:/quartus/quartus2/nios2eds/bin/gnu/h-i686-mingw32/bin/../lib/gcc/nios2-elf/4.1.2/../../../../nios2-elf/lib/mno-hw-mul\libsmallc.a(lib_a-printf.o) (__sfvwrite_small_dev)
d:/quartus/quartus2/nios2eds/bin/gnu/h-i686-mingw32/bin/../lib/gcc/nios2-elf/4.1.2/../../../../nios2-elf/lib/mno-hw-mul\libsmallc.a(lib_a-impure.o)
                              d:/quartus/quartus2/nios2eds/bin/gnu/h-i686-mingw32/bin/../lib/gcc/nios2-elf/4.1.2/../../../../nios2-elf/lib/mno-hw-mul\libsmallc.a(lib_a-printf.o) (_impure_ptr)
d:/quartus/quartus2/nios2eds/bin/gnu/h-i686-mingw32/bin/../lib/gcc/nios2-elf/4.1.2/../../../../nios2-elf/lib/mno-hw-mul\libsmallc.a(lib_a-strlen.o)
                              d:/quartus/quartus2/nios2eds/bin/gnu/h-i686-mingw32/bin/../lib/gcc/nios2-elf/4.1.2/../../../../nios2-elf/lib/mno-hw-mul\libsmallc.a(lib_a-vfprintf.o) (strlen)
d:/quartus/quartus2/nios2eds/bin/gnu/h-i686-mingw32/bin/../lib/gcc/nios2-elf/4.1.2/../../../../nios2-elf/lib/mno-hw-mul\libsmallc.a(lib_a-writer.o)
                              d:/quartus/quartus2/nios2eds/bin/gnu/h-i686-mingw32/bin/../lib/gcc/nios2-elf/4.1.2/../../../../nios2-elf/lib/mno-hw-mul\libsmallc.a(lib_a-fvwrite_small_dev.o) (_write_r)
d:/quartus/quartus2/nios2eds/bin/gnu/h-i686-mingw32/bin/../lib/gcc/nios2-elf/4.1.2/../../../../nios2-elf/lib/mno-hw-mul\libsmallc.a(lib_a-int_errno.o)
                              d:/quartus/quartus2/nios2eds/bin/gnu/h-i686-mingw32/bin/../lib/gcc/nios2-elf/4.1.2/../../../../nios2-elf/lib/mno-hw-mul\libsmallc.a(lib_a-writer.o) (errno)
d:/quartus/quartus2/nios2eds/bin/gnu/h-i686-mingw32/bin/../lib/gcc/nios2-elf/4.1.2/mno-hw-mul\libgcc.a(lib2-divmod.o)
                              d:/quartus/quartus2/nios2eds/bin/gnu/h-i686-mingw32/bin/../lib/gcc/nios2-elf/4.1.2/../../../../nios2-elf/lib/mno-hw-mul\libsmallc.a(lib_a-vfprintf.o) (__udivsi3)
d:/quartus/quartus2/nios2eds/bin/gnu/h-i686-mingw32/bin/../lib/gcc/nios2-elf/4.1.2/mno-hw-mul\libgcc.a(lib2-mul.o)
                              d:/quartus/quartus2/nios2eds/bin/gnu/h-i686-mingw32/bin/../lib/gcc/nios2-elf/4.1.2/../../../../nios2-elf/lib/mno-hw-mul\libsmallc.a(lib_a-vfprintf.o) (__mulsi3)
../Bai7_bsp/\libhal_bsp.a(alt_iic.o)
                              obj/default/source.o (alt_ic_isr_register)
../Bai7_bsp/\libhal_bsp.a(alt_iic_isr_register.o)
                              ../Bai7_bsp/\libhal_bsp.a(alt_iic.o) (alt_iic_isr_register)
../Bai7_bsp/\libhal_bsp.a(alt_irq_entry.o)
                              ../Bai7_bsp/\libhal_bsp.a(alt_iic_isr_register.o) (alt_irq_entry)
../Bai7_bsp/\libhal_bsp.a(alt_irq_handler.o)
                              ../Bai7_bsp/\libhal_bsp.a(alt_iic_isr_register.o) (alt_irq_handler)
../Bai7_bsp/\libhal_bsp.a(alt_irq_vars.o)
                              ../Bai7_bsp/\libhal_bsp.a(alt_iic.o) (alt_irq_active)
../Bai7_bsp/\libhal_bsp.a(alt_load.o)
                              ../Bai7_bsp//obj/HAL/src/crt0.o (alt_load)
../Bai7_bsp/\libhal_bsp.a(alt_main.o)
                              ../Bai7_bsp//obj/HAL/src/crt0.o (alt_main)
../Bai7_bsp/\libhal_bsp.a(alt_write.o)
                              d:/quartus/quartus2/nios2eds/bin/gnu/h-i686-mingw32/bin/../lib/gcc/nios2-elf/4.1.2/../../../../nios2-elf/lib/mno-hw-mul\libsmallc.a(lib_a-writer.o) (write)
../Bai7_bsp/\libhal_bsp.a(alt_sys_init.o)
                              ../Bai7_bsp/\libhal_bsp.a(alt_main.o) (alt_irq_init)
../Bai7_bsp/\libhal_bsp.a(altera_avalon_jtag_uart_fd.o)
                              ../Bai7_bsp/\libhal_bsp.a(alt_sys_init.o) (altera_avalon_jtag_uart_read_fd)
../Bai7_bsp/\libhal_bsp.a(altera_avalon_jtag_uart_read.o)
                              ../Bai7_bsp/\libhal_bsp.a(altera_avalon_jtag_uart_fd.o) (altera_avalon_jtag_uart_read)
../Bai7_bsp/\libhal_bsp.a(altera_avalon_jtag_uart_write.o)
                              ../Bai7_bsp/\libhal_bsp.a(altera_avalon_jtag_uart_fd.o) (altera_avalon_jtag_uart_write)
../Bai7_bsp/\libhal_bsp.a(alt_close.o)
                              ../Bai7_bsp/\libhal_bsp.a(alt_main.o) (close)
../Bai7_bsp/\libhal_bsp.a(alt_dcache_flush_all.o)
                              ../Bai7_bsp/\libhal_bsp.a(alt_load.o) (alt_dcache_flush_all)
../Bai7_bsp/\libhal_bsp.a(alt_dev.o)
                              ../Bai7_bsp/\libhal_bsp.a(alt_sys_init.o) (alt_dev_list)
../Bai7_bsp/\libhal_bsp.a(alt_dev_llist_insert.o)
                              ../Bai7_bsp/\libhal_bsp.a(alt_sys_init.o) (alt_dev_llist_insert)
../Bai7_bsp/\libhal_bsp.a(alt_do_ctors.o)
                              ../Bai7_bsp/\libhal_bsp.a(alt_main.o) (_do_ctors)
../Bai7_bsp/\libhal_bsp.a(alt_do_dtors.o)
                              ../Bai7_bsp/\libhal_bsp.a(alt_main.o) (_do_dtors)
../Bai7_bsp/\libhal_bsp.a(alt_errno.o)
                              ../Bai7_bsp/\libhal_bsp.a(alt_write.o) (alt_errno)
../Bai7_bsp/\libhal_bsp.a(alt_exception_entry.o)
                              ../Bai7_bsp/\libhal_bsp.a(alt_irq_entry.o) (alt_exception)
../Bai7_bsp/\libhal_bsp.a(alt_icache_flush_all.o)
                              ../Bai7_bsp/\libhal_bsp.a(alt_load.o) (alt_icache_flush_all)
../Bai7_bsp/\libhal_bsp.a(alt_io_redirect.o)
                              ../Bai7_bsp/\libhal_bsp.a(alt_main.o) (alt_io_redirect)
../Bai7_bsp/\libhal_bsp.a(alt_open.o)
                              ../Bai7_bsp/\libhal_bsp.a(alt_io_redirect.o) (open)
../Bai7_bsp/\libhal_bsp.a(alt_release_fd.o)
                              ../Bai7_bsp/\libhal_bsp.a(alt_close.o) (alt_release_fd)
../Bai7_bsp/\libhal_bsp.a(altera_nios2_qsys_irq.o)
                              ../Bai7_bsp/\libhal_bsp.a(alt_sys_init.o) (altera_nios2_qsys_irq_init)
../Bai7_bsp/\libhal_bsp.a(alt_find_dev.o)
                              ../Bai7_bsp/\libhal_bsp.a(alt_open.o) (alt_find_dev)
../Bai7_bsp/\libhal_bsp.a(alt_find_file.o)
                              ../Bai7_bsp/\libhal_bsp.a(alt_open.o) (alt_find_file)
../Bai7_bsp/\libhal_bsp.a(alt_get_fd.o)
                              ../Bai7_bsp/\libhal_bsp.a(alt_open.o) (alt_get_fd)
d:/quartus/quartus2/nios2eds/bin/gnu/h-i686-mingw32/bin/../lib/gcc/nios2-elf/4.1.2/../../../../nios2-elf/lib/mno-hw-mul\libsmallc.a(lib_a-atexit.o)
                              ../Bai7_bsp/\libhal_bsp.a(alt_main.o) (atexit)
d:/quartus/quartus2/nios2eds/bin/gnu/h-i686-mingw32/bin/../lib/gcc/nios2-elf/4.1.2/../../../../nios2-elf/lib/mno-hw-mul\libsmallc.a(lib_a-exit.o)
                              ../Bai7_bsp/\libhal_bsp.a(alt_main.o) (exit)
d:/quartus/quartus2/nios2eds/bin/gnu/h-i686-mingw32/bin/../lib/gcc/nios2-elf/4.1.2/../../../../nios2-elf/lib/mno-hw-mul\libsmallc.a(lib_a-memcmp.o)
                              ../Bai7_bsp/\libhal_bsp.a(alt_find_dev.o) (memcmp)
d:/quartus/quartus2/nios2eds/bin/gnu/h-i686-mingw32/bin/../lib/gcc/nios2-elf/4.1.2/../../../../nios2-elf/lib/mno-hw-mul\libsmallc.a(lib_a-__atexit.o)
                              d:/quartus/quartus2/nios2eds/bin/gnu/h-i686-mingw32/bin/../lib/gcc/nios2-elf/4.1.2/../../../../nios2-elf/lib/mno-hw-mul\libsmallc.a(lib_a-atexit.o) (__register_exitproc)
d:/quartus/quartus2/nios2eds/bin/gnu/h-i686-mingw32/bin/../lib/gcc/nios2-elf/4.1.2/../../../../nios2-elf/lib/mno-hw-mul\libsmallc.a(lib_a-__call_atexit.o)
                              d:/quartus/quartus2/nios2eds/bin/gnu/h-i686-mingw32/bin/../lib/gcc/nios2-elf/4.1.2/../../../../nios2-elf/lib/mno-hw-mul\libsmallc.a(lib_a-exit.o) (__call_exitprocs)
../Bai7_bsp/\libhal_bsp.a(alt_exit.o)
                              d:/quartus/quartus2/nios2eds/bin/gnu/h-i686-mingw32/bin/../lib/gcc/nios2-elf/4.1.2/../../../../nios2-elf/lib/mno-hw-mul\libsmallc.a(lib_a-exit.o) (_exit)

Allocating common symbols
Common symbol       size              file

alt_irq             0x100             ../Bai7_bsp/\libhal_bsp.a(alt_irq_handler.o)
errno               0x4               d:/quartus/quartus2/nios2eds/bin/gnu/h-i686-mingw32/bin/../lib/gcc/nios2-elf/4.1.2/../../../../nios2-elf/lib/mno-hw-mul\libsmallc.a(lib_a-int_errno.o)
_atexit0            0x8c              d:/quartus/quartus2/nios2eds/bin/gnu/h-i686-mingw32/bin/../lib/gcc/nios2-elf/4.1.2/../../../../nios2-elf/lib/mno-hw-mul\libsmallc.a(lib_a-atexit.o)

Memory Configuration

Name             Origin             Length             Attributes
reset            0x00008000         0x00000020
onchip_memory2_0 0x00008020         0x00007fe0
*default*        0x00000000         0xffffffff

Linker script and memory map

LOAD ../Bai7_bsp//obj/HAL/src/crt0.o
LOAD obj/default/source.o
LOAD d:/quartus/quartus2/nios2eds/bin/gnu/h-i686-mingw32/bin/../lib/gcc/nios2-elf/4.1.2/../../../../nios2-elf/lib/mno-hw-mul\libstdc++.a
LOAD d:/quartus/quartus2/nios2eds/bin/gnu/h-i686-mingw32/bin/../lib/gcc/nios2-elf/4.1.2/../../../../nios2-elf/lib/mno-hw-mul\libm.a
LOAD d:/quartus/quartus2/nios2eds/bin/gnu/h-i686-mingw32/bin/../lib/gcc/nios2-elf/4.1.2/mno-hw-mul\libgcc.a
START GROUP
LOAD d:/quartus/quartus2/nios2eds/bin/gnu/h-i686-mingw32/bin/../lib/gcc/nios2-elf/4.1.2/../../../../nios2-elf/lib/mno-hw-mul\libsmallc.a
LOAD d:/quartus/quartus2/nios2eds/bin/gnu/h-i686-mingw32/bin/../lib/gcc/nios2-elf/4.1.2/mno-hw-mul\libgcc.a
LOAD ../Bai7_bsp/\libhal_bsp.a
END GROUP
LOAD d:/quartus/quartus2/nios2eds/bin/gnu/h-i686-mingw32/bin/../lib/gcc/nios2-elf/4.1.2/mno-hw-mul\libgcc.a
                0x00008000                __alt_mem_onchip_memory2_0 = 0x8000

.entry          0x00008000       0x20
 *(.entry)
 .entry         0x00008000       0x20 ../Bai7_bsp//obj/HAL/src/crt0.o
                0x00008000                __reset

.exceptions     0x00008020      0x194
                0x00008020                PROVIDE (__ram_exceptions_start, ABSOLUTE (.))
                0x00008020                . = ALIGN (0x20)
 *(.irq)
 *(.exceptions.entry.label)
 .exceptions.entry.label
                0x00008020        0x0 ../Bai7_bsp/\libhal_bsp.a(alt_irq_entry.o)
                0x00008020                alt_irq_entry
 .exceptions.entry.label
                0x00008020        0x0 ../Bai7_bsp/\libhal_bsp.a(alt_exception_entry.o)
                0x00008020                alt_exception
 *(.exceptions.entry.user)
 *(.exceptions.entry)
 .exceptions.entry
                0x00008020       0x54 ../Bai7_bsp/\libhal_bsp.a(alt_exception_entry.o)
 *(.exceptions.irqtest.user)
 *(.exceptions.irqtest)
 .exceptions.irqtest
                0x00008074       0x10 ../Bai7_bsp/\libhal_bsp.a(alt_irq_entry.o)
 *(.exceptions.irqhandler.user)
 *(.exceptions.irqhandler)
 .exceptions.irqhandler
                0x00008084        0x4 ../Bai7_bsp/\libhal_bsp.a(alt_irq_entry.o)
 *(.exceptions.irqreturn.user)
 *(.exceptions.irqreturn)
 .exceptions.irqreturn
                0x00008088        0x4 ../Bai7_bsp/\libhal_bsp.a(alt_irq_entry.o)
 *(.exceptions.notirq.label)
 .exceptions.notirq.label
                0x0000808c        0x0 ../Bai7_bsp/\libhal_bsp.a(alt_irq_entry.o)
 *(.exceptions.notirq.user)
 *(.exceptions.notirq)
 .exceptions.notirq
                0x0000808c        0x8 ../Bai7_bsp/\libhal_bsp.a(alt_exception_entry.o)
 *(.exceptions.soft.user)
 *(.exceptions.soft)
 *(.exceptions.unknown.user)
 *(.exceptions.unknown)
 .exceptions.unknown
                0x00008094        0x4 ../Bai7_bsp/\libhal_bsp.a(alt_exception_entry.o)
 *(.exceptions.exit.label)
 .exceptions.exit.label
                0x00008098        0x0 ../Bai7_bsp/\libhal_bsp.a(alt_irq_entry.o)
 .exceptions.exit.label
                0x00008098        0x0 ../Bai7_bsp/\libhal_bsp.a(alt_exception_entry.o)
 *(.exceptions.exit.user)
 *(.exceptions.exit)
 .exceptions.exit
                0x00008098       0x54 ../Bai7_bsp/\libhal_bsp.a(alt_exception_entry.o)
 *(.exceptions)
 .exceptions    0x000080ec       0xc8 ../Bai7_bsp/\libhal_bsp.a(alt_irq_handler.o)
                0x000080ec                alt_irq_handler
                0x000081b4                PROVIDE (__ram_exceptions_end, ABSOLUTE (.))
                0x00008020                PROVIDE (__flash_exceptions_start, LOADADDR (.exceptions))

.text           0x000081b4     0x2374
                0x000081b4                PROVIDE (stext, ABSOLUTE (.))
 *(.interp)
 *(.hash)
 *(.dynsym)
 *(.dynstr)
 *(.gnu.version)
 *(.gnu.version_d)
 *(.gnu.version_r)
 *(.rel.init)
 *(.rela.init)
 *(.rel.text .rel.text.* .rel.gnu.linkonce.t.*)
 *(.rela.text .rela.text.* .rela.gnu.linkonce.t.*)
 *(.rel.fini)
 *(.rela.fini)
 *(.rel.rodata .rel.rodata.* .rel.gnu.linkonce.r.*)
 *(.rela.rodata .rela.rodata.* .rela.gnu.linkonce.r.*)
 *(.rel.data .rel.data.* .rel.gnu.linkonce.d.*)
 *(.rela.data .rela.data.* .rela.gnu.linkonce.d.*)
 *(.rel.tdata .rel.tdata.* .rel.gnu.linkonce.td.*)
 *(.rela.tdata .rela.tdata.* .rela.gnu.linkonce.td.*)
 *(.rel.tbss .rel.tbss.* .rel.gnu.linkonce.tb.*)
 *(.rela.tbss .rela.tbss.* .rela.gnu.linkonce.tb.*)
 *(.rel.ctors)
 *(.rela.ctors)
 *(.rel.dtors)
 *(.rela.dtors)
 *(.rel.got)
 *(.rela.got)
 *(.rel.sdata .rel.sdata.* .rel.gnu.linkonce.s.*)
 *(.rela.sdata .rela.sdata.* .rela.gnu.linkonce.s.*)
 *(.rel.sbss .rel.sbss.* .rel.gnu.linkonce.sb.*)
 *(.rela.sbss .rela.sbss.* .rela.gnu.linkonce.sb.*)
 *(.rel.sdata2 .rel.sdata2.* .rel.gnu.linkonce.s2.*)
 *(.rela.sdata2 .rela.sdata2.* .rela.gnu.linkonce.s2.*)
 *(.rel.sbss2 .rel.sbss2.* .rel.gnu.linkonce.sb2.*)
 *(.rela.sbss2 .rela.sbss2.* .rela.gnu.linkonce.sb2.*)
 *(.rel.bss .rel.bss.* .rel.gnu.linkonce.b.*)
 *(.rela.bss .rela.bss.* .rela.gnu.linkonce.b.*)
 *(.rel.plt)
 *(.rela.plt)
 *(.rel.dyn)
 *(.init)
 *(.plt)
 *(.text .stub .text.* .gnu.linkonce.t.*)
 .text          0x000081b4       0x3c ../Bai7_bsp//obj/HAL/src/crt0.o
                0x000081b4                _start
 .text          0x000081f0       0xfc obj/default/source.o
                0x000081f0                timer_Init
                0x00008264                Timer_IRQ_Handler
                0x000082b8                main
 .text          0x000082ec       0x98 d:/quartus/quartus2/nios2eds/bin/gnu/h-i686-mingw32/bin/../lib/gcc/nios2-elf/4.1.2/../../../../nios2-elf/lib/mno-hw-mul\libsmallc.a(lib_a-printf.o)
                0x000082ec                printf
                0x00008340                _printf_r
 .text          0x00008384      0x740 d:/quartus/quartus2/nios2eds/bin/gnu/h-i686-mingw32/bin/../lib/gcc/nios2-elf/4.1.2/../../../../nios2-elf/lib/mno-hw-mul\libsmallc.a(lib_a-vfprintf.o)
                0x00008404                ___vfprintf_internal_r
                0x00008aa0                __vfprintf_internal
 .text          0x00008ac4       0xbc d:/quartus/quartus2/nios2eds/bin/gnu/h-i686-mingw32/bin/../lib/gcc/nios2-elf/4.1.2/../../../../nios2-elf/lib/mno-hw-mul\libsmallc.a(lib_a-fvwrite_small_dev.o)
                0x00008ac4                __sfvwrite_small_dev
 .text          0x00008b80        0x0 d:/quartus/quartus2/nios2eds/bin/gnu/h-i686-mingw32/bin/../lib/gcc/nios2-elf/4.1.2/../../../../nios2-elf/lib/mno-hw-mul\libsmallc.a(lib_a-impure.o)
 .text          0x00008b80       0x20 d:/quartus/quartus2/nios2eds/bin/gnu/h-i686-mingw32/bin/../lib/gcc/nios2-elf/4.1.2/../../../../nios2-elf/lib/mno-hw-mul\libsmallc.a(lib_a-strlen.o)
                0x00008b80                strlen
 .text          0x00008ba0       0x78 d:/quartus/quartus2/nios2eds/bin/gnu/h-i686-mingw32/bin/../lib/gcc/nios2-elf/4.1.2/../../../../nios2-elf/lib/mno-hw-mul\libsmallc.a(lib_a-writer.o)
                0x00008ba0                _write_r
 .text          0x00008c18        0x0 d:/quartus/quartus2/nios2eds/bin/gnu/h-i686-mingw32/bin/../lib/gcc/nios2-elf/4.1.2/../../../../nios2-elf/lib/mno-hw-mul\libsmallc.a(lib_a-int_errno.o)
 .text          0x00008c18      0x14c d:/quartus/quartus2/nios2eds/bin/gnu/h-i686-mingw32/bin/../lib/gcc/nios2-elf/4.1.2/mno-hw-mul\libgcc.a(lib2-divmod.o)
                0x00008c94                __divsi3
                0x00008cf4                __modsi3
                0x00008d54                __udivsi3
                0x00008d5c                __umodsi3
 .text          0x00008d64       0x38 d:/quartus/quartus2/nios2eds/bin/gnu/h-i686-mingw32/bin/../lib/gcc/nios2-elf/4.1.2/mno-hw-mul\libgcc.a(lib2-mul.o)
                0x00008d64                __mulsi3
 .text          0x00008d9c      0x1d4 ../Bai7_bsp/\libhal_bsp.a(alt_iic.o)
                0x00008d9c                alt_ic_isr_register
                0x00008dec                alt_ic_irq_enable
                0x00008e88                alt_ic_irq_disable
                0x00008f28                alt_ic_irq_enabled
 .text          0x00008f70       0xf8 ../Bai7_bsp/\libhal_bsp.a(alt_iic_isr_register.o)
                0x00008f70                alt_iic_isr_register
 .text          0x00009068        0x0 ../Bai7_bsp/\libhal_bsp.a(alt_irq_entry.o)
 .text          0x00009068        0x0 ../Bai7_bsp/\libhal_bsp.a(alt_irq_handler.o)
 .text          0x00009068        0x0 ../Bai7_bsp/\libhal_bsp.a(alt_irq_vars.o)
 .text          0x00009068       0xec ../Bai7_bsp/\libhal_bsp.a(alt_load.o)
                0x00009068                alt_load
 .text          0x00009154       0x6c ../Bai7_bsp/\libhal_bsp.a(alt_main.o)
                0x00009154                alt_main
 .text          0x000091c0      0x184 ../Bai7_bsp/\libhal_bsp.a(alt_write.o)
                0x000091c0                write
 .text          0x00009344       0x9c ../Bai7_bsp/\libhal_bsp.a(alt_sys_init.o)
                0x00009344                alt_irq_init
                0x00009378                alt_sys_init
 .text          0x000093e0       0xb0 ../Bai7_bsp/\libhal_bsp.a(altera_avalon_jtag_uart_fd.o)
                0x000093e0                altera_avalon_jtag_uart_read_fd
                0x00009438                altera_avalon_jtag_uart_write_fd
 .text          0x00009490      0x104 ../Bai7_bsp/\libhal_bsp.a(altera_avalon_jtag_uart_read.o)
                0x00009490                altera_avalon_jtag_uart_read
 .text          0x00009594       0xa4 ../Bai7_bsp/\libhal_bsp.a(altera_avalon_jtag_uart_write.o)
                0x00009594                altera_avalon_jtag_uart_write
 .text          0x00009638      0x160 ../Bai7_bsp/\libhal_bsp.a(alt_close.o)
                0x00009638                close
 .text          0x00009798       0x1c ../Bai7_bsp/\libhal_bsp.a(alt_dcache_flush_all.o)
                0x00009798                alt_dcache_flush_all
 .text          0x000097b4       0x2c ../Bai7_bsp/\libhal_bsp.a(alt_dev.o)
 .text          0x000097e0      0x114 ../Bai7_bsp/\libhal_bsp.a(alt_dev_llist_insert.o)
                0x000097e0                alt_dev_llist_insert
 .text          0x000098f4       0x64 ../Bai7_bsp/\libhal_bsp.a(alt_do_ctors.o)
                0x000098f4                _do_ctors
 .text          0x00009958       0x64 ../Bai7_bsp/\libhal_bsp.a(alt_do_dtors.o)
                0x00009958                _do_dtors
 .text          0x000099bc        0x0 ../Bai7_bsp/\libhal_bsp.a(alt_errno.o)
 .text          0x000099bc        0x0 ../Bai7_bsp/\libhal_bsp.a(alt_exception_entry.o)
 .text          0x000099bc       0x1c ../Bai7_bsp/\libhal_bsp.a(alt_icache_flush_all.o)
                0x000099bc                alt_icache_flush_all
 .text          0x000099d8      0x150 ../Bai7_bsp/\libhal_bsp.a(alt_io_redirect.o)
                0x00009ab0                alt_io_redirect
 .text          0x00009b28      0x2e4 ../Bai7_bsp/\libhal_bsp.a(alt_open.o)
                0x00009c20                open
 .text          0x00009e0c       0x78 ../Bai7_bsp/\libhal_bsp.a(alt_release_fd.o)
                0x00009e0c                alt_release_fd
 .text          0x00009e84       0x20 ../Bai7_bsp/\libhal_bsp.a(altera_nios2_qsys_irq.o)
                0x00009e84                altera_nios2_qsys_irq_init
 .text          0x00009ea4       0x94 ../Bai7_bsp/\libhal_bsp.a(alt_find_dev.o)
                0x00009ea4                alt_find_dev
 .text          0x00009f38      0x120 ../Bai7_bsp/\libhal_bsp.a(alt_find_file.o)
                0x00009f38                alt_find_file
 .text          0x0000a058       0xd0 ../Bai7_bsp/\libhal_bsp.a(alt_get_fd.o)
                0x0000a058                alt_get_fd
 .text          0x0000a128       0x14 d:/quartus/quartus2/nios2eds/bin/gnu/h-i686-mingw32/bin/../lib/gcc/nios2-elf/4.1.2/../../../../nios2-elf/lib/mno-hw-mul\libsmallc.a(lib_a-atexit.o)
                0x0000a128                atexit
 .text          0x0000a13c       0x20 d:/quartus/quartus2/nios2eds/bin/gnu/h-i686-mingw32/bin/../lib/gcc/nios2-elf/4.1.2/../../../../nios2-elf/lib/mno-hw-mul\libsmallc.a(lib_a-exit.o)
                0x0000a13c                exit
 .text          0x0000a15c       0x3c d:/quartus/quartus2/nios2eds/bin/gnu/h-i686-mingw32/bin/../lib/gcc/nios2-elf/4.1.2/../../../../nios2-elf/lib/mno-hw-mul\libsmallc.a(lib_a-memcmp.o)
                0x0000a15c                memcmp
 .text          0x0000a198      0x16c d:/quartus/quartus2/nios2eds/bin/gnu/h-i686-mingw32/bin/../lib/gcc/nios2-elf/4.1.2/../../../../nios2-elf/lib/mno-hw-mul\libsmallc.a(lib_a-__atexit.o)
                0x0000a198                __register_exitproc
 .text          0x0000a304      0x1c0 d:/quartus/quartus2/nios2eds/bin/gnu/h-i686-mingw32/bin/../lib/gcc/nios2-elf/4.1.2/../../../../nios2-elf/lib/mno-hw-mul\libsmallc.a(lib_a-__call_atexit.o)
                0x0000a308                __call_exitprocs
 .text          0x0000a4c4       0x60 ../Bai7_bsp/\libhal_bsp.a(alt_exit.o)
                0x0000a504                _exit
 *(.gnu.warning.*)
 *(.fini)
                0x0000a524                PROVIDE (__etext, ABSOLUTE (.))
                0x0000a524                PROVIDE (_etext, ABSOLUTE (.))
                0x0000a524                PROVIDE (etext, ABSOLUTE (.))
 *(.eh_frame_hdr)
                0x0000a524                . = ALIGN (0x4)
                0x0000a524                PROVIDE (__preinit_array_start, ABSOLUTE (.))
 *(.preinit_array)
                0x0000a524                PROVIDE (__preinit_array_end, ABSOLUTE (.))
                0x0000a524                PROVIDE (__init_array_start, ABSOLUTE (.))
 *(.init_array)
                0x0000a524                PROVIDE (__init_array_end, ABSOLUTE (.))
                0x0000a524                PROVIDE (__fini_array_start, ABSOLUTE (.))
 *(.fini_array)
                0x0000a524                PROVIDE (__fini_array_end, ABSOLUTE (.))
 *(.eh_frame)
 *(.gcc_except_table)
 *(.dynamic)
                0x0000a524                PROVIDE (__CTOR_LIST__, ABSOLUTE (.))
 *(.ctors)
 *(SORT(.ctors.*))
 .ctors.65535   0x0000a524        0x4 d:/quartus/quartus2/nios2eds/bin/gnu/h-i686-mingw32/bin/../lib/gcc/nios2-elf/4.1.2/../../../../nios2-elf/lib/mno-hw-mul\libsmallc.a(lib_a-__call_atexit.o)
                0x0000a528                PROVIDE (__CTOR_END__, ABSOLUTE (.))
                0x0000a528                PROVIDE (__DTOR_LIST__, ABSOLUTE (.))
 *(.dtors)
 *(SORT(.dtors.*))
                0x0000a528                PROVIDE (__DTOR_END__, ABSOLUTE (.))
 *(.jcr)
                0x0000a528                . = ALIGN (0x4)

.rodata         0x0000a528       0x40
                0x0000a528                PROVIDE (__ram_rodata_start, ABSOLUTE (.))
                0x0000a528                . = ALIGN (0x4)
 *(.rodata .rodata.* .gnu.linkonce.r.*)
 .rodata        0x0000a528        0xc obj/default/source.o
 .rodata        0x0000a534       0x14 ../Bai7_bsp/\libhal_bsp.a(alt_main.o)
 .rodata        0x0000a548       0x14 ../Bai7_bsp/\libhal_bsp.a(alt_sys_init.o)
 .rodata        0x0000a55c        0xc ../Bai7_bsp/\libhal_bsp.a(alt_dev.o)
 *(.rodata1)
                0x0000a568                . = ALIGN (0x4)
                0x0000a568                PROVIDE (__ram_rodata_end, ABSOLUTE (.))
                0x0000a528                PROVIDE (__flash_rodata_start, LOADADDR (.rodata))

.rwdata         0x0000a568      0x2d8 load address 0x0000a840
                0x0000a568                PROVIDE (__ram_rwdata_start, ABSOLUTE (.))
                0x0000a568                . = ALIGN (0x4)
 *(.got.plt)
 *(.got)
 *(.data1)
 *(.data .data.* .gnu.linkonce.d.*)
 .data          0x0000a568        0x0 ../Bai7_bsp//obj/HAL/src/crt0.o
 .data          0x0000a568        0x0 obj/default/source.o
 .data          0x0000a568        0x0 d:/quartus/quartus2/nios2eds/bin/gnu/h-i686-mingw32/bin/../lib/gcc/nios2-elf/4.1.2/../../../../nios2-elf/lib/mno-hw-mul\libsmallc.a(lib_a-printf.o)
 .data          0x0000a568        0x0 d:/quartus/quartus2/nios2eds/bin/gnu/h-i686-mingw32/bin/../lib/gcc/nios2-elf/4.1.2/../../../../nios2-elf/lib/mno-hw-mul\libsmallc.a(lib_a-vfprintf.o)
 .data          0x0000a568        0x0 d:/quartus/quartus2/nios2eds/bin/gnu/h-i686-mingw32/bin/../lib/gcc/nios2-elf/4.1.2/../../../../nios2-elf/lib/mno-hw-mul\libsmallc.a(lib_a-fvwrite_small_dev.o)
 .data          0x0000a568       0xe0 d:/quartus/quartus2/nios2eds/bin/gnu/h-i686-mingw32/bin/../lib/gcc/nios2-elf/4.1.2/../../../../nios2-elf/lib/mno-hw-mul\libsmallc.a(lib_a-impure.o)
 .data          0x0000a648        0x0 d:/quartus/quartus2/nios2eds/bin/gnu/h-i686-mingw32/bin/../lib/gcc/nios2-elf/4.1.2/../../../../nios2-elf/lib/mno-hw-mul\libsmallc.a(lib_a-strlen.o)
 .data          0x0000a648        0x0 d:/quartus/quartus2/nios2eds/bin/gnu/h-i686-mingw32/bin/../lib/gcc/nios2-elf/4.1.2/../../../../nios2-elf/lib/mno-hw-mul\libsmallc.a(lib_a-writer.o)
 .data          0x0000a648        0x0 d:/quartus/quartus2/nios2eds/bin/gnu/h-i686-mingw32/bin/../lib/gcc/nios2-elf/4.1.2/../../../../nios2-elf/lib/mno-hw-mul\libsmallc.a(lib_a-int_errno.o)
 .data          0x0000a648        0x0 d:/quartus/quartus2/nios2eds/bin/gnu/h-i686-mingw32/bin/../lib/gcc/nios2-elf/4.1.2/mno-hw-mul\libgcc.a(lib2-divmod.o)
 .data          0x0000a648        0x0 d:/quartus/quartus2/nios2eds/bin/gnu/h-i686-mingw32/bin/../lib/gcc/nios2-elf/4.1.2/mno-hw-mul\libgcc.a(lib2-mul.o)
 .data          0x0000a648        0x0 ../Bai7_bsp/\libhal_bsp.a(alt_iic.o)
 .data          0x0000a648        0x0 ../Bai7_bsp/\libhal_bsp.a(alt_iic_isr_register.o)
 .data          0x0000a648        0x0 ../Bai7_bsp/\libhal_bsp.a(alt_irq_entry.o)
 .data          0x0000a648        0x0 ../Bai7_bsp/\libhal_bsp.a(alt_irq_handler.o)
 .data          0x0000a648        0x0 ../Bai7_bsp/\libhal_bsp.a(alt_irq_vars.o)
 .data          0x0000a648        0x0 ../Bai7_bsp/\libhal_bsp.a(alt_load.o)
 .data          0x0000a648        0x0 ../Bai7_bsp/\libhal_bsp.a(alt_main.o)
 .data          0x0000a648        0x0 ../Bai7_bsp/\libhal_bsp.a(alt_write.o)
 .data          0x0000a648       0x2c ../Bai7_bsp/\libhal_bsp.a(alt_sys_init.o)
 .data          0x0000a674        0x0 ../Bai7_bsp/\libhal_bsp.a(altera_avalon_jtag_uart_fd.o)
 .data          0x0000a674        0x0 ../Bai7_bsp/\libhal_bsp.a(altera_avalon_jtag_uart_read.o)
 .data          0x0000a674        0x0 ../Bai7_bsp/\libhal_bsp.a(altera_avalon_jtag_uart_write.o)
 .data          0x0000a674        0x0 ../Bai7_bsp/\libhal_bsp.a(alt_close.o)
 .data          0x0000a674        0x0 ../Bai7_bsp/\libhal_bsp.a(alt_dcache_flush_all.o)
 .data          0x0000a674      0x1a8 ../Bai7_bsp/\libhal_bsp.a(alt_dev.o)
                0x0000a674                alt_dev_null
                0x0000a69c                alt_fd_list
 .data          0x0000a81c        0x0 ../Bai7_bsp/\libhal_bsp.a(alt_dev_llist_insert.o)
 .data          0x0000a81c        0x0 ../Bai7_bsp/\libhal_bsp.a(alt_do_ctors.o)
 .data          0x0000a81c        0x0 ../Bai7_bsp/\libhal_bsp.a(alt_do_dtors.o)
 .data          0x0000a81c        0x0 ../Bai7_bsp/\libhal_bsp.a(alt_errno.o)
 .data          0x0000a81c        0x0 ../Bai7_bsp/\libhal_bsp.a(alt_exception_entry.o)
 .data          0x0000a81c        0x0 ../Bai7_bsp/\libhal_bsp.a(alt_icache_flush_all.o)
 .data          0x0000a81c        0x0 ../Bai7_bsp/\libhal_bsp.a(alt_io_redirect.o)
 .data          0x0000a81c        0x0 ../Bai7_bsp/\libhal_bsp.a(alt_open.o)
 .data          0x0000a81c        0x0 ../Bai7_bsp/\libhal_bsp.a(alt_release_fd.o)
 .data          0x0000a81c        0x0 ../Bai7_bsp/\libhal_bsp.a(altera_nios2_qsys_irq.o)
 .data          0x0000a81c        0x0 ../Bai7_bsp/\libhal_bsp.a(alt_find_dev.o)
 .data          0x0000a81c        0x0 ../Bai7_bsp/\libhal_bsp.a(alt_find_file.o)
 .data          0x0000a81c        0x0 ../Bai7_bsp/\libhal_bsp.a(alt_get_fd.o)
 .data          0x0000a81c        0x0 d:/quartus/quartus2/nios2eds/bin/gnu/h-i686-mingw32/bin/../lib/gcc/nios2-elf/4.1.2/../../../../nios2-elf/lib/mno-hw-mul\libsmallc.a(lib_a-atexit.o)
 .data          0x0000a81c        0x0 d:/quartus/quartus2/nios2eds/bin/gnu/h-i686-mingw32/bin/../lib/gcc/nios2-elf/4.1.2/../../../../nios2-elf/lib/mno-hw-mul\libsmallc.a(lib_a-exit.o)
 .data          0x0000a81c        0x0 d:/quartus/quartus2/nios2eds/bin/gnu/h-i686-mingw32/bin/../lib/gcc/nios2-elf/4.1.2/../../../../nios2-elf/lib/mno-hw-mul\libsmallc.a(lib_a-memcmp.o)
 .data          0x0000a81c        0x0 d:/quartus/quartus2/nios2eds/bin/gnu/h-i686-mingw32/bin/../lib/gcc/nios2-elf/4.1.2/../../../../nios2-elf/lib/mno-hw-mul\libsmallc.a(lib_a-__atexit.o)
 .data          0x0000a81c        0x0 d:/quartus/quartus2/nios2eds/bin/gnu/h-i686-mingw32/bin/../lib/gcc/nios2-elf/4.1.2/../../../../nios2-elf/lib/mno-hw-mul\libsmallc.a(lib_a-__call_atexit.o)
 .data          0x0000a81c        0x0 ../Bai7_bsp/\libhal_bsp.a(alt_exit.o)
                0x0001281c                _gp = ABSOLUTE ((. + 0x8000))
                0x0001281c                PROVIDE (gp, _gp)
 *(.rwdata .rwdata.*)
 *(.sdata .sdata.* .gnu.linkonce.s.*)
 .sdata         0x0000a81c        0x8 d:/quartus/quartus2/nios2eds/bin/gnu/h-i686-mingw32/bin/../lib/gcc/nios2-elf/4.1.2/../../../../nios2-elf/lib/mno-hw-mul\libsmallc.a(lib_a-impure.o)
                0x0000a81c                _impure_ptr
                0x0000a820                _global_impure_ptr
 .sdata         0x0000a824        0x4 ../Bai7_bsp/\libhal_bsp.a(alt_irq_vars.o)
                0x0000a824                alt_priority_mask
 .sdata         0x0000a828       0x14 ../Bai7_bsp/\libhal_bsp.a(alt_dev.o)
                0x0000a828                alt_fs_list
                0x0000a830                alt_dev_list
                0x0000a838                alt_max_fd
 .sdata         0x0000a83c        0x4 ../Bai7_bsp/\libhal_bsp.a(alt_errno.o)
                0x0000a83c                alt_errno
 *(.sdata2 .sdata2.* .gnu.linkonce.s2.*)
                0x0000a840                . = ALIGN (0x4)
                0x0000a840                _edata = ABSOLUTE (.)
                0x0000a840                PROVIDE (edata, ABSOLUTE (.))
                0x0000a840                PROVIDE (__ram_rwdata_end, ABSOLUTE (.))
                0x0000a840                PROVIDE (__flash_rwdata_start, LOADADDR (.rwdata))

.bss            0x0000ab18      0x1a4
                0x0000ab18                __bss_start = ABSOLUTE (.)
                0x0000ab18                PROVIDE (__sbss_start, ABSOLUTE (.))
                0x0000ab18                PROVIDE (___sbss_start, ABSOLUTE (.))
 *(.dynsbss)
 *(.sbss .sbss.* .gnu.linkonce.sb.*)
 .sbss          0x0000ab18        0x4 obj/default/source.o
                0x0000ab18                counter
 .sbss          0x0000ab1c        0x4 d:/quartus/quartus2/nios2eds/bin/gnu/h-i686-mingw32/bin/../lib/gcc/nios2-elf/4.1.2/../../../../nios2-elf/lib/mno-hw-mul\libsmallc.a(lib_a-int_errno.o)
                0x0000ab1c                errno
 .sbss          0x0000ab20        0x4 ../Bai7_bsp/\libhal_bsp.a(alt_irq_vars.o)
                0x0000ab20                alt_irq_active
 .sbss          0x0000ab24        0xc ../Bai7_bsp/\libhal_bsp.a(alt_main.o)
                0x0000ab24                alt_argc
                0x0000ab28                alt_argv
                0x0000ab2c                alt_envp
 *(.sbss2 .sbss2.* .gnu.linkonce.sb2.*)
 *(.scommon)
                0x0000ab30                PROVIDE (__sbss_end, ABSOLUTE (.))
                0x0000ab30                PROVIDE (___sbss_end, ABSOLUTE (.))
 *(.dynbss)
 *(.bss .bss.* .gnu.linkonce.b.*)
 .bss           0x0000ab30        0x0 ../Bai7_bsp//obj/HAL/src/crt0.o
 .bss           0x0000ab30        0x0 obj/default/source.o
 .bss           0x0000ab30        0x0 d:/quartus/quartus2/nios2eds/bin/gnu/h-i686-mingw32/bin/../lib/gcc/nios2-elf/4.1.2/../../../../nios2-elf/lib/mno-hw-mul\libsmallc.a(lib_a-printf.o)
 .bss           0x0000ab30        0x0 d:/quartus/quartus2/nios2eds/bin/gnu/h-i686-mingw32/bin/../lib/gcc/nios2-elf/4.1.2/../../../../nios2-elf/lib/mno-hw-mul\libsmallc.a(lib_a-vfprintf.o)
 .bss           0x0000ab30        0x0 d:/quartus/quartus2/nios2eds/bin/gnu/h-i686-mingw32/bin/../lib/gcc/nios2-elf/4.1.2/../../../../nios2-elf/lib/mno-hw-mul\libsmallc.a(lib_a-fvwrite_small_dev.o)
 .bss           0x0000ab30        0x0 d:/quartus/quartus2/nios2eds/bin/gnu/h-i686-mingw32/bin/../lib/gcc/nios2-elf/4.1.2/../../../../nios2-elf/lib/mno-hw-mul\libsmallc.a(lib_a-impure.o)
 .bss           0x0000ab30        0x0 d:/quartus/quartus2/nios2eds/bin/gnu/h-i686-mingw32/bin/../lib/gcc/nios2-elf/4.1.2/../../../../nios2-elf/lib/mno-hw-mul\libsmallc.a(lib_a-strlen.o)
 .bss           0x0000ab30        0x0 d:/quartus/quartus2/nios2eds/bin/gnu/h-i686-mingw32/bin/../lib/gcc/nios2-elf/4.1.2/../../../../nios2-elf/lib/mno-hw-mul\libsmallc.a(lib_a-writer.o)
 .bss           0x0000ab30        0x0 d:/quartus/quartus2/nios2eds/bin/gnu/h-i686-mingw32/bin/../lib/gcc/nios2-elf/4.1.2/../../../../nios2-elf/lib/mno-hw-mul\libsmallc.a(lib_a-int_errno.o)
 .bss           0x0000ab30        0x0 d:/quartus/quartus2/nios2eds/bin/gnu/h-i686-mingw32/bin/../lib/gcc/nios2-elf/4.1.2/mno-hw-mul\libgcc.a(lib2-divmod.o)
 .bss           0x0000ab30        0x0 d:/quartus/quartus2/nios2eds/bin/gnu/h-i686-mingw32/bin/../lib/gcc/nios2-elf/4.1.2/mno-hw-mul\libgcc.a(lib2-mul.o)
 .bss           0x0000ab30        0x0 ../Bai7_bsp/\libhal_bsp.a(alt_iic.o)
 .bss           0x0000ab30        0x0 ../Bai7_bsp/\libhal_bsp.a(alt_iic_isr_register.o)
 .bss           0x0000ab30        0x0 ../Bai7_bsp/\libhal_bsp.a(alt_irq_entry.o)
 .bss           0x0000ab30        0x0 ../Bai7_bsp/\libhal_bsp.a(alt_irq_handler.o)
 .bss           0x0000ab30        0x0 ../Bai7_bsp/\libhal_bsp.a(alt_irq_vars.o)
 .bss           0x0000ab30        0x0 ../Bai7_bsp/\libhal_bsp.a(alt_load.o)
 .bss           0x0000ab30        0x0 ../Bai7_bsp/\libhal_bsp.a(alt_main.o)
 .bss           0x0000ab30        0x0 ../Bai7_bsp/\libhal_bsp.a(alt_write.o)
 .bss           0x0000ab30        0x0 ../Bai7_bsp/\libhal_bsp.a(alt_sys_init.o)
 .bss           0x0000ab30        0x0 ../Bai7_bsp/\libhal_bsp.a(altera_avalon_jtag_uart_fd.o)
 .bss           0x0000ab30        0x0 ../Bai7_bsp/\libhal_bsp.a(altera_avalon_jtag_uart_read.o)
 .bss           0x0000ab30        0x0 ../Bai7_bsp/\libhal_bsp.a(altera_avalon_jtag_uart_write.o)
 .bss           0x0000ab30        0x0 ../Bai7_bsp/\libhal_bsp.a(alt_close.o)
 .bss           0x0000ab30        0x0 ../Bai7_bsp/\libhal_bsp.a(alt_dcache_flush_all.o)
 .bss           0x0000ab30        0x0 ../Bai7_bsp/\libhal_bsp.a(alt_dev.o)
 .bss           0x0000ab30        0x0 ../Bai7_bsp/\libhal_bsp.a(alt_dev_llist_insert.o)
 .bss           0x0000ab30        0x0 ../Bai7_bsp/\libhal_bsp.a(alt_do_ctors.o)
 .bss           0x0000ab30        0x0 ../Bai7_bsp/\libhal_bsp.a(alt_do_dtors.o)
 .bss           0x0000ab30        0x0 ../Bai7_bsp/\libhal_bsp.a(alt_errno.o)
 .bss           0x0000ab30        0x0 ../Bai7_bsp/\libhal_bsp.a(alt_exception_entry.o)
 .bss           0x0000ab30        0x0 ../Bai7_bsp/\libhal_bsp.a(alt_icache_flush_all.o)
 .bss           0x0000ab30        0x0 ../Bai7_bsp/\libhal_bsp.a(alt_io_redirect.o)
 .bss           0x0000ab30        0x0 ../Bai7_bsp/\libhal_bsp.a(alt_open.o)
 .bss           0x0000ab30        0x0 ../Bai7_bsp/\libhal_bsp.a(alt_release_fd.o)
 .bss           0x0000ab30        0x0 ../Bai7_bsp/\libhal_bsp.a(altera_nios2_qsys_irq.o)
 .bss           0x0000ab30        0x0 ../Bai7_bsp/\libhal_bsp.a(alt_find_dev.o)
 .bss           0x0000ab30        0x0 ../Bai7_bsp/\libhal_bsp.a(alt_find_file.o)
 .bss           0x0000ab30        0x0 ../Bai7_bsp/\libhal_bsp.a(alt_get_fd.o)
 .bss           0x0000ab30        0x0 d:/quartus/quartus2/nios2eds/bin/gnu/h-i686-mingw32/bin/../lib/gcc/nios2-elf/4.1.2/../../../../nios2-elf/lib/mno-hw-mul\libsmallc.a(lib_a-atexit.o)
 .bss           0x0000ab30        0x0 d:/quartus/quartus2/nios2eds/bin/gnu/h-i686-mingw32/bin/../lib/gcc/nios2-elf/4.1.2/../../../../nios2-elf/lib/mno-hw-mul\libsmallc.a(lib_a-exit.o)
 .bss           0x0000ab30        0x0 d:/quartus/quartus2/nios2eds/bin/gnu/h-i686-mingw32/bin/../lib/gcc/nios2-elf/4.1.2/../../../../nios2-elf/lib/mno-hw-mul\libsmallc.a(lib_a-memcmp.o)
 .bss           0x0000ab30        0x0 d:/quartus/quartus2/nios2eds/bin/gnu/h-i686-mingw32/bin/../lib/gcc/nios2-elf/4.1.2/../../../../nios2-elf/lib/mno-hw-mul\libsmallc.a(lib_a-__atexit.o)
 .bss           0x0000ab30        0x0 d:/quartus/quartus2/nios2eds/bin/gnu/h-i686-mingw32/bin/../lib/gcc/nios2-elf/4.1.2/../../../../nios2-elf/lib/mno-hw-mul\libsmallc.a(lib_a-__call_atexit.o)
 .bss           0x0000ab30        0x0 ../Bai7_bsp/\libhal_bsp.a(alt_exit.o)
 *(COMMON)
 COMMON         0x0000ab30      0x100 ../Bai7_bsp/\libhal_bsp.a(alt_irq_handler.o)
                0x0000ab30                alt_irq
 COMMON         0x0000ac30       0x8c d:/quartus/quartus2/nios2eds/bin/gnu/h-i686-mingw32/bin/../lib/gcc/nios2-elf/4.1.2/../../../../nios2-elf/lib/mno-hw-mul\libsmallc.a(lib_a-atexit.o)
                0x0000ac30                _atexit0
                0x0000acbc                . = ALIGN (0x4)
                0x0000acbc                __bss_end = ABSOLUTE (.)

.onchip_memory2_0
                0x0000acbc        0x0
                0x0000acbc                PROVIDE (_alt_partition_onchip_memory2_0_start, ABSOLUTE (.))
 *(.onchip_memory2_0. onchip_memory2_0.*)
                0x0000acbc                . = ALIGN (0x4)
                0x0000acbc                PROVIDE (_alt_partition_onchip_memory2_0_end, ABSOLUTE (.))
                0x0000acbc                _end = ABSOLUTE (.)
                0x0000acbc                end = ABSOLUTE (.)
                0x0000acbc                __alt_stack_base = ABSOLUTE (.)
                0x0000acbc                PROVIDE (_alt_partition_onchip_memory2_0_load_addr, LOADADDR (.onchip_memory2_0))

.stab
 *(.stab)

.stabstr
 *(.stabstr)

.stab.excl
 *(.stab.excl)

.stab.exclstr
 *(.stab.exclstr)

.stab.index
 *(.stab.index)

.stab.indexstr
 *(.stab.indexstr)

.comment        0x00000000       0x26
 *(.comment)
 .comment       0x00000000       0x26 obj/default/source.o
                                 0x27 (size before relaxing)
 .comment       0x00000000       0x27 d:/quartus/quartus2/nios2eds/bin/gnu/h-i686-mingw32/bin/../lib/gcc/nios2-elf/4.1.2/../../../../nios2-elf/lib/mno-hw-mul\libsmallc.a(lib_a-printf.o)
 .comment       0x00000000       0x27 d:/quartus/quartus2/nios2eds/bin/gnu/h-i686-mingw32/bin/../lib/gcc/nios2-elf/4.1.2/../../../../nios2-elf/lib/mno-hw-mul\libsmallc.a(lib_a-vfprintf.o)
 .comment       0x00000000       0x27 d:/quartus/quartus2/nios2eds/bin/gnu/h-i686-mingw32/bin/../lib/gcc/nios2-elf/4.1.2/../../../../nios2-elf/lib/mno-hw-mul\libsmallc.a(lib_a-fvwrite_small_dev.o)
 .comment       0x00000000       0x27 d:/quartus/quartus2/nios2eds/bin/gnu/h-i686-mingw32/bin/../lib/gcc/nios2-elf/4.1.2/../../../../nios2-elf/lib/mno-hw-mul\libsmallc.a(lib_a-impure.o)
 .comment       0x00000000       0x27 d:/quartus/quartus2/nios2eds/bin/gnu/h-i686-mingw32/bin/../lib/gcc/nios2-elf/4.1.2/../../../../nios2-elf/lib/mno-hw-mul\libsmallc.a(lib_a-strlen.o)
 .comment       0x00000000       0x27 d:/quartus/quartus2/nios2eds/bin/gnu/h-i686-mingw32/bin/../lib/gcc/nios2-elf/4.1.2/../../../../nios2-elf/lib/mno-hw-mul\libsmallc.a(lib_a-writer.o)
 .comment       0x00000000       0x27 d:/quartus/quartus2/nios2eds/bin/gnu/h-i686-mingw32/bin/../lib/gcc/nios2-elf/4.1.2/../../../../nios2-elf/lib/mno-hw-mul\libsmallc.a(lib_a-int_errno.o)
 .comment       0x00000000       0x27 d:/quartus/quartus2/nios2eds/bin/gnu/h-i686-mingw32/bin/../lib/gcc/nios2-elf/4.1.2/mno-hw-mul\libgcc.a(lib2-divmod.o)
 .comment       0x00000000       0x27 d:/quartus/quartus2/nios2eds/bin/gnu/h-i686-mingw32/bin/../lib/gcc/nios2-elf/4.1.2/mno-hw-mul\libgcc.a(lib2-mul.o)
 .comment       0x00000000       0x27 ../Bai7_bsp/\libhal_bsp.a(alt_iic.o)
 .comment       0x00000000       0x27 ../Bai7_bsp/\libhal_bsp.a(alt_iic_isr_register.o)
 .comment       0x00000000       0x27 ../Bai7_bsp/\libhal_bsp.a(alt_irq_handler.o)
 .comment       0x00000000       0x27 ../Bai7_bsp/\libhal_bsp.a(alt_irq_vars.o)
 .comment       0x00000000       0x27 ../Bai7_bsp/\libhal_bsp.a(alt_load.o)
 .comment       0x00000000       0x27 ../Bai7_bsp/\libhal_bsp.a(alt_main.o)
 .comment       0x00000000       0x27 ../Bai7_bsp/\libhal_bsp.a(alt_write.o)
 .comment       0x00000000       0x27 ../Bai7_bsp/\libhal_bsp.a(alt_sys_init.o)
 .comment       0x00000000       0x27 ../Bai7_bsp/\libhal_bsp.a(altera_avalon_jtag_uart_fd.o)
 .comment       0x00000000       0x27 ../Bai7_bsp/\libhal_bsp.a(altera_avalon_jtag_uart_read.o)
 .comment       0x00000000       0x27 ../Bai7_bsp/\libhal_bsp.a(altera_avalon_jtag_uart_write.o)
 .comment       0x00000000       0x27 ../Bai7_bsp/\libhal_bsp.a(alt_close.o)
 .comment       0x00000000       0x27 ../Bai7_bsp/\libhal_bsp.a(alt_dcache_flush_all.o)
 .comment       0x00000000       0x27 ../Bai7_bsp/\libhal_bsp.a(alt_dev.o)
 .comment       0x00000000       0x27 ../Bai7_bsp/\libhal_bsp.a(alt_dev_llist_insert.o)
 .comment       0x00000000       0x27 ../Bai7_bsp/\libhal_bsp.a(alt_do_ctors.o)
 .comment       0x00000000       0x27 ../Bai7_bsp/\libhal_bsp.a(alt_do_dtors.o)
 .comment       0x00000000       0x27 ../Bai7_bsp/\libhal_bsp.a(alt_errno.o)
 .comment       0x00000000       0x27 ../Bai7_bsp/\libhal_bsp.a(alt_icache_flush_all.o)
 .comment       0x00000000       0x27 ../Bai7_bsp/\libhal_bsp.a(alt_io_redirect.o)
 .comment       0x00000000       0x27 ../Bai7_bsp/\libhal_bsp.a(alt_open.o)
 .comment       0x00000000       0x27 ../Bai7_bsp/\libhal_bsp.a(alt_release_fd.o)
 .comment       0x00000000       0x27 ../Bai7_bsp/\libhal_bsp.a(altera_nios2_qsys_irq.o)
 .comment       0x00000000       0x27 ../Bai7_bsp/\libhal_bsp.a(alt_find_dev.o)
 .comment       0x00000000       0x27 ../Bai7_bsp/\libhal_bsp.a(alt_find_file.o)
 .comment       0x00000000       0x27 ../Bai7_bsp/\libhal_bsp.a(alt_get_fd.o)
 .comment       0x00000000       0x27 d:/quartus/quartus2/nios2eds/bin/gnu/h-i686-mingw32/bin/../lib/gcc/nios2-elf/4.1.2/../../../../nios2-elf/lib/mno-hw-mul\libsmallc.a(lib_a-atexit.o)
 .comment       0x00000000       0x27 d:/quartus/quartus2/nios2eds/bin/gnu/h-i686-mingw32/bin/../lib/gcc/nios2-elf/4.1.2/../../../../nios2-elf/lib/mno-hw-mul\libsmallc.a(lib_a-exit.o)
 .comment       0x00000000       0x27 d:/quartus/quartus2/nios2eds/bin/gnu/h-i686-mingw32/bin/../lib/gcc/nios2-elf/4.1.2/../../../../nios2-elf/lib/mno-hw-mul\libsmallc.a(lib_a-memcmp.o)
 .comment       0x00000000       0x27 d:/quartus/quartus2/nios2eds/bin/gnu/h-i686-mingw32/bin/../lib/gcc/nios2-elf/4.1.2/../../../../nios2-elf/lib/mno-hw-mul\libsmallc.a(lib_a-__atexit.o)
 .comment       0x00000000       0x27 d:/quartus/quartus2/nios2eds/bin/gnu/h-i686-mingw32/bin/../lib/gcc/nios2-elf/4.1.2/../../../../nios2-elf/lib/mno-hw-mul\libsmallc.a(lib_a-__call_atexit.o)
 .comment       0x00000000       0x27 ../Bai7_bsp/\libhal_bsp.a(alt_exit.o)

.debug
 *(.debug)

.line
 *(.line)

.debug_srcinfo
 *(.debug_srcinfo)

.debug_sfnames
 *(.debug_sfnames)

.debug_aranges  0x00000000      0x558
 *(.debug_aranges)
 .debug_aranges
                0x00000000       0x28 ../Bai7_bsp//obj/HAL/src/crt0.o
 .debug_aranges
                0x00000028       0x20 obj/default/source.o
 .debug_aranges
                0x00000048       0x20 d:/quartus/quartus2/nios2eds/bin/gnu/h-i686-mingw32/bin/../lib/gcc/nios2-elf/4.1.2/../../../../nios2-elf/lib/mno-hw-mul\libsmallc.a(lib_a-printf.o)
 .debug_aranges
                0x00000068       0x20 d:/quartus/quartus2/nios2eds/bin/gnu/h-i686-mingw32/bin/../lib/gcc/nios2-elf/4.1.2/../../../../nios2-elf/lib/mno-hw-mul\libsmallc.a(lib_a-vfprintf.o)
 .debug_aranges
                0x00000088       0x20 d:/quartus/quartus2/nios2eds/bin/gnu/h-i686-mingw32/bin/../lib/gcc/nios2-elf/4.1.2/../../../../nios2-elf/lib/mno-hw-mul\libsmallc.a(lib_a-fvwrite_small_dev.o)
 .debug_aranges
                0x000000a8       0x20 d:/quartus/quartus2/nios2eds/bin/gnu/h-i686-mingw32/bin/../lib/gcc/nios2-elf/4.1.2/../../../../nios2-elf/lib/mno-hw-mul\libsmallc.a(lib_a-strlen.o)
 .debug_aranges
                0x000000c8       0x20 d:/quartus/quartus2/nios2eds/bin/gnu/h-i686-mingw32/bin/../lib/gcc/nios2-elf/4.1.2/../../../../nios2-elf/lib/mno-hw-mul\libsmallc.a(lib_a-writer.o)
 .debug_aranges
                0x000000e8       0x20 d:/quartus/quartus2/nios2eds/bin/gnu/h-i686-mingw32/bin/../lib/gcc/nios2-elf/4.1.2/mno-hw-mul\libgcc.a(lib2-divmod.o)
 .debug_aranges
                0x00000108       0x20 d:/quartus/quartus2/nios2eds/bin/gnu/h-i686-mingw32/bin/../lib/gcc/nios2-elf/4.1.2/mno-hw-mul\libgcc.a(lib2-mul.o)
 .debug_aranges
                0x00000128       0x20 ../Bai7_bsp/\libhal_bsp.a(alt_iic.o)
 .debug_aranges
                0x00000148       0x20 ../Bai7_bsp/\libhal_bsp.a(alt_iic_isr_register.o)
 .debug_aranges
                0x00000168       0x30 ../Bai7_bsp/\libhal_bsp.a(alt_irq_entry.o)
 .debug_aranges
                0x00000198       0x28 ../Bai7_bsp/\libhal_bsp.a(alt_irq_handler.o)
 .debug_aranges
                0x000001c0       0x20 ../Bai7_bsp/\libhal_bsp.a(alt_load.o)
 .debug_aranges
                0x000001e0       0x20 ../Bai7_bsp/\libhal_bsp.a(alt_main.o)
 .debug_aranges
                0x00000200       0x20 ../Bai7_bsp/\libhal_bsp.a(alt_write.o)
 .debug_aranges
                0x00000220       0x20 ../Bai7_bsp/\libhal_bsp.a(alt_sys_init.o)
 .debug_aranges
                0x00000240       0x20 ../Bai7_bsp/\libhal_bsp.a(altera_avalon_jtag_uart_fd.o)
 .debug_aranges
                0x00000260       0x20 ../Bai7_bsp/\libhal_bsp.a(altera_avalon_jtag_uart_read.o)
 .debug_aranges
                0x00000280       0x20 ../Bai7_bsp/\libhal_bsp.a(altera_avalon_jtag_uart_write.o)
 .debug_aranges
                0x000002a0       0x20 ../Bai7_bsp/\libhal_bsp.a(alt_close.o)
 .debug_aranges
                0x000002c0       0x20 ../Bai7_bsp/\libhal_bsp.a(alt_dcache_flush_all.o)
 .debug_aranges
                0x000002e0       0x20 ../Bai7_bsp/\libhal_bsp.a(alt_dev.o)
 .debug_aranges
                0x00000300       0x20 ../Bai7_bsp/\libhal_bsp.a(alt_dev_llist_insert.o)
 .debug_aranges
                0x00000320       0x20 ../Bai7_bsp/\libhal_bsp.a(alt_do_ctors.o)
 .debug_aranges
                0x00000340       0x20 ../Bai7_bsp/\libhal_bsp.a(alt_do_dtors.o)
 .debug_aranges
                0x00000360       0x38 ../Bai7_bsp/\libhal_bsp.a(alt_exception_entry.o)
 .debug_aranges
                0x00000398       0x20 ../Bai7_bsp/\libhal_bsp.a(alt_icache_flush_all.o)
 .debug_aranges
                0x000003b8       0x20 ../Bai7_bsp/\libhal_bsp.a(alt_io_redirect.o)
 .debug_aranges
                0x000003d8       0x20 ../Bai7_bsp/\libhal_bsp.a(alt_open.o)
 .debug_aranges
                0x000003f8       0x20 ../Bai7_bsp/\libhal_bsp.a(alt_release_fd.o)
 .debug_aranges
                0x00000418       0x20 ../Bai7_bsp/\libhal_bsp.a(altera_nios2_qsys_irq.o)
 .debug_aranges
                0x00000438       0x20 ../Bai7_bsp/\libhal_bsp.a(alt_find_dev.o)
 .debug_aranges
                0x00000458       0x20 ../Bai7_bsp/\libhal_bsp.a(alt_find_file.o)
 .debug_aranges
                0x00000478       0x20 ../Bai7_bsp/\libhal_bsp.a(alt_get_fd.o)
 .debug_aranges
                0x00000498       0x20 d:/quartus/quartus2/nios2eds/bin/gnu/h-i686-mingw32/bin/../lib/gcc/nios2-elf/4.1.2/../../../../nios2-elf/lib/mno-hw-mul\libsmallc.a(lib_a-atexit.o)
 .debug_aranges
                0x000004b8       0x20 d:/quartus/quartus2/nios2eds/bin/gnu/h-i686-mingw32/bin/../lib/gcc/nios2-elf/4.1.2/../../../../nios2-elf/lib/mno-hw-mul\libsmallc.a(lib_a-exit.o)
 .debug_aranges
                0x000004d8       0x20 d:/quartus/quartus2/nios2eds/bin/gnu/h-i686-mingw32/bin/../lib/gcc/nios2-elf/4.1.2/../../../../nios2-elf/lib/mno-hw-mul\libsmallc.a(lib_a-memcmp.o)
 .debug_aranges
                0x000004f8       0x20 d:/quartus/quartus2/nios2eds/bin/gnu/h-i686-mingw32/bin/../lib/gcc/nios2-elf/4.1.2/../../../../nios2-elf/lib/mno-hw-mul\libsmallc.a(lib_a-__atexit.o)
 .debug_aranges
                0x00000518       0x20 d:/quartus/quartus2/nios2eds/bin/gnu/h-i686-mingw32/bin/../lib/gcc/nios2-elf/4.1.2/../../../../nios2-elf/lib/mno-hw-mul\libsmallc.a(lib_a-__call_atexit.o)
 .debug_aranges
                0x00000538       0x20 ../Bai7_bsp/\libhal_bsp.a(alt_exit.o)

.debug_pubnames
                0x00000000      0x78a
 *(.debug_pubnames)
 .debug_pubnames
                0x00000000       0x4c obj/default/source.o
 .debug_pubnames
                0x0000004c       0x2b d:/quartus/quartus2/nios2eds/bin/gnu/h-i686-mingw32/bin/../lib/gcc/nios2-elf/4.1.2/../../../../nios2-elf/lib/mno-hw-mul\libsmallc.a(lib_a-printf.o)
 .debug_pubnames
                0x00000077       0x45 d:/quartus/quartus2/nios2eds/bin/gnu/h-i686-mingw32/bin/../lib/gcc/nios2-elf/4.1.2/../../../../nios2-elf/lib/mno-hw-mul\libsmallc.a(lib_a-vfprintf.o)
 .debug_pubnames
                0x000000bc       0x2b d:/quartus/quartus2/nios2eds/bin/gnu/h-i686-mingw32/bin/../lib/gcc/nios2-elf/4.1.2/../../../../nios2-elf/lib/mno-hw-mul\libsmallc.a(lib_a-fvwrite_small_dev.o)
 .debug_pubnames
                0x000000e7       0x39 d:/quartus/quartus2/nios2eds/bin/gnu/h-i686-mingw32/bin/../lib/gcc/nios2-elf/4.1.2/../../../../nios2-elf/lib/mno-hw-mul\libsmallc.a(lib_a-impure.o)
 .debug_pubnames
                0x00000120       0x1d d:/quartus/quartus2/nios2eds/bin/gnu/h-i686-mingw32/bin/../lib/gcc/nios2-elf/4.1.2/../../../../nios2-elf/lib/mno-hw-mul\libsmallc.a(lib_a-strlen.o)
 .debug_pubnames
                0x0000013d       0x1f d:/quartus/quartus2/nios2eds/bin/gnu/h-i686-mingw32/bin/../lib/gcc/nios2-elf/4.1.2/../../../../nios2-elf/lib/mno-hw-mul\libsmallc.a(lib_a-writer.o)
 .debug_pubnames
                0x0000015c       0x1c d:/quartus/quartus2/nios2eds/bin/gnu/h-i686-mingw32/bin/../lib/gcc/nios2-elf/4.1.2/../../../../nios2-elf/lib/mno-hw-mul\libsmallc.a(lib_a-int_errno.o)
 .debug_pubnames
                0x00000178       0x48 d:/quartus/quartus2/nios2eds/bin/gnu/h-i686-mingw32/bin/../lib/gcc/nios2-elf/4.1.2/mno-hw-mul\libgcc.a(lib2-divmod.o)
 .debug_pubnames
                0x000001c0       0x1f d:/quartus/quartus2/nios2eds/bin/gnu/h-i686-mingw32/bin/../lib/gcc/nios2-elf/4.1.2/mno-hw-mul\libgcc.a(lib2-mul.o)
 .debug_pubnames
                0x000001df       0x6e ../Bai7_bsp/\libhal_bsp.a(alt_iic.o)
 .debug_pubnames
                0x0000024d       0x2b ../Bai7_bsp/\libhal_bsp.a(alt_iic_isr_register.o)
 .debug_pubnames
                0x00000278       0x32 ../Bai7_bsp/\libhal_bsp.a(alt_irq_handler.o)
 .debug_pubnames
                0x000002aa       0x3b ../Bai7_bsp/\libhal_bsp.a(alt_irq_vars.o)
 .debug_pubnames
                0x000002e5       0x1f ../Bai7_bsp/\libhal_bsp.a(alt_load.o)
 .debug_pubnames
                0x00000304       0x46 ../Bai7_bsp/\libhal_bsp.a(alt_main.o)
 .debug_pubnames
                0x0000034a       0x1c ../Bai7_bsp/\libhal_bsp.a(alt_write.o)
 .debug_pubnames
                0x00000366       0x34 ../Bai7_bsp/\libhal_bsp.a(alt_sys_init.o)
 .debug_pubnames
                0x0000039a       0x5b ../Bai7_bsp/\libhal_bsp.a(altera_avalon_jtag_uart_fd.o)
 .debug_pubnames
                0x000003f5       0x33 ../Bai7_bsp/\libhal_bsp.a(altera_avalon_jtag_uart_read.o)
 .debug_pubnames
                0x00000428       0x34 ../Bai7_bsp/\libhal_bsp.a(altera_avalon_jtag_uart_write.o)
 .debug_pubnames
                0x0000045c       0x1c ../Bai7_bsp/\libhal_bsp.a(alt_close.o)
 .debug_pubnames
                0x00000478       0x2b ../Bai7_bsp/\libhal_bsp.a(alt_dcache_flush_all.o)
 .debug_pubnames
                0x000004a3       0x63 ../Bai7_bsp/\libhal_bsp.a(alt_dev.o)
 .debug_pubnames
                0x00000506       0x2b ../Bai7_bsp/\libhal_bsp.a(alt_dev_llist_insert.o)
 .debug_pubnames
                0x00000531       0x20 ../Bai7_bsp/\libhal_bsp.a(alt_do_ctors.o)
 .debug_pubnames
                0x00000551       0x20 ../Bai7_bsp/\libhal_bsp.a(alt_do_dtors.o)
 .debug_pubnames
                0x00000571       0x20 ../Bai7_bsp/\libhal_bsp.a(alt_errno.o)
 .debug_pubnames
                0x00000591       0x2b ../Bai7_bsp/\libhal_bsp.a(alt_icache_flush_all.o)
 .debug_pubnames
                0x000005bc       0x26 ../Bai7_bsp/\libhal_bsp.a(alt_io_redirect.o)
 .debug_pubnames
                0x000005e2       0x1b ../Bai7_bsp/\libhal_bsp.a(alt_open.o)
 .debug_pubnames
                0x000005fd       0x25 ../Bai7_bsp/\libhal_bsp.a(alt_release_fd.o)
 .debug_pubnames
                0x00000622       0x31 ../Bai7_bsp/\libhal_bsp.a(altera_nios2_qsys_irq.o)
 .debug_pubnames
                0x00000653       0x23 ../Bai7_bsp/\libhal_bsp.a(alt_find_dev.o)
 .debug_pubnames
                0x00000676       0x24 ../Bai7_bsp/\libhal_bsp.a(alt_find_file.o)
 .debug_pubnames
                0x0000069a       0x21 ../Bai7_bsp/\libhal_bsp.a(alt_get_fd.o)
 .debug_pubnames
                0x000006bb       0x2a d:/quartus/quartus2/nios2eds/bin/gnu/h-i686-mingw32/bin/../lib/gcc/nios2-elf/4.1.2/../../../../nios2-elf/lib/mno-hw-mul\libsmallc.a(lib_a-atexit.o)
 .debug_pubnames
                0x000006e5       0x1b d:/quartus/quartus2/nios2eds/bin/gnu/h-i686-mingw32/bin/../lib/gcc/nios2-elf/4.1.2/../../../../nios2-elf/lib/mno-hw-mul\libsmallc.a(lib_a-exit.o)
 .debug_pubnames
                0x00000700       0x1d d:/quartus/quartus2/nios2eds/bin/gnu/h-i686-mingw32/bin/../lib/gcc/nios2-elf/4.1.2/../../../../nios2-elf/lib/mno-hw-mul\libsmallc.a(lib_a-memcmp.o)
 .debug_pubnames
                0x0000071d       0x2a d:/quartus/quartus2/nios2eds/bin/gnu/h-i686-mingw32/bin/../lib/gcc/nios2-elf/4.1.2/../../../../nios2-elf/lib/mno-hw-mul\libsmallc.a(lib_a-__atexit.o)
 .debug_pubnames
                0x00000747       0x27 d:/quartus/quartus2/nios2eds/bin/gnu/h-i686-mingw32/bin/../lib/gcc/nios2-elf/4.1.2/../../../../nios2-elf/lib/mno-hw-mul\libsmallc.a(lib_a-__call_atexit.o)
 .debug_pubnames
                0x0000076e       0x1c ../Bai7_bsp/\libhal_bsp.a(alt_exit.o)

.debug_info     0x00000000     0x9325
 *(.debug_info .gnu.linkonce.wi.*)
 .debug_info    0x00000000       0x5a ../Bai7_bsp//obj/HAL/src/crt0.o
 .debug_info    0x0000005a      0x19b obj/default/source.o
 .debug_info    0x000001f5      0x6c8 d:/quartus/quartus2/nios2eds/bin/gnu/h-i686-mingw32/bin/../lib/gcc/nios2-elf/4.1.2/../../../../nios2-elf/lib/mno-hw-mul\libsmallc.a(lib_a-printf.o)
 .debug_info    0x000008bd      0x9b6 d:/quartus/quartus2/nios2eds/bin/gnu/h-i686-mingw32/bin/../lib/gcc/nios2-elf/4.1.2/../../../../nios2-elf/lib/mno-hw-mul\libsmallc.a(lib_a-vfprintf.o)
 .debug_info    0x00001273      0x68e d:/quartus/quartus2/nios2eds/bin/gnu/h-i686-mingw32/bin/../lib/gcc/nios2-elf/4.1.2/../../../../nios2-elf/lib/mno-hw-mul\libsmallc.a(lib_a-fvwrite_small_dev.o)
 .debug_info    0x00001901      0x636 d:/quartus/quartus2/nios2eds/bin/gnu/h-i686-mingw32/bin/../lib/gcc/nios2-elf/4.1.2/../../../../nios2-elf/lib/mno-hw-mul\libsmallc.a(lib_a-impure.o)
 .debug_info    0x00001f37       0xc2 d:/quartus/quartus2/nios2eds/bin/gnu/h-i686-mingw32/bin/../lib/gcc/nios2-elf/4.1.2/../../../../nios2-elf/lib/mno-hw-mul\libsmallc.a(lib_a-strlen.o)
 .debug_info    0x00001ff9      0x68c d:/quartus/quartus2/nios2eds/bin/gnu/h-i686-mingw32/bin/../lib/gcc/nios2-elf/4.1.2/../../../../nios2-elf/lib/mno-hw-mul\libsmallc.a(lib_a-writer.o)
 .debug_info    0x00002685       0x8c d:/quartus/quartus2/nios2eds/bin/gnu/h-i686-mingw32/bin/../lib/gcc/nios2-elf/4.1.2/../../../../nios2-elf/lib/mno-hw-mul\libsmallc.a(lib_a-int_errno.o)
 .debug_info    0x00002711      0x21c d:/quartus/quartus2/nios2eds/bin/gnu/h-i686-mingw32/bin/../lib/gcc/nios2-elf/4.1.2/mno-hw-mul\libgcc.a(lib2-divmod.o)
 .debug_info    0x0000292d       0xf3 d:/quartus/quartus2/nios2eds/bin/gnu/h-i686-mingw32/bin/../lib/gcc/nios2-elf/4.1.2/mno-hw-mul\libgcc.a(lib2-mul.o)
 .debug_info    0x00002a20      0x472 ../Bai7_bsp/\libhal_bsp.a(alt_iic.o)
 .debug_info    0x00002e92      0x2f3 ../Bai7_bsp/\libhal_bsp.a(alt_iic_isr_register.o)
 .debug_info    0x00003185       0x63 ../Bai7_bsp/\libhal_bsp.a(alt_irq_entry.o)
 .debug_info    0x000031e8      0x254 ../Bai7_bsp/\libhal_bsp.a(alt_irq_handler.o)
 .debug_info    0x0000343c      0x146 ../Bai7_bsp/\libhal_bsp.a(alt_irq_vars.o)
 .debug_info    0x00003582      0x26c ../Bai7_bsp/\libhal_bsp.a(alt_load.o)
 .debug_info    0x000037ee      0x204 ../Bai7_bsp/\libhal_bsp.a(alt_main.o)
 .debug_info    0x000039f2      0x672 ../Bai7_bsp/\libhal_bsp.a(alt_write.o)
 .debug_info    0x00004064      0x5a2 ../Bai7_bsp/\libhal_bsp.a(alt_sys_init.o)
 .debug_info    0x00004606      0x598 ../Bai7_bsp/\libhal_bsp.a(altera_avalon_jtag_uart_fd.o)
 .debug_info    0x00004b9e      0x2e8 ../Bai7_bsp/\libhal_bsp.a(altera_avalon_jtag_uart_read.o)
 .debug_info    0x00004e86      0x2c5 ../Bai7_bsp/\libhal_bsp.a(altera_avalon_jtag_uart_write.o)
 .debug_info    0x0000514b      0x446 ../Bai7_bsp/\libhal_bsp.a(alt_close.o)
 .debug_info    0x00005591      0x13b ../Bai7_bsp/\libhal_bsp.a(alt_dcache_flush_all.o)
 .debug_info    0x000056cc      0x65e ../Bai7_bsp/\libhal_bsp.a(alt_dev.o)
 .debug_info    0x00005d2a      0x296 ../Bai7_bsp/\libhal_bsp.a(alt_dev_llist_insert.o)
 .debug_info    0x00005fc0       0xee ../Bai7_bsp/\libhal_bsp.a(alt_do_ctors.o)
 .debug_info    0x000060ae       0xed ../Bai7_bsp/\libhal_bsp.a(alt_do_dtors.o)
 .debug_info    0x0000619b      0x143 ../Bai7_bsp/\libhal_bsp.a(alt_errno.o)
 .debug_info    0x000062de       0x69 ../Bai7_bsp/\libhal_bsp.a(alt_exception_entry.o)
 .debug_info    0x00006347      0x13b ../Bai7_bsp/\libhal_bsp.a(alt_icache_flush_all.o)
 .debug_info    0x00006482      0x674 ../Bai7_bsp/\libhal_bsp.a(alt_io_redirect.o)
 .debug_info    0x00006af6      0x504 ../Bai7_bsp/\libhal_bsp.a(alt_open.o)
 .debug_info    0x00006ffa      0x3d1 ../Bai7_bsp/\libhal_bsp.a(alt_release_fd.o)
 .debug_info    0x000073cb      0x142 ../Bai7_bsp/\libhal_bsp.a(altera_nios2_qsys_irq.o)
 .debug_info    0x0000750d      0x3f7 ../Bai7_bsp/\libhal_bsp.a(alt_find_dev.o)
 .debug_info    0x00007904      0x3fe ../Bai7_bsp/\libhal_bsp.a(alt_find_file.o)
 .debug_info    0x00007d02      0x43f ../Bai7_bsp/\libhal_bsp.a(alt_get_fd.o)
 .debug_info    0x00008141      0x186 d:/quartus/quartus2/nios2eds/bin/gnu/h-i686-mingw32/bin/../lib/gcc/nios2-elf/4.1.2/../../../../nios2-elf/lib/mno-hw-mul\libsmallc.a(lib_a-atexit.o)
 .debug_info    0x000082c7       0x9f d:/quartus/quartus2/nios2eds/bin/gnu/h-i686-mingw32/bin/../lib/gcc/nios2-elf/4.1.2/../../../../nios2-elf/lib/mno-hw-mul\libsmallc.a(lib_a-exit.o)
 .debug_info    0x00008366       0xef d:/quartus/quartus2/nios2eds/bin/gnu/h-i686-mingw32/bin/../lib/gcc/nios2-elf/4.1.2/../../../../nios2-elf/lib/mno-hw-mul\libsmallc.a(lib_a-memcmp.o)
 .debug_info    0x00008455      0x68f d:/quartus/quartus2/nios2eds/bin/gnu/h-i686-mingw32/bin/../lib/gcc/nios2-elf/4.1.2/../../../../nios2-elf/lib/mno-hw-mul\libsmallc.a(lib_a-__atexit.o)
 .debug_info    0x00008ae4      0x6d5 d:/quartus/quartus2/nios2eds/bin/gnu/h-i686-mingw32/bin/../lib/gcc/nios2-elf/4.1.2/../../../../nios2-elf/lib/mno-hw-mul\libsmallc.a(lib_a-__call_atexit.o)
 .debug_info    0x000091b9      0x16c ../Bai7_bsp/\libhal_bsp.a(alt_exit.o)

.debug_abbrev   0x00000000     0x23c7
 *(.debug_abbrev)
 .debug_abbrev  0x00000000       0x12 ../Bai7_bsp//obj/HAL/src/crt0.o
 .debug_abbrev  0x00000012       0xa1 obj/default/source.o
 .debug_abbrev  0x000000b3      0x179 d:/quartus/quartus2/nios2eds/bin/gnu/h-i686-mingw32/bin/../lib/gcc/nios2-elf/4.1.2/../../../../nios2-elf/lib/mno-hw-mul\libsmallc.a(lib_a-printf.o)
 .debug_abbrev  0x0000022c      0x263 d:/quartus/quartus2/nios2eds/bin/gnu/h-i686-mingw32/bin/../lib/gcc/nios2-elf/4.1.2/../../../../nios2-elf/lib/mno-hw-mul\libsmallc.a(lib_a-vfprintf.o)
 .debug_abbrev  0x0000048f      0x179 d:/quartus/quartus2/nios2eds/bin/gnu/h-i686-mingw32/bin/../lib/gcc/nios2-elf/4.1.2/../../../../nios2-elf/lib/mno-hw-mul\libsmallc.a(lib_a-fvwrite_small_dev.o)
 .debug_abbrev  0x00000608      0x13f d:/quartus/quartus2/nios2eds/bin/gnu/h-i686-mingw32/bin/../lib/gcc/nios2-elf/4.1.2/../../../../nios2-elf/lib/mno-hw-mul\libsmallc.a(lib_a-impure.o)
 .debug_abbrev  0x00000747       0x7a d:/quartus/quartus2/nios2eds/bin/gnu/h-i686-mingw32/bin/../lib/gcc/nios2-elf/4.1.2/../../../../nios2-elf/lib/mno-hw-mul\libsmallc.a(lib_a-strlen.o)
 .debug_abbrev  0x000007c1      0x16c d:/quartus/quartus2/nios2eds/bin/gnu/h-i686-mingw32/bin/../lib/gcc/nios2-elf/4.1.2/../../../../nios2-elf/lib/mno-hw-mul\libsmallc.a(lib_a-writer.o)
 .debug_abbrev  0x0000092d       0x3b d:/quartus/quartus2/nios2eds/bin/gnu/h-i686-mingw32/bin/../lib/gcc/nios2-elf/4.1.2/../../../../nios2-elf/lib/mno-hw-mul\libsmallc.a(lib_a-int_errno.o)
 .debug_abbrev  0x00000968       0xe0 d:/quartus/quartus2/nios2eds/bin/gnu/h-i686-mingw32/bin/../lib/gcc/nios2-elf/4.1.2/mno-hw-mul\libgcc.a(lib2-divmod.o)
 .debug_abbrev  0x00000a48       0x7b d:/quartus/quartus2/nios2eds/bin/gnu/h-i686-mingw32/bin/../lib/gcc/nios2-elf/4.1.2/mno-hw-mul\libgcc.a(lib2-mul.o)
 .debug_abbrev  0x00000ac3      0x134 ../Bai7_bsp/\libhal_bsp.a(alt_iic.o)
 .debug_abbrev  0x00000bf7      0x14e ../Bai7_bsp/\libhal_bsp.a(alt_iic_isr_register.o)
 .debug_abbrev  0x00000d45       0x12 ../Bai7_bsp/\libhal_bsp.a(alt_irq_entry.o)
 .debug_abbrev  0x00000d57      0x10c ../Bai7_bsp/\libhal_bsp.a(alt_irq_handler.o)
 .debug_abbrev  0x00000e63       0x44 ../Bai7_bsp/\libhal_bsp.a(alt_irq_vars.o)
 .debug_abbrev  0x00000ea7       0x88 ../Bai7_bsp/\libhal_bsp.a(alt_load.o)
 .debug_abbrev  0x00000f2f       0xb7 ../Bai7_bsp/\libhal_bsp.a(alt_main.o)
 .debug_abbrev  0x00000fe6      0x100 ../Bai7_bsp/\libhal_bsp.a(alt_write.o)
 .debug_abbrev  0x000010e6      0x121 ../Bai7_bsp/\libhal_bsp.a(alt_sys_init.o)
 .debug_abbrev  0x00001207       0xcb ../Bai7_bsp/\libhal_bsp.a(altera_avalon_jtag_uart_fd.o)
 .debug_abbrev  0x000012d2       0xb6 ../Bai7_bsp/\libhal_bsp.a(altera_avalon_jtag_uart_read.o)
 .debug_abbrev  0x00001388       0xb4 ../Bai7_bsp/\libhal_bsp.a(altera_avalon_jtag_uart_write.o)
 .debug_abbrev  0x0000143c       0xfb ../Bai7_bsp/\libhal_bsp.a(alt_close.o)
 .debug_abbrev  0x00001537       0x3f ../Bai7_bsp/\libhal_bsp.a(alt_dcache_flush_all.o)
 .debug_abbrev  0x00001576       0xc7 ../Bai7_bsp/\libhal_bsp.a(alt_dev.o)
 .debug_abbrev  0x0000163d       0xf6 ../Bai7_bsp/\libhal_bsp.a(alt_dev_llist_insert.o)
 .debug_abbrev  0x00001733       0x76 ../Bai7_bsp/\libhal_bsp.a(alt_do_ctors.o)
 .debug_abbrev  0x000017a9       0x76 ../Bai7_bsp/\libhal_bsp.a(alt_do_dtors.o)
 .debug_abbrev  0x0000181f       0x5e ../Bai7_bsp/\libhal_bsp.a(alt_errno.o)
 .debug_abbrev  0x0000187d       0x12 ../Bai7_bsp/\libhal_bsp.a(alt_exception_entry.o)
 .debug_abbrev  0x0000188f       0x3f ../Bai7_bsp/\libhal_bsp.a(alt_icache_flush_all.o)
 .debug_abbrev  0x000018ce       0xf0 ../Bai7_bsp/\libhal_bsp.a(alt_io_redirect.o)
 .debug_abbrev  0x000019be      0x112 ../Bai7_bsp/\libhal_bsp.a(alt_open.o)
 .debug_abbrev  0x00001ad0       0xc1 ../Bai7_bsp/\libhal_bsp.a(alt_release_fd.o)
 .debug_abbrev  0x00001b91       0x3f ../Bai7_bsp/\libhal_bsp.a(altera_nios2_qsys_irq.o)
 .debug_abbrev  0x00001bd0       0xcf ../Bai7_bsp/\libhal_bsp.a(alt_find_dev.o)
 .debug_abbrev  0x00001c9f       0xcf ../Bai7_bsp/\libhal_bsp.a(alt_find_file.o)
 .debug_abbrev  0x00001d6e       0xfb ../Bai7_bsp/\libhal_bsp.a(alt_get_fd.o)
 .debug_abbrev  0x00001e69       0xc6 d:/quartus/quartus2/nios2eds/bin/gnu/h-i686-mingw32/bin/../lib/gcc/nios2-elf/4.1.2/../../../../nios2-elf/lib/mno-hw-mul\libsmallc.a(lib_a-atexit.o)
 .debug_abbrev  0x00001f2f       0x4e d:/quartus/quartus2/nios2eds/bin/gnu/h-i686-mingw32/bin/../lib/gcc/nios2-elf/4.1.2/../../../../nios2-elf/lib/mno-hw-mul\libsmallc.a(lib_a-exit.o)
 .debug_abbrev  0x00001f7d       0x7c d:/quartus/quartus2/nios2eds/bin/gnu/h-i686-mingw32/bin/../lib/gcc/nios2-elf/4.1.2/../../../../nios2-elf/lib/mno-hw-mul\libsmallc.a(lib_a-memcmp.o)
 .debug_abbrev  0x00001ff9      0x196 d:/quartus/quartus2/nios2eds/bin/gnu/h-i686-mingw32/bin/../lib/gcc/nios2-elf/4.1.2/../../../../nios2-elf/lib/mno-hw-mul\libsmallc.a(lib_a-__atexit.o)
 .debug_abbrev  0x0000218f      0x1c6 d:/quartus/quartus2/nios2eds/bin/gnu/h-i686-mingw32/bin/../lib/gcc/nios2-elf/4.1.2/../../../../nios2-elf/lib/mno-hw-mul\libsmallc.a(lib_a-__call_atexit.o)
 .debug_abbrev  0x00002355       0x72 ../Bai7_bsp/\libhal_bsp.a(alt_exit.o)

.debug_line     0x00000000     0x6367
 *(.debug_line)
 .debug_line    0x00000000       0x66 ../Bai7_bsp//obj/HAL/src/crt0.o
 .debug_line    0x00000066      0x271 obj/default/source.o
 .debug_line    0x000002d7      0x2be d:/quartus/quartus2/nios2eds/bin/gnu/h-i686-mingw32/bin/../lib/gcc/nios2-elf/4.1.2/../../../../nios2-elf/lib/mno-hw-mul\libsmallc.a(lib_a-printf.o)
 .debug_line    0x00000595      0x666 d:/quartus/quartus2/nios2eds/bin/gnu/h-i686-mingw32/bin/../lib/gcc/nios2-elf/4.1.2/../../../../nios2-elf/lib/mno-hw-mul\libsmallc.a(lib_a-vfprintf.o)
 .debug_line    0x00000bfb      0x2a9 d:/quartus/quartus2/nios2eds/bin/gnu/h-i686-mingw32/bin/../lib/gcc/nios2-elf/4.1.2/../../../../nios2-elf/lib/mno-hw-mul\libsmallc.a(lib_a-fvwrite_small_dev.o)
 .debug_line    0x00000ea4      0x230 d:/quartus/quartus2/nios2eds/bin/gnu/h-i686-mingw32/bin/../lib/gcc/nios2-elf/4.1.2/../../../../nios2-elf/lib/mno-hw-mul\libsmallc.a(lib_a-impure.o)
 .debug_line    0x000010d4      0x250 d:/quartus/quartus2/nios2eds/bin/gnu/h-i686-mingw32/bin/../lib/gcc/nios2-elf/4.1.2/../../../../nios2-elf/lib/mno-hw-mul\libsmallc.a(lib_a-strlen.o)
 .debug_line    0x00001324      0x29d d:/quartus/quartus2/nios2eds/bin/gnu/h-i686-mingw32/bin/../lib/gcc/nios2-elf/4.1.2/../../../../nios2-elf/lib/mno-hw-mul\libsmallc.a(lib_a-writer.o)
 .debug_line    0x000015c1      0x1e2 d:/quartus/quartus2/nios2eds/bin/gnu/h-i686-mingw32/bin/../lib/gcc/nios2-elf/4.1.2/../../../../nios2-elf/lib/mno-hw-mul\libsmallc.a(lib_a-int_errno.o)
 .debug_line    0x000017a3      0x24f d:/quartus/quartus2/nios2eds/bin/gnu/h-i686-mingw32/bin/../lib/gcc/nios2-elf/4.1.2/mno-hw-mul\libgcc.a(lib2-divmod.o)
 .debug_line    0x000019f2      0x11a d:/quartus/quartus2/nios2eds/bin/gnu/h-i686-mingw32/bin/../lib/gcc/nios2-elf/4.1.2/mno-hw-mul\libgcc.a(lib2-mul.o)
 .debug_line    0x00001b0c      0x2cc ../Bai7_bsp/\libhal_bsp.a(alt_iic.o)
 .debug_line    0x00001dd8      0x24d ../Bai7_bsp/\libhal_bsp.a(alt_iic_isr_register.o)
 .debug_line    0x00002025       0x6b ../Bai7_bsp/\libhal_bsp.a(alt_irq_entry.o)
 .debug_line    0x00002090      0x24c ../Bai7_bsp/\libhal_bsp.a(alt_irq_handler.o)
 .debug_line    0x000022dc       0x72 ../Bai7_bsp/\libhal_bsp.a(alt_irq_vars.o)
 .debug_line    0x0000234e      0x21b ../Bai7_bsp/\libhal_bsp.a(alt_load.o)
 .debug_line    0x00002569      0x2ce ../Bai7_bsp/\libhal_bsp.a(alt_main.o)
 .debug_line    0x00002837      0x2cd ../Bai7_bsp/\libhal_bsp.a(alt_write.o)
 .debug_line    0x00002b04      0x2c3 ../Bai7_bsp/\libhal_bsp.a(alt_sys_init.o)
 .debug_line    0x00002dc7      0x1d9 ../Bai7_bsp/\libhal_bsp.a(altera_avalon_jtag_uart_fd.o)
 .debug_line    0x00002fa0      0x347 ../Bai7_bsp/\libhal_bsp.a(altera_avalon_jtag_uart_read.o)
 .debug_line    0x000032e7      0x308 ../Bai7_bsp/\libhal_bsp.a(altera_avalon_jtag_uart_write.o)
 .debug_line    0x000035ef      0x29d ../Bai7_bsp/\libhal_bsp.a(alt_close.o)
 .debug_line    0x0000388c      0x1b9 ../Bai7_bsp/\libhal_bsp.a(alt_dcache_flush_all.o)
 .debug_line    0x00003a45      0x258 ../Bai7_bsp/\libhal_bsp.a(alt_dev.o)
 .debug_line    0x00003c9d      0x25e ../Bai7_bsp/\libhal_bsp.a(alt_dev_llist_insert.o)
 .debug_line    0x00003efb       0x83 ../Bai7_bsp/\libhal_bsp.a(alt_do_ctors.o)
 .debug_line    0x00003f7e       0x83 ../Bai7_bsp/\libhal_bsp.a(alt_do_dtors.o)
 .debug_line    0x00004001      0x1ae ../Bai7_bsp/\libhal_bsp.a(alt_errno.o)
 .debug_line    0x000041af       0xab ../Bai7_bsp/\libhal_bsp.a(alt_exception_entry.o)
 .debug_line    0x0000425a      0x1b9 ../Bai7_bsp/\libhal_bsp.a(alt_icache_flush_all.o)
 .debug_line    0x00004413      0x2b8 ../Bai7_bsp/\libhal_bsp.a(alt_io_redirect.o)
 .debug_line    0x000046cb      0x303 ../Bai7_bsp/\libhal_bsp.a(alt_open.o)
 .debug_line    0x000049ce       0xed ../Bai7_bsp/\libhal_bsp.a(alt_release_fd.o)
 .debug_line    0x00004abb      0x1d2 ../Bai7_bsp/\libhal_bsp.a(altera_nios2_qsys_irq.o)
 .debug_line    0x00004c8d      0x26f ../Bai7_bsp/\libhal_bsp.a(alt_find_dev.o)
 .debug_line    0x00004efc      0x280 ../Bai7_bsp/\libhal_bsp.a(alt_find_file.o)
 .debug_line    0x0000517c      0x29b ../Bai7_bsp/\libhal_bsp.a(alt_get_fd.o)
 .debug_line    0x00005417      0x203 d:/quartus/quartus2/nios2eds/bin/gnu/h-i686-mingw32/bin/../lib/gcc/nios2-elf/4.1.2/../../../../nios2-elf/lib/mno-hw-mul\libsmallc.a(lib_a-atexit.o)
 .debug_line    0x0000561a      0x223 d:/quartus/quartus2/nios2eds/bin/gnu/h-i686-mingw32/bin/../lib/gcc/nios2-elf/4.1.2/../../../../nios2-elf/lib/mno-hw-mul\libsmallc.a(lib_a-exit.o)
 .debug_line    0x0000583d      0x270 d:/quartus/quartus2/nios2eds/bin/gnu/h-i686-mingw32/bin/../lib/gcc/nios2-elf/4.1.2/../../../../nios2-elf/lib/mno-hw-mul\libsmallc.a(lib_a-memcmp.o)
 .debug_line    0x00005aad      0x350 d:/quartus/quartus2/nios2eds/bin/gnu/h-i686-mingw32/bin/../lib/gcc/nios2-elf/4.1.2/../../../../nios2-elf/lib/mno-hw-mul\libsmallc.a(lib_a-__atexit.o)
 .debug_line    0x00005dfd      0x360 d:/quartus/quartus2/nios2eds/bin/gnu/h-i686-mingw32/bin/../lib/gcc/nios2-elf/4.1.2/../../../../nios2-elf/lib/mno-hw-mul\libsmallc.a(lib_a-__call_atexit.o)
 .debug_line    0x0000615d      0x20a ../Bai7_bsp/\libhal_bsp.a(alt_exit.o)

.debug_frame    0x00000000      0x8e4
 *(.debug_frame)
 .debug_frame   0x00000000       0x64 obj/default/source.o
 .debug_frame   0x00000064       0x40 d:/quartus/quartus2/nios2eds/bin/gnu/h-i686-mingw32/bin/../lib/gcc/nios2-elf/4.1.2/../../../../nios2-elf/lib/mno-hw-mul\libsmallc.a(lib_a-printf.o)
 .debug_frame   0x000000a4       0x64 d:/quartus/quartus2/nios2eds/bin/gnu/h-i686-mingw32/bin/../lib/gcc/nios2-elf/4.1.2/../../../../nios2-elf/lib/mno-hw-mul\libsmallc.a(lib_a-vfprintf.o)
 .debug_frame   0x00000108       0x30 d:/quartus/quartus2/nios2eds/bin/gnu/h-i686-mingw32/bin/../lib/gcc/nios2-elf/4.1.2/../../../../nios2-elf/lib/mno-hw-mul\libsmallc.a(lib_a-fvwrite_small_dev.o)
 .debug_frame   0x00000138       0x20 d:/quartus/quartus2/nios2eds/bin/gnu/h-i686-mingw32/bin/../lib/gcc/nios2-elf/4.1.2/../../../../nios2-elf/lib/mno-hw-mul\libsmallc.a(lib_a-strlen.o)
 .debug_frame   0x00000158       0x2c d:/quartus/quartus2/nios2eds/bin/gnu/h-i686-mingw32/bin/../lib/gcc/nios2-elf/4.1.2/../../../../nios2-elf/lib/mno-hw-mul\libsmallc.a(lib_a-writer.o)
 .debug_frame   0x00000184       0x70 d:/quartus/quartus2/nios2eds/bin/gnu/h-i686-mingw32/bin/../lib/gcc/nios2-elf/4.1.2/mno-hw-mul\libgcc.a(lib2-divmod.o)
 .debug_frame   0x000001f4       0x20 d:/quartus/quartus2/nios2eds/bin/gnu/h-i686-mingw32/bin/../lib/gcc/nios2-elf/4.1.2/mno-hw-mul\libgcc.a(lib2-mul.o)
 .debug_frame   0x00000214       0x80 ../Bai7_bsp/\libhal_bsp.a(alt_iic.o)
 .debug_frame   0x00000294       0x2c ../Bai7_bsp/\libhal_bsp.a(alt_iic_isr_register.o)
 .debug_frame   0x000002c0       0x2c ../Bai7_bsp/\libhal_bsp.a(alt_irq_handler.o)
 .debug_frame   0x000002ec       0x48 ../Bai7_bsp/\libhal_bsp.a(alt_load.o)
 .debug_frame   0x00000334       0x2c ../Bai7_bsp/\libhal_bsp.a(alt_main.o)
 .debug_frame   0x00000360       0x48 ../Bai7_bsp/\libhal_bsp.a(alt_write.o)
 .debug_frame   0x000003a8       0x64 ../Bai7_bsp/\libhal_bsp.a(alt_sys_init.o)
 .debug_frame   0x0000040c       0x48 ../Bai7_bsp/\libhal_bsp.a(altera_avalon_jtag_uart_fd.o)
 .debug_frame   0x00000454       0x2c ../Bai7_bsp/\libhal_bsp.a(altera_avalon_jtag_uart_read.o)
 .debug_frame   0x00000480       0x2c ../Bai7_bsp/\libhal_bsp.a(altera_avalon_jtag_uart_write.o)
 .debug_frame   0x000004ac       0x48 ../Bai7_bsp/\libhal_bsp.a(alt_close.o)
 .debug_frame   0x000004f4       0x2c ../Bai7_bsp/\libhal_bsp.a(alt_dcache_flush_all.o)
 .debug_frame   0x00000520       0x2c ../Bai7_bsp/\libhal_bsp.a(alt_dev.o)
 .debug_frame   0x0000054c       0x48 ../Bai7_bsp/\libhal_bsp.a(alt_dev_llist_insert.o)
 .debug_frame   0x00000594       0x2c ../Bai7_bsp/\libhal_bsp.a(alt_do_ctors.o)
 .debug_frame   0x000005c0       0x2c ../Bai7_bsp/\libhal_bsp.a(alt_do_dtors.o)
 .debug_frame   0x000005ec       0x2c ../Bai7_bsp/\libhal_bsp.a(alt_icache_flush_all.o)
 .debug_frame   0x00000618       0x4c ../Bai7_bsp/\libhal_bsp.a(alt_io_redirect.o)
 .debug_frame   0x00000664       0x68 ../Bai7_bsp/\libhal_bsp.a(alt_open.o)
 .debug_frame   0x000006cc       0x30 ../Bai7_bsp/\libhal_bsp.a(alt_release_fd.o)
 .debug_frame   0x000006fc       0x2c ../Bai7_bsp/\libhal_bsp.a(altera_nios2_qsys_irq.o)
 .debug_frame   0x00000728       0x2c ../Bai7_bsp/\libhal_bsp.a(alt_find_dev.o)
 .debug_frame   0x00000754       0x2c ../Bai7_bsp/\libhal_bsp.a(alt_find_file.o)
 .debug_frame   0x00000780       0x30 ../Bai7_bsp/\libhal_bsp.a(alt_get_fd.o)
 .debug_frame   0x000007b0       0x20 d:/quartus/quartus2/nios2eds/bin/gnu/h-i686-mingw32/bin/../lib/gcc/nios2-elf/4.1.2/../../../../nios2-elf/lib/mno-hw-mul\libsmallc.a(lib_a-atexit.o)
 .debug_frame   0x000007d0       0x2c d:/quartus/quartus2/nios2eds/bin/gnu/h-i686-mingw32/bin/../lib/gcc/nios2-elf/4.1.2/../../../../nios2-elf/lib/mno-hw-mul\libsmallc.a(lib_a-exit.o)
 .debug_frame   0x000007fc       0x20 d:/quartus/quartus2/nios2eds/bin/gnu/h-i686-mingw32/bin/../lib/gcc/nios2-elf/4.1.2/../../../../nios2-elf/lib/mno-hw-mul\libsmallc.a(lib_a-memcmp.o)
 .debug_frame   0x0000081c       0x34 d:/quartus/quartus2/nios2eds/bin/gnu/h-i686-mingw32/bin/../lib/gcc/nios2-elf/4.1.2/../../../../nios2-elf/lib/mno-hw-mul\libsmallc.a(lib_a-__atexit.o)
 .debug_frame   0x00000850       0x4c d:/quartus/quartus2/nios2eds/bin/gnu/h-i686-mingw32/bin/../lib/gcc/nios2-elf/4.1.2/../../../../nios2-elf/lib/mno-hw-mul\libsmallc.a(lib_a-__call_atexit.o)
 .debug_frame   0x0000089c       0x48 ../Bai7_bsp/\libhal_bsp.a(alt_exit.o)

.debug_str      0x00000000      0xd72
 *(.debug_str)
 .debug_str     0x00000000       0x12 obj/default/source.o
 .debug_str     0x00000012      0x406 d:/quartus/quartus2/nios2eds/bin/gnu/h-i686-mingw32/bin/../lib/gcc/nios2-elf/4.1.2/../../../../nios2-elf/lib/mno-hw-mul\libsmallc.a(lib_a-printf.o)
                                0x466 (size before relaxing)
 .debug_str     0x00000418      0x168 d:/quartus/quartus2/nios2eds/bin/gnu/h-i686-mingw32/bin/../lib/gcc/nios2-elf/4.1.2/../../../../nios2-elf/lib/mno-hw-mul\libsmallc.a(lib_a-vfprintf.o)
                                0x5af (size before relaxing)
 .debug_str     0x00000580       0x70 d:/quartus/quartus2/nios2eds/bin/gnu/h-i686-mingw32/bin/../lib/gcc/nios2-elf/4.1.2/../../../../nios2-elf/lib/mno-hw-mul\libsmallc.a(lib_a-fvwrite_small_dev.o)
                                0x46a (size before relaxing)
 .debug_str     0x000005f0       0xf8 d:/quartus/quartus2/nios2eds/bin/gnu/h-i686-mingw32/bin/../lib/gcc/nios2-elf/4.1.2/../../../../nios2-elf/lib/mno-hw-mul\libsmallc.a(lib_a-impure.o)
                                0x45d (size before relaxing)
 .debug_str     0x000006e8       0xe2 d:/quartus/quartus2/nios2eds/bin/gnu/h-i686-mingw32/bin/../lib/gcc/nios2-elf/4.1.2/../../../../nios2-elf/lib/mno-hw-mul\libsmallc.a(lib_a-strlen.o)
                                0x184 (size before relaxing)
 .debug_str     0x000007ca       0x4f d:/quartus/quartus2/nios2eds/bin/gnu/h-i686-mingw32/bin/../lib/gcc/nios2-elf/4.1.2/../../../../nios2-elf/lib/mno-hw-mul\libsmallc.a(lib_a-writer.o)
                                0x451 (size before relaxing)
 .debug_str     0x00000819       0x40 d:/quartus/quartus2/nios2eds/bin/gnu/h-i686-mingw32/bin/../lib/gcc/nios2-elf/4.1.2/../../../../nios2-elf/lib/mno-hw-mul\libsmallc.a(lib_a-int_errno.o)
                                0x177 (size before relaxing)
 .debug_str     0x00000859      0x10b d:/quartus/quartus2/nios2eds/bin/gnu/h-i686-mingw32/bin/../lib/gcc/nios2-elf/4.1.2/mno-hw-mul\libgcc.a(lib2-divmod.o)
                                0x1b4 (size before relaxing)
 .debug_str     0x00000964       0x37 d:/quartus/quartus2/nios2eds/bin/gnu/h-i686-mingw32/bin/../lib/gcc/nios2-elf/4.1.2/mno-hw-mul\libgcc.a(lib2-mul.o)
                                0x175 (size before relaxing)
 .debug_str     0x0000099b       0x18 ../Bai7_bsp/\libhal_bsp.a(alt_iic.o)
 .debug_str     0x000009b3       0x1a ../Bai7_bsp/\libhal_bsp.a(alt_iic_isr_register.o)
 .debug_str     0x000009cd       0x12 ../Bai7_bsp/\libhal_bsp.a(alt_irq_handler.o)
 .debug_str     0x000009df       0x12 ../Bai7_bsp/\libhal_bsp.a(alt_load.o)
 .debug_str     0x000009f1       0x12 ../Bai7_bsp/\libhal_bsp.a(alt_main.o)
 .debug_str     0x00000a03       0x12 ../Bai7_bsp/\libhal_bsp.a(alt_write.o)
 .debug_str     0x00000a15       0x12 ../Bai7_bsp/\libhal_bsp.a(alt_sys_init.o)
 .debug_str     0x00000a27       0x12 ../Bai7_bsp/\libhal_bsp.a(altera_avalon_jtag_uart_read.o)
 .debug_str     0x00000a39       0x12 ../Bai7_bsp/\libhal_bsp.a(altera_avalon_jtag_uart_write.o)
 .debug_str     0x00000a4b       0x12 ../Bai7_bsp/\libhal_bsp.a(alt_close.o)
 .debug_str     0x00000a5d       0x12 ../Bai7_bsp/\libhal_bsp.a(alt_dcache_flush_all.o)
 .debug_str     0x00000a6f       0x12 ../Bai7_bsp/\libhal_bsp.a(alt_dev.o)
 .debug_str     0x00000a81       0x12 ../Bai7_bsp/\libhal_bsp.a(alt_dev_llist_insert.o)
 .debug_str     0x00000a93       0x12 ../Bai7_bsp/\libhal_bsp.a(alt_errno.o)
 .debug_str     0x00000aa5       0x12 ../Bai7_bsp/\libhal_bsp.a(alt_icache_flush_all.o)
 .debug_str     0x00000ab7       0x12 ../Bai7_bsp/\libhal_bsp.a(alt_io_redirect.o)
 .debug_str     0x00000ac9       0x12 ../Bai7_bsp/\libhal_bsp.a(alt_open.o)
 .debug_str     0x00000adb       0x12 ../Bai7_bsp/\libhal_bsp.a(altera_nios2_qsys_irq.o)
 .debug_str     0x00000aed       0x12 ../Bai7_bsp/\libhal_bsp.a(alt_find_dev.o)
 .debug_str     0x00000aff       0x12 ../Bai7_bsp/\libhal_bsp.a(alt_find_file.o)
 .debug_str     0x00000b11       0x12 ../Bai7_bsp/\libhal_bsp.a(alt_get_fd.o)
 .debug_str     0x00000b23       0xdb d:/quartus/quartus2/nios2eds/bin/gnu/h-i686-mingw32/bin/../lib/gcc/nios2-elf/4.1.2/../../../../nios2-elf/lib/mno-hw-mul\libsmallc.a(lib_a-atexit.o)
                                0x1e5 (size before relaxing)
 .debug_str     0x00000bfe       0x41 d:/quartus/quartus2/nios2eds/bin/gnu/h-i686-mingw32/bin/../lib/gcc/nios2-elf/4.1.2/../../../../nios2-elf/lib/mno-hw-mul\libsmallc.a(lib_a-exit.o)
                                0x178 (size before relaxing)
 .debug_str     0x00000c3f       0x45 d:/quartus/quartus2/nios2eds/bin/gnu/h-i686-mingw32/bin/../lib/gcc/nios2-elf/4.1.2/../../../../nios2-elf/lib/mno-hw-mul\libsmallc.a(lib_a-memcmp.o)
                                0x17e (size before relaxing)
 .debug_str     0x00000c84       0x54 d:/quartus/quartus2/nios2eds/bin/gnu/h-i686-mingw32/bin/../lib/gcc/nios2-elf/4.1.2/../../../../nios2-elf/lib/mno-hw-mul\libsmallc.a(lib_a-__atexit.o)
                                0x467 (size before relaxing)
 .debug_str     0x00000cd8       0x7e d:/quartus/quartus2/nios2eds/bin/gnu/h-i686-mingw32/bin/../lib/gcc/nios2-elf/4.1.2/../../../../nios2-elf/lib/mno-hw-mul\libsmallc.a(lib_a-__call_atexit.o)
                                0x491 (size before relaxing)
 .debug_str     0x00000d56       0x1c ../Bai7_bsp/\libhal_bsp.a(alt_exit.o)

.debug_loc      0x00000000     0x1818
 *(.debug_loc)
 .debug_loc     0x00000000       0x81 obj/default/source.o
 .debug_loc     0x00000081       0x8d d:/quartus/quartus2/nios2eds/bin/gnu/h-i686-mingw32/bin/../lib/gcc/nios2-elf/4.1.2/../../../../nios2-elf/lib/mno-hw-mul\libsmallc.a(lib_a-printf.o)
 .debug_loc     0x0000010e      0x878 d:/quartus/quartus2/nios2eds/bin/gnu/h-i686-mingw32/bin/../lib/gcc/nios2-elf/4.1.2/../../../../nios2-elf/lib/mno-hw-mul\libsmallc.a(lib_a-vfprintf.o)
 .debug_loc     0x00000986      0x162 d:/quartus/quartus2/nios2eds/bin/gnu/h-i686-mingw32/bin/../lib/gcc/nios2-elf/4.1.2/../../../../nios2-elf/lib/mno-hw-mul\libsmallc.a(lib_a-fvwrite_small_dev.o)
 .debug_loc     0x00000ae8       0x1e d:/quartus/quartus2/nios2eds/bin/gnu/h-i686-mingw32/bin/../lib/gcc/nios2-elf/4.1.2/../../../../nios2-elf/lib/mno-hw-mul\libsmallc.a(lib_a-strlen.o)
 .debug_loc     0x00000b06       0x97 d:/quartus/quartus2/nios2eds/bin/gnu/h-i686-mingw32/bin/../lib/gcc/nios2-elf/4.1.2/../../../../nios2-elf/lib/mno-hw-mul\libsmallc.a(lib_a-writer.o)
 .debug_loc     0x00000b9d      0x1d2 d:/quartus/quartus2/nios2eds/bin/gnu/h-i686-mingw32/bin/../lib/gcc/nios2-elf/4.1.2/mno-hw-mul\libgcc.a(lib2-divmod.o)
 .debug_loc     0x00000d6f       0x4f d:/quartus/quartus2/nios2eds/bin/gnu/h-i686-mingw32/bin/../lib/gcc/nios2-elf/4.1.2/mno-hw-mul\libgcc.a(lib2-mul.o)
 .debug_loc     0x00000dbe       0xac ../Bai7_bsp/\libhal_bsp.a(alt_iic.o)
 .debug_loc     0x00000e6a       0x2b ../Bai7_bsp/\libhal_bsp.a(alt_iic_isr_register.o)
 .debug_loc     0x00000e95       0x2b ../Bai7_bsp/\libhal_bsp.a(alt_irq_handler.o)
 .debug_loc     0x00000ec0       0x56 ../Bai7_bsp/\libhal_bsp.a(alt_load.o)
 .debug_loc     0x00000f16       0x2b ../Bai7_bsp/\libhal_bsp.a(alt_main.o)
 .debug_loc     0x00000f41       0x56 ../Bai7_bsp/\libhal_bsp.a(alt_write.o)
 .debug_loc     0x00000f97       0x81 ../Bai7_bsp/\libhal_bsp.a(alt_sys_init.o)
 .debug_loc     0x00001018       0x56 ../Bai7_bsp/\libhal_bsp.a(altera_avalon_jtag_uart_fd.o)
 .debug_loc     0x0000106e       0x2b ../Bai7_bsp/\libhal_bsp.a(altera_avalon_jtag_uart_read.o)
 .debug_loc     0x00001099       0x2b ../Bai7_bsp/\libhal_bsp.a(altera_avalon_jtag_uart_write.o)
 .debug_loc     0x000010c4       0x56 ../Bai7_bsp/\libhal_bsp.a(alt_close.o)
 .debug_loc     0x0000111a       0x2b ../Bai7_bsp/\libhal_bsp.a(alt_dcache_flush_all.o)
 .debug_loc     0x00001145       0x2b ../Bai7_bsp/\libhal_bsp.a(alt_dev.o)
 .debug_loc     0x00001170       0x56 ../Bai7_bsp/\libhal_bsp.a(alt_dev_llist_insert.o)
 .debug_loc     0x000011c6       0x2b ../Bai7_bsp/\libhal_bsp.a(alt_do_ctors.o)
 .debug_loc     0x000011f1       0x2b ../Bai7_bsp/\libhal_bsp.a(alt_do_dtors.o)
 .debug_loc     0x0000121c       0x2b ../Bai7_bsp/\libhal_bsp.a(alt_icache_flush_all.o)
 .debug_loc     0x00001247       0x56 ../Bai7_bsp/\libhal_bsp.a(alt_io_redirect.o)
 .debug_loc     0x0000129d       0x81 ../Bai7_bsp/\libhal_bsp.a(alt_open.o)
 .debug_loc     0x0000131e       0x2b ../Bai7_bsp/\libhal_bsp.a(alt_release_fd.o)
 .debug_loc     0x00001349       0x2b ../Bai7_bsp/\libhal_bsp.a(altera_nios2_qsys_irq.o)
 .debug_loc     0x00001374       0x2b ../Bai7_bsp/\libhal_bsp.a(alt_find_dev.o)
 .debug_loc     0x0000139f       0x2b ../Bai7_bsp/\libhal_bsp.a(alt_find_file.o)
 .debug_loc     0x000013ca       0x2b ../Bai7_bsp/\libhal_bsp.a(alt_get_fd.o)
 .debug_loc     0x000013f5       0x1e d:/quartus/quartus2/nios2eds/bin/gnu/h-i686-mingw32/bin/../lib/gcc/nios2-elf/4.1.2/../../../../nios2-elf/lib/mno-hw-mul\libsmallc.a(lib_a-atexit.o)
 .debug_loc     0x00001413       0x3d d:/quartus/quartus2/nios2eds/bin/gnu/h-i686-mingw32/bin/../lib/gcc/nios2-elf/4.1.2/../../../../nios2-elf/lib/mno-hw-mul\libsmallc.a(lib_a-exit.o)
 .debug_loc     0x00001450       0x70 d:/quartus/quartus2/nios2eds/bin/gnu/h-i686-mingw32/bin/../lib/gcc/nios2-elf/4.1.2/../../../../nios2-elf/lib/mno-hw-mul\libsmallc.a(lib_a-memcmp.o)
 .debug_loc     0x000014c0      0x141 d:/quartus/quartus2/nios2eds/bin/gnu/h-i686-mingw32/bin/../lib/gcc/nios2-elf/4.1.2/../../../../nios2-elf/lib/mno-hw-mul\libsmallc.a(lib_a-__atexit.o)
 .debug_loc     0x00001601      0x1c1 d:/quartus/quartus2/nios2eds/bin/gnu/h-i686-mingw32/bin/../lib/gcc/nios2-elf/4.1.2/../../../../nios2-elf/lib/mno-hw-mul\libsmallc.a(lib_a-__call_atexit.o)
 .debug_loc     0x000017c2       0x56 ../Bai7_bsp/\libhal_bsp.a(alt_exit.o)

.debug_macinfo
 *(.debug_macinfo)

.debug_weaknames
 *(.debug_weaknames)

.debug_funcnames
 *(.debug_funcnames)

.debug_typenames
 *(.debug_typenames)

.debug_varnames
 *(.debug_varnames)

.debug_alt_sim_info
                0x00000000       0x10
 *(.debug_alt_sim_info)
 .debug_alt_sim_info
                0x00000000       0x10 ../Bai7_bsp//obj/HAL/src/crt0.o
                0x00010000                __alt_data_end = 0x10000
                0x00010000                PROVIDE (__alt_stack_pointer, __alt_data_end)
                0x0000acbc                PROVIDE (__alt_stack_limit, __alt_stack_base)
                0x0000acbc                PROVIDE (__alt_heap_start, end)
                0x00010000                PROVIDE (__alt_heap_limit, 0x10000)
OUTPUT(Bai7.elf elf32-littlenios2)

.debug_ranges   0x00000000      0x1d0
 .debug_ranges  0x00000000       0x20 ../Bai7_bsp//obj/HAL/src/crt0.o
 .debug_ranges  0x00000020      0x140 d:/quartus/quartus2/nios2eds/bin/gnu/h-i686-mingw32/bin/../lib/gcc/nios2-elf/4.1.2/../../../../nios2-elf/lib/mno-hw-mul\libsmallc.a(lib_a-vfprintf.o)
 .debug_ranges  0x00000160       0x28 ../Bai7_bsp/\libhal_bsp.a(alt_irq_entry.o)
 .debug_ranges  0x00000188       0x30 ../Bai7_bsp/\libhal_bsp.a(alt_exception_entry.o)
 .debug_ranges  0x000001b8       0x18 d:/quartus/quartus2/nios2eds/bin/gnu/h-i686-mingw32/bin/../lib/gcc/nios2-elf/4.1.2/../../../../nios2-elf/lib/mno-hw-mul\libsmallc.a(lib_a-__call_atexit.o)
