Archive member included because of file (symbol)

../Bai2_Them_bsp/\libhal_bsp.a(alt_load.o)
                              ../Bai2_Them_bsp//obj/HAL/src/crt0.o (alt_load)
../Bai2_Them_bsp/\libhal_bsp.a(alt_main.o)
                              ../Bai2_Them_bsp//obj/HAL/src/crt0.o (alt_main)
../Bai2_Them_bsp/\libhal_bsp.a(alt_sys_init.o)
                              ../Bai2_Them_bsp/\libhal_bsp.a(alt_main.o) (alt_irq_init)
../Bai2_Them_bsp/\libhal_bsp.a(altera_avalon_jtag_uart_fd.o)
                              ../Bai2_Them_bsp/\libhal_bsp.a(alt_sys_init.o) (altera_avalon_jtag_uart_read_fd)
../Bai2_Them_bsp/\libhal_bsp.a(altera_avalon_jtag_uart_read.o)
                              ../Bai2_Them_bsp/\libhal_bsp.a(altera_avalon_jtag_uart_fd.o) (altera_avalon_jtag_uart_read)
../Bai2_Them_bsp/\libhal_bsp.a(altera_avalon_jtag_uart_write.o)
                              ../Bai2_Them_bsp/\libhal_bsp.a(altera_avalon_jtag_uart_fd.o) (altera_avalon_jtag_uart_write)
../Bai2_Them_bsp/\libhal_bsp.a(alt_close.o)
                              ../Bai2_Them_bsp/\libhal_bsp.a(alt_main.o) (close)
../Bai2_Them_bsp/\libhal_bsp.a(alt_dcache_flush_all.o)
                              ../Bai2_Them_bsp/\libhal_bsp.a(alt_load.o) (alt_dcache_flush_all)
../Bai2_Them_bsp/\libhal_bsp.a(alt_dev.o)
                              ../Bai2_Them_bsp/\libhal_bsp.a(alt_sys_init.o) (alt_dev_list)
../Bai2_Them_bsp/\libhal_bsp.a(alt_dev_llist_insert.o)
                              ../Bai2_Them_bsp/\libhal_bsp.a(alt_sys_init.o) (alt_dev_llist_insert)
../Bai2_Them_bsp/\libhal_bsp.a(alt_do_ctors.o)
                              ../Bai2_Them_bsp/\libhal_bsp.a(alt_main.o) (_do_ctors)
../Bai2_Them_bsp/\libhal_bsp.a(alt_do_dtors.o)
                              ../Bai2_Them_bsp/\libhal_bsp.a(alt_main.o) (_do_dtors)
../Bai2_Them_bsp/\libhal_bsp.a(alt_errno.o)
                              ../Bai2_Them_bsp/\libhal_bsp.a(alt_close.o) (alt_errno)
../Bai2_Them_bsp/\libhal_bsp.a(alt_icache_flush_all.o)
                              ../Bai2_Them_bsp/\libhal_bsp.a(alt_load.o) (alt_icache_flush_all)
../Bai2_Them_bsp/\libhal_bsp.a(alt_io_redirect.o)
                              ../Bai2_Them_bsp/\libhal_bsp.a(alt_main.o) (alt_io_redirect)
../Bai2_Them_bsp/\libhal_bsp.a(alt_open.o)
                              ../Bai2_Them_bsp/\libhal_bsp.a(alt_io_redirect.o) (open)
../Bai2_Them_bsp/\libhal_bsp.a(alt_release_fd.o)
                              ../Bai2_Them_bsp/\libhal_bsp.a(alt_close.o) (alt_release_fd)
../Bai2_Them_bsp/\libhal_bsp.a(altera_nios2_qsys_irq.o)
                              ../Bai2_Them_bsp/\libhal_bsp.a(alt_sys_init.o) (altera_nios2_qsys_irq_init)
../Bai2_Them_bsp/\libhal_bsp.a(alt_find_dev.o)
                              ../Bai2_Them_bsp/\libhal_bsp.a(alt_open.o) (alt_find_dev)
../Bai2_Them_bsp/\libhal_bsp.a(alt_find_file.o)
                              ../Bai2_Them_bsp/\libhal_bsp.a(alt_open.o) (alt_find_file)
../Bai2_Them_bsp/\libhal_bsp.a(alt_get_fd.o)
                              ../Bai2_Them_bsp/\libhal_bsp.a(alt_open.o) (alt_get_fd)
e:/quartus/nios2eds/bin/gnu/h-i686-mingw32/bin/../lib/gcc/nios2-elf/4.1.2/../../../../nios2-elf/lib/mno-hw-mul\libsmallc.a(lib_a-atexit.o)
                              ../Bai2_Them_bsp/\libhal_bsp.a(alt_main.o) (atexit)
e:/quartus/nios2eds/bin/gnu/h-i686-mingw32/bin/../lib/gcc/nios2-elf/4.1.2/../../../../nios2-elf/lib/mno-hw-mul\libsmallc.a(lib_a-exit.o)
                              ../Bai2_Them_bsp/\libhal_bsp.a(alt_main.o) (exit)
e:/quartus/nios2eds/bin/gnu/h-i686-mingw32/bin/../lib/gcc/nios2-elf/4.1.2/../../../../nios2-elf/lib/mno-hw-mul\libsmallc.a(lib_a-int_errno.o)
                              ../Bai2_Them_bsp/\libhal_bsp.a(alt_close.o) (errno)
e:/quartus/nios2eds/bin/gnu/h-i686-mingw32/bin/../lib/gcc/nios2-elf/4.1.2/../../../../nios2-elf/lib/mno-hw-mul\libsmallc.a(lib_a-memcmp.o)
                              ../Bai2_Them_bsp/\libhal_bsp.a(alt_find_dev.o) (memcmp)
e:/quartus/nios2eds/bin/gnu/h-i686-mingw32/bin/../lib/gcc/nios2-elf/4.1.2/../../../../nios2-elf/lib/mno-hw-mul\libsmallc.a(lib_a-strlen.o)
                              ../Bai2_Them_bsp/\libhal_bsp.a(alt_find_dev.o) (strlen)
e:/quartus/nios2eds/bin/gnu/h-i686-mingw32/bin/../lib/gcc/nios2-elf/4.1.2/../../../../nios2-elf/lib/mno-hw-mul\libsmallc.a(lib_a-__atexit.o)
                              e:/quartus/nios2eds/bin/gnu/h-i686-mingw32/bin/../lib/gcc/nios2-elf/4.1.2/../../../../nios2-elf/lib/mno-hw-mul\libsmallc.a(lib_a-atexit.o) (__register_exitproc)
e:/quartus/nios2eds/bin/gnu/h-i686-mingw32/bin/../lib/gcc/nios2-elf/4.1.2/../../../../nios2-elf/lib/mno-hw-mul\libsmallc.a(lib_a-__call_atexit.o)
                              e:/quartus/nios2eds/bin/gnu/h-i686-mingw32/bin/../lib/gcc/nios2-elf/4.1.2/../../../../nios2-elf/lib/mno-hw-mul\libsmallc.a(lib_a-exit.o) (__call_exitprocs)
e:/quartus/nios2eds/bin/gnu/h-i686-mingw32/bin/../lib/gcc/nios2-elf/4.1.2/../../../../nios2-elf/lib/mno-hw-mul\libsmallc.a(lib_a-impure.o)
                              e:/quartus/nios2eds/bin/gnu/h-i686-mingw32/bin/../lib/gcc/nios2-elf/4.1.2/../../../../nios2-elf/lib/mno-hw-mul\libsmallc.a(lib_a-__atexit.o) (_global_impure_ptr)
e:/quartus/nios2eds/bin/gnu/h-i686-mingw32/bin/../lib/gcc/nios2-elf/4.1.2/mno-hw-mul\libgcc.a(lib2-mul.o)
                              ../Bai2_Them_bsp/\libhal_bsp.a(alt_close.o) (__mulsi3)
../Bai2_Them_bsp/\libhal_bsp.a(alt_exit.o)
                              e:/quartus/nios2eds/bin/gnu/h-i686-mingw32/bin/../lib/gcc/nios2-elf/4.1.2/../../../../nios2-elf/lib/mno-hw-mul\libsmallc.a(lib_a-exit.o) (_exit)

Allocating common symbols
Common symbol       size              file

errno               0x4               e:/quartus/nios2eds/bin/gnu/h-i686-mingw32/bin/../lib/gcc/nios2-elf/4.1.2/../../../../nios2-elf/lib/mno-hw-mul\libsmallc.a(lib_a-int_errno.o)
_atexit0            0x8c              e:/quartus/nios2eds/bin/gnu/h-i686-mingw32/bin/../lib/gcc/nios2-elf/4.1.2/../../../../nios2-elf/lib/mno-hw-mul\libsmallc.a(lib_a-atexit.o)

Memory Configuration

Name             Origin             Length             Attributes
reset            0x00008000         0x00000020
onchip_memory2_0 0x00008020         0x00007fe0
*default*        0x00000000         0xffffffff

Linker script and memory map

LOAD ../Bai2_Them_bsp//obj/HAL/src/crt0.o
LOAD obj/default/source.o
LOAD e:/quartus/nios2eds/bin/gnu/h-i686-mingw32/bin/../lib/gcc/nios2-elf/4.1.2/../../../../nios2-elf/lib/mno-hw-mul\libstdc++.a
LOAD e:/quartus/nios2eds/bin/gnu/h-i686-mingw32/bin/../lib/gcc/nios2-elf/4.1.2/../../../../nios2-elf/lib/mno-hw-mul\libm.a
LOAD e:/quartus/nios2eds/bin/gnu/h-i686-mingw32/bin/../lib/gcc/nios2-elf/4.1.2/mno-hw-mul\libgcc.a
START GROUP
LOAD e:/quartus/nios2eds/bin/gnu/h-i686-mingw32/bin/../lib/gcc/nios2-elf/4.1.2/../../../../nios2-elf/lib/mno-hw-mul\libsmallc.a
LOAD e:/quartus/nios2eds/bin/gnu/h-i686-mingw32/bin/../lib/gcc/nios2-elf/4.1.2/mno-hw-mul\libgcc.a
LOAD ../Bai2_Them_bsp/\libhal_bsp.a
END GROUP
LOAD e:/quartus/nios2eds/bin/gnu/h-i686-mingw32/bin/../lib/gcc/nios2-elf/4.1.2/mno-hw-mul\libgcc.a
                0x00008000                __alt_mem_onchip_memory2_0 = 0x8000

.entry          0x00008000       0x20
 *(.entry)
 .entry         0x00008000       0x20 ../Bai2_Them_bsp//obj/HAL/src/crt0.o
                0x00008000                __reset

.exceptions     0x00008020        0x0
                0x00008020                PROVIDE (__ram_exceptions_start, ABSOLUTE (.))
                0x00008020                . = ALIGN (0x20)
 *(.irq)
 *(.exceptions.entry.label)
 *(.exceptions.entry.user)
 *(.exceptions.entry)
 *(.exceptions.irqtest.user)
 *(.exceptions.irqtest)
 *(.exceptions.irqhandler.user)
 *(.exceptions.irqhandler)
 *(.exceptions.irqreturn.user)
 *(.exceptions.irqreturn)
 *(.exceptions.notirq.label)
 *(.exceptions.notirq.user)
 *(.exceptions.notirq)
 *(.exceptions.soft.user)
 *(.exceptions.soft)
 *(.exceptions.unknown.user)
 *(.exceptions.unknown)
 *(.exceptions.exit.label)
 *(.exceptions.exit.user)
 *(.exceptions.exit)
 *(.exceptions)
                0x00008020                PROVIDE (__ram_exceptions_end, ABSOLUTE (.))
                0x00008020                PROVIDE (__flash_exceptions_start, LOADADDR (.exceptions))

.text           0x00008020     0x141c
                0x00008020                PROVIDE (stext, ABSOLUTE (.))
 *(.interp)
 *(.hash)
 *(.dynsym)
 *(.dynstr)
 *(.gnu.version)
 *(.gnu.version_d)
 *(.gnu.version_r)
 *(.rel.init)
 *(.rela.init)
 *(.rel.text .rel.text.* .rel.gnu.linkonce.t.*)
 *(.rela.text .rela.text.* .rela.gnu.linkonce.t.*)
 *(.rel.fini)
 *(.rela.fini)
 *(.rel.rodata .rel.rodata.* .rel.gnu.linkonce.r.*)
 *(.rela.rodata .rela.rodata.* .rela.gnu.linkonce.r.*)
 *(.rel.data .rel.data.* .rel.gnu.linkonce.d.*)
 *(.rela.data .rela.data.* .rela.gnu.linkonce.d.*)
 *(.rel.tdata .rel.tdata.* .rel.gnu.linkonce.td.*)
 *(.rela.tdata .rela.tdata.* .rela.gnu.linkonce.td.*)
 *(.rel.tbss .rel.tbss.* .rel.gnu.linkonce.tb.*)
 *(.rela.tbss .rela.tbss.* .rela.gnu.linkonce.tb.*)
 *(.rel.ctors)
 *(.rela.ctors)
 *(.rel.dtors)
 *(.rela.dtors)
 *(.rel.got)
 *(.rela.got)
 *(.rel.sdata .rel.sdata.* .rel.gnu.linkonce.s.*)
 *(.rela.sdata .rela.sdata.* .rela.gnu.linkonce.s.*)
 *(.rel.sbss .rel.sbss.* .rel.gnu.linkonce.sb.*)
 *(.rela.sbss .rela.sbss.* .rela.gnu.linkonce.sb.*)
 *(.rel.sdata2 .rel.sdata2.* .rel.gnu.linkonce.s2.*)
 *(.rela.sdata2 .rela.sdata2.* .rela.gnu.linkonce.s2.*)
 *(.rel.sbss2 .rel.sbss2.* .rel.gnu.linkonce.sb2.*)
 *(.rela.sbss2 .rela.sbss2.* .rela.gnu.linkonce.sb2.*)
 *(.rel.bss .rel.bss.* .rel.gnu.linkonce.b.*)
 *(.rela.bss .rela.bss.* .rela.gnu.linkonce.b.*)
 *(.rel.plt)
 *(.rela.plt)
 *(.rel.dyn)
 *(.init)
 *(.plt)
 *(.text .stub .text.* .gnu.linkonce.t.*)
 .text          0x00008020       0x3c ../Bai2_Them_bsp//obj/HAL/src/crt0.o
                0x00008020                _start
 .text          0x0000805c       0x4c obj/default/source.o
                0x0000805c                main
 .text          0x000080a8       0xec ../Bai2_Them_bsp/\libhal_bsp.a(alt_load.o)
                0x000080a8                alt_load
 .text          0x00008194       0x6c ../Bai2_Them_bsp/\libhal_bsp.a(alt_main.o)
                0x00008194                alt_main
 .text          0x00008200       0x9c ../Bai2_Them_bsp/\libhal_bsp.a(alt_sys_init.o)
                0x00008200                alt_irq_init
                0x00008234                alt_sys_init
 .text          0x0000829c       0xb0 ../Bai2_Them_bsp/\libhal_bsp.a(altera_avalon_jtag_uart_fd.o)
                0x0000829c                altera_avalon_jtag_uart_read_fd
                0x000082f4                altera_avalon_jtag_uart_write_fd
 .text          0x0000834c      0x104 ../Bai2_Them_bsp/\libhal_bsp.a(altera_avalon_jtag_uart_read.o)
                0x0000834c                altera_avalon_jtag_uart_read
 .text          0x00008450       0xa4 ../Bai2_Them_bsp/\libhal_bsp.a(altera_avalon_jtag_uart_write.o)
                0x00008450                altera_avalon_jtag_uart_write
 .text          0x000084f4      0x160 ../Bai2_Them_bsp/\libhal_bsp.a(alt_close.o)
                0x000084f4                close
 .text          0x00008654       0x1c ../Bai2_Them_bsp/\libhal_bsp.a(alt_dcache_flush_all.o)
                0x00008654                alt_dcache_flush_all
 .text          0x00008670       0x2c ../Bai2_Them_bsp/\libhal_bsp.a(alt_dev.o)
 .text          0x0000869c      0x114 ../Bai2_Them_bsp/\libhal_bsp.a(alt_dev_llist_insert.o)
                0x0000869c                alt_dev_llist_insert
 .text          0x000087b0       0x64 ../Bai2_Them_bsp/\libhal_bsp.a(alt_do_ctors.o)
                0x000087b0                _do_ctors
 .text          0x00008814       0x64 ../Bai2_Them_bsp/\libhal_bsp.a(alt_do_dtors.o)
                0x00008814                _do_dtors
 .text          0x00008878        0x0 ../Bai2_Them_bsp/\libhal_bsp.a(alt_errno.o)
 .text          0x00008878       0x1c ../Bai2_Them_bsp/\libhal_bsp.a(alt_icache_flush_all.o)
                0x00008878                alt_icache_flush_all
 .text          0x00008894      0x150 ../Bai2_Them_bsp/\libhal_bsp.a(alt_io_redirect.o)
                0x0000896c                alt_io_redirect
 .text          0x000089e4      0x2e4 ../Bai2_Them_bsp/\libhal_bsp.a(alt_open.o)
                0x00008adc                open
 .text          0x00008cc8       0x78 ../Bai2_Them_bsp/\libhal_bsp.a(alt_release_fd.o)
                0x00008cc8                alt_release_fd
 .text          0x00008d40       0x20 ../Bai2_Them_bsp/\libhal_bsp.a(altera_nios2_qsys_irq.o)
                0x00008d40                altera_nios2_qsys_irq_init
 .text          0x00008d60       0x94 ../Bai2_Them_bsp/\libhal_bsp.a(alt_find_dev.o)
                0x00008d60                alt_find_dev
 .text          0x00008df4      0x120 ../Bai2_Them_bsp/\libhal_bsp.a(alt_find_file.o)
                0x00008df4                alt_find_file
 .text          0x00008f14       0xd0 ../Bai2_Them_bsp/\libhal_bsp.a(alt_get_fd.o)
                0x00008f14                alt_get_fd
 .text          0x00008fe4       0x14 e:/quartus/nios2eds/bin/gnu/h-i686-mingw32/bin/../lib/gcc/nios2-elf/4.1.2/../../../../nios2-elf/lib/mno-hw-mul\libsmallc.a(lib_a-atexit.o)
                0x00008fe4                atexit
 .text          0x00008ff8       0x20 e:/quartus/nios2eds/bin/gnu/h-i686-mingw32/bin/../lib/gcc/nios2-elf/4.1.2/../../../../nios2-elf/lib/mno-hw-mul\libsmallc.a(lib_a-exit.o)
                0x00008ff8                exit
 .text          0x00009018        0x0 e:/quartus/nios2eds/bin/gnu/h-i686-mingw32/bin/../lib/gcc/nios2-elf/4.1.2/../../../../nios2-elf/lib/mno-hw-mul\libsmallc.a(lib_a-int_errno.o)
 .text          0x00009018       0x3c e:/quartus/nios2eds/bin/gnu/h-i686-mingw32/bin/../lib/gcc/nios2-elf/4.1.2/../../../../nios2-elf/lib/mno-hw-mul\libsmallc.a(lib_a-memcmp.o)
                0x00009018                memcmp
 .text          0x00009054       0x20 e:/quartus/nios2eds/bin/gnu/h-i686-mingw32/bin/../lib/gcc/nios2-elf/4.1.2/../../../../nios2-elf/lib/mno-hw-mul\libsmallc.a(lib_a-strlen.o)
                0x00009054                strlen
 .text          0x00009074      0x16c e:/quartus/nios2eds/bin/gnu/h-i686-mingw32/bin/../lib/gcc/nios2-elf/4.1.2/../../../../nios2-elf/lib/mno-hw-mul\libsmallc.a(lib_a-__atexit.o)
                0x00009074                __register_exitproc
 .text          0x000091e0      0x1c0 e:/quartus/nios2eds/bin/gnu/h-i686-mingw32/bin/../lib/gcc/nios2-elf/4.1.2/../../../../nios2-elf/lib/mno-hw-mul\libsmallc.a(lib_a-__call_atexit.o)
                0x000091e4                __call_exitprocs
 .text          0x000093a0        0x0 e:/quartus/nios2eds/bin/gnu/h-i686-mingw32/bin/../lib/gcc/nios2-elf/4.1.2/../../../../nios2-elf/lib/mno-hw-mul\libsmallc.a(lib_a-impure.o)
 .text          0x000093a0       0x38 e:/quartus/nios2eds/bin/gnu/h-i686-mingw32/bin/../lib/gcc/nios2-elf/4.1.2/mno-hw-mul\libgcc.a(lib2-mul.o)
                0x000093a0                __mulsi3
 .text          0x000093d8       0x60 ../Bai2_Them_bsp/\libhal_bsp.a(alt_exit.o)
                0x00009418                _exit
 *(.gnu.warning.*)
 *(.fini)
                0x00009438                PROVIDE (__etext, ABSOLUTE (.))
                0x00009438                PROVIDE (_etext, ABSOLUTE (.))
                0x00009438                PROVIDE (etext, ABSOLUTE (.))
 *(.eh_frame_hdr)
                0x00009438                . = ALIGN (0x4)
                0x00009438                PROVIDE (__preinit_array_start, ABSOLUTE (.))
 *(.preinit_array)
                0x00009438                PROVIDE (__preinit_array_end, ABSOLUTE (.))
                0x00009438                PROVIDE (__init_array_start, ABSOLUTE (.))
 *(.init_array)
                0x00009438                PROVIDE (__init_array_end, ABSOLUTE (.))
                0x00009438                PROVIDE (__fini_array_start, ABSOLUTE (.))
 *(.fini_array)
                0x00009438                PROVIDE (__fini_array_end, ABSOLUTE (.))
 *(.eh_frame)
 *(.gcc_except_table)
 *(.dynamic)
                0x00009438                PROVIDE (__CTOR_LIST__, ABSOLUTE (.))
 *(.ctors)
 *(SORT(.ctors.*))
 .ctors.65535   0x00009438        0x4 e:/quartus/nios2eds/bin/gnu/h-i686-mingw32/bin/../lib/gcc/nios2-elf/4.1.2/../../../../nios2-elf/lib/mno-hw-mul\libsmallc.a(lib_a-__call_atexit.o)
                0x0000943c                PROVIDE (__CTOR_END__, ABSOLUTE (.))
                0x0000943c                PROVIDE (__DTOR_LIST__, ABSOLUTE (.))
 *(.dtors)
 *(SORT(.dtors.*))
                0x0000943c                PROVIDE (__DTOR_END__, ABSOLUTE (.))
 *(.jcr)
                0x0000943c                . = ALIGN (0x4)

.rodata         0x0000943c       0x34
                0x0000943c                PROVIDE (__ram_rodata_start, ABSOLUTE (.))
                0x0000943c                . = ALIGN (0x4)
 *(.rodata .rodata.* .gnu.linkonce.r.*)
 .rodata        0x0000943c       0x14 ../Bai2_Them_bsp/\libhal_bsp.a(alt_main.o)
 .rodata        0x00009450       0x14 ../Bai2_Them_bsp/\libhal_bsp.a(alt_sys_init.o)
 .rodata        0x00009464        0xc ../Bai2_Them_bsp/\libhal_bsp.a(alt_dev.o)
 *(.rodata1)
                0x00009470                . = ALIGN (0x4)
                0x00009470                PROVIDE (__ram_rodata_end, ABSOLUTE (.))
                0x0000943c                PROVIDE (__flash_rodata_start, LOADADDR (.rodata))

.rwdata         0x00009470      0x2e4 load address 0x00009754
                0x00009470                PROVIDE (__ram_rwdata_start, ABSOLUTE (.))
                0x00009470                . = ALIGN (0x4)
 *(.got.plt)
 *(.got)
 *(.data1)
 *(.data .data.* .gnu.linkonce.d.*)
 .data          0x00009470        0x0 ../Bai2_Them_bsp//obj/HAL/src/crt0.o
 .data          0x00009470       0x10 obj/default/source.o
                0x00009470                seven_seg
 .data          0x00009480        0x0 ../Bai2_Them_bsp/\libhal_bsp.a(alt_load.o)
 .data          0x00009480        0x0 ../Bai2_Them_bsp/\libhal_bsp.a(alt_main.o)
 .data          0x00009480       0x2c ../Bai2_Them_bsp/\libhal_bsp.a(alt_sys_init.o)
 .data          0x000094ac        0x0 ../Bai2_Them_bsp/\libhal_bsp.a(altera_avalon_jtag_uart_fd.o)
 .data          0x000094ac        0x0 ../Bai2_Them_bsp/\libhal_bsp.a(altera_avalon_jtag_uart_read.o)
 .data          0x000094ac        0x0 ../Bai2_Them_bsp/\libhal_bsp.a(altera_avalon_jtag_uart_write.o)
 .data          0x000094ac        0x0 ../Bai2_Them_bsp/\libhal_bsp.a(alt_close.o)
 .data          0x000094ac        0x0 ../Bai2_Them_bsp/\libhal_bsp.a(alt_dcache_flush_all.o)
 .data          0x000094ac      0x1a8 ../Bai2_Them_bsp/\libhal_bsp.a(alt_dev.o)
                0x000094ac                alt_dev_null
                0x000094d4                alt_fd_list
 .data          0x00009654        0x0 ../Bai2_Them_bsp/\libhal_bsp.a(alt_dev_llist_insert.o)
 .data          0x00009654        0x0 ../Bai2_Them_bsp/\libhal_bsp.a(alt_do_ctors.o)
 .data          0x00009654        0x0 ../Bai2_Them_bsp/\libhal_bsp.a(alt_do_dtors.o)
 .data          0x00009654        0x0 ../Bai2_Them_bsp/\libhal_bsp.a(alt_errno.o)
 .data          0x00009654        0x0 ../Bai2_Them_bsp/\libhal_bsp.a(alt_icache_flush_all.o)
 .data          0x00009654        0x0 ../Bai2_Them_bsp/\libhal_bsp.a(alt_io_redirect.o)
 .data          0x00009654        0x0 ../Bai2_Them_bsp/\libhal_bsp.a(alt_open.o)
 .data          0x00009654        0x0 ../Bai2_Them_bsp/\libhal_bsp.a(alt_release_fd.o)
 .data          0x00009654        0x0 ../Bai2_Them_bsp/\libhal_bsp.a(altera_nios2_qsys_irq.o)
 .data          0x00009654        0x0 ../Bai2_Them_bsp/\libhal_bsp.a(alt_find_dev.o)
 .data          0x00009654        0x0 ../Bai2_Them_bsp/\libhal_bsp.a(alt_find_file.o)
 .data          0x00009654        0x0 ../Bai2_Them_bsp/\libhal_bsp.a(alt_get_fd.o)
 .data          0x00009654        0x0 e:/quartus/nios2eds/bin/gnu/h-i686-mingw32/bin/../lib/gcc/nios2-elf/4.1.2/../../../../nios2-elf/lib/mno-hw-mul\libsmallc.a(lib_a-atexit.o)
 .data          0x00009654        0x0 e:/quartus/nios2eds/bin/gnu/h-i686-mingw32/bin/../lib/gcc/nios2-elf/4.1.2/../../../../nios2-elf/lib/mno-hw-mul\libsmallc.a(lib_a-exit.o)
 .data          0x00009654        0x0 e:/quartus/nios2eds/bin/gnu/h-i686-mingw32/bin/../lib/gcc/nios2-elf/4.1.2/../../../../nios2-elf/lib/mno-hw-mul\libsmallc.a(lib_a-int_errno.o)
 .data          0x00009654        0x0 e:/quartus/nios2eds/bin/gnu/h-i686-mingw32/bin/../lib/gcc/nios2-elf/4.1.2/../../../../nios2-elf/lib/mno-hw-mul\libsmallc.a(lib_a-memcmp.o)
 .data          0x00009654        0x0 e:/quartus/nios2eds/bin/gnu/h-i686-mingw32/bin/../lib/gcc/nios2-elf/4.1.2/../../../../nios2-elf/lib/mno-hw-mul\libsmallc.a(lib_a-strlen.o)
 .data          0x00009654        0x0 e:/quartus/nios2eds/bin/gnu/h-i686-mingw32/bin/../lib/gcc/nios2-elf/4.1.2/../../../../nios2-elf/lib/mno-hw-mul\libsmallc.a(lib_a-__atexit.o)
 .data          0x00009654        0x0 e:/quartus/nios2eds/bin/gnu/h-i686-mingw32/bin/../lib/gcc/nios2-elf/4.1.2/../../../../nios2-elf/lib/mno-hw-mul\libsmallc.a(lib_a-__call_atexit.o)
 .data          0x00009654       0xe0 e:/quartus/nios2eds/bin/gnu/h-i686-mingw32/bin/../lib/gcc/nios2-elf/4.1.2/../../../../nios2-elf/lib/mno-hw-mul\libsmallc.a(lib_a-impure.o)
 .data          0x00009734        0x0 e:/quartus/nios2eds/bin/gnu/h-i686-mingw32/bin/../lib/gcc/nios2-elf/4.1.2/mno-hw-mul\libgcc.a(lib2-mul.o)
 .data          0x00009734        0x0 ../Bai2_Them_bsp/\libhal_bsp.a(alt_exit.o)
                0x00011734                _gp = ABSOLUTE ((. + 0x8000))
                0x00011734                PROVIDE (gp, _gp)
 *(.rwdata .rwdata.*)
 *(.sdata .sdata.* .gnu.linkonce.s.*)
 .sdata         0x00009734       0x14 ../Bai2_Them_bsp/\libhal_bsp.a(alt_dev.o)
                0x00009734                alt_fs_list
                0x0000973c                alt_dev_list
                0x00009744                alt_max_fd
 .sdata         0x00009748        0x4 ../Bai2_Them_bsp/\libhal_bsp.a(alt_errno.o)
                0x00009748                alt_errno
 .sdata         0x0000974c        0x8 e:/quartus/nios2eds/bin/gnu/h-i686-mingw32/bin/../lib/gcc/nios2-elf/4.1.2/../../../../nios2-elf/lib/mno-hw-mul\libsmallc.a(lib_a-impure.o)
                0x0000974c                _impure_ptr
                0x00009750                _global_impure_ptr
 *(.sdata2 .sdata2.* .gnu.linkonce.s2.*)
                0x00009754                . = ALIGN (0x4)
                0x00009754                _edata = ABSOLUTE (.)
                0x00009754                PROVIDE (edata, ABSOLUTE (.))
                0x00009754                PROVIDE (__ram_rwdata_end, ABSOLUTE (.))
                0x00009754                PROVIDE (__flash_rwdata_start, LOADADDR (.rwdata))

.bss            0x00009a38       0x9c
                0x00009a38                __bss_start = ABSOLUTE (.)
                0x00009a38                PROVIDE (__sbss_start, ABSOLUTE (.))
                0x00009a38                PROVIDE (___sbss_start, ABSOLUTE (.))
 *(.dynsbss)
 *(.sbss .sbss.* .gnu.linkonce.sb.*)
 .sbss          0x00009a38        0xc ../Bai2_Them_bsp/\libhal_bsp.a(alt_main.o)
                0x00009a38                alt_argc
                0x00009a3c                alt_argv
                0x00009a40                alt_envp
 .sbss          0x00009a44        0x4 e:/quartus/nios2eds/bin/gnu/h-i686-mingw32/bin/../lib/gcc/nios2-elf/4.1.2/../../../../nios2-elf/lib/mno-hw-mul\libsmallc.a(lib_a-int_errno.o)
                0x00009a44                errno
 *(.sbss2 .sbss2.* .gnu.linkonce.sb2.*)
 *(.scommon)
                0x00009a48                PROVIDE (__sbss_end, ABSOLUTE (.))
                0x00009a48                PROVIDE (___sbss_end, ABSOLUTE (.))
 *(.dynbss)
 *(.bss .bss.* .gnu.linkonce.b.*)
 .bss           0x00009a48        0x0 ../Bai2_Them_bsp//obj/HAL/src/crt0.o
 .bss           0x00009a48        0x0 obj/default/source.o
 .bss           0x00009a48        0x0 ../Bai2_Them_bsp/\libhal_bsp.a(alt_load.o)
 .bss           0x00009a48        0x0 ../Bai2_Them_bsp/\libhal_bsp.a(alt_main.o)
 .bss           0x00009a48        0x0 ../Bai2_Them_bsp/\libhal_bsp.a(alt_sys_init.o)
 .bss           0x00009a48        0x0 ../Bai2_Them_bsp/\libhal_bsp.a(altera_avalon_jtag_uart_fd.o)
 .bss           0x00009a48        0x0 ../Bai2_Them_bsp/\libhal_bsp.a(altera_avalon_jtag_uart_read.o)
 .bss           0x00009a48        0x0 ../Bai2_Them_bsp/\libhal_bsp.a(altera_avalon_jtag_uart_write.o)
 .bss           0x00009a48        0x0 ../Bai2_Them_bsp/\libhal_bsp.a(alt_close.o)
 .bss           0x00009a48        0x0 ../Bai2_Them_bsp/\libhal_bsp.a(alt_dcache_flush_all.o)
 .bss           0x00009a48        0x0 ../Bai2_Them_bsp/\libhal_bsp.a(alt_dev.o)
 .bss           0x00009a48        0x0 ../Bai2_Them_bsp/\libhal_bsp.a(alt_dev_llist_insert.o)
 .bss           0x00009a48        0x0 ../Bai2_Them_bsp/\libhal_bsp.a(alt_do_ctors.o)
 .bss           0x00009a48        0x0 ../Bai2_Them_bsp/\libhal_bsp.a(alt_do_dtors.o)
 .bss           0x00009a48        0x0 ../Bai2_Them_bsp/\libhal_bsp.a(alt_errno.o)
 .bss           0x00009a48        0x0 ../Bai2_Them_bsp/\libhal_bsp.a(alt_icache_flush_all.o)
 .bss           0x00009a48        0x0 ../Bai2_Them_bsp/\libhal_bsp.a(alt_io_redirect.o)
 .bss           0x00009a48        0x0 ../Bai2_Them_bsp/\libhal_bsp.a(alt_open.o)
 .bss           0x00009a48        0x0 ../Bai2_Them_bsp/\libhal_bsp.a(alt_release_fd.o)
 .bss           0x00009a48        0x0 ../Bai2_Them_bsp/\libhal_bsp.a(altera_nios2_qsys_irq.o)
 .bss           0x00009a48        0x0 ../Bai2_Them_bsp/\libhal_bsp.a(alt_find_dev.o)
 .bss           0x00009a48        0x0 ../Bai2_Them_bsp/\libhal_bsp.a(alt_find_file.o)
 .bss           0x00009a48        0x0 ../Bai2_Them_bsp/\libhal_bsp.a(alt_get_fd.o)
 .bss           0x00009a48        0x0 e:/quartus/nios2eds/bin/gnu/h-i686-mingw32/bin/../lib/gcc/nios2-elf/4.1.2/../../../../nios2-elf/lib/mno-hw-mul\libsmallc.a(lib_a-atexit.o)
 .bss           0x00009a48        0x0 e:/quartus/nios2eds/bin/gnu/h-i686-mingw32/bin/../lib/gcc/nios2-elf/4.1.2/../../../../nios2-elf/lib/mno-hw-mul\libsmallc.a(lib_a-exit.o)
 .bss           0x00009a48        0x0 e:/quartus/nios2eds/bin/gnu/h-i686-mingw32/bin/../lib/gcc/nios2-elf/4.1.2/../../../../nios2-elf/lib/mno-hw-mul\libsmallc.a(lib_a-int_errno.o)
 .bss           0x00009a48        0x0 e:/quartus/nios2eds/bin/gnu/h-i686-mingw32/bin/../lib/gcc/nios2-elf/4.1.2/../../../../nios2-elf/lib/mno-hw-mul\libsmallc.a(lib_a-memcmp.o)
 .bss           0x00009a48        0x0 e:/quartus/nios2eds/bin/gnu/h-i686-mingw32/bin/../lib/gcc/nios2-elf/4.1.2/../../../../nios2-elf/lib/mno-hw-mul\libsmallc.a(lib_a-strlen.o)
 .bss           0x00009a48        0x0 e:/quartus/nios2eds/bin/gnu/h-i686-mingw32/bin/../lib/gcc/nios2-elf/4.1.2/../../../../nios2-elf/lib/mno-hw-mul\libsmallc.a(lib_a-__atexit.o)
 .bss           0x00009a48        0x0 e:/quartus/nios2eds/bin/gnu/h-i686-mingw32/bin/../lib/gcc/nios2-elf/4.1.2/../../../../nios2-elf/lib/mno-hw-mul\libsmallc.a(lib_a-__call_atexit.o)
 .bss           0x00009a48        0x0 e:/quartus/nios2eds/bin/gnu/h-i686-mingw32/bin/../lib/gcc/nios2-elf/4.1.2/../../../../nios2-elf/lib/mno-hw-mul\libsmallc.a(lib_a-impure.o)
 .bss           0x00009a48        0x0 e:/quartus/nios2eds/bin/gnu/h-i686-mingw32/bin/../lib/gcc/nios2-elf/4.1.2/mno-hw-mul\libgcc.a(lib2-mul.o)
 .bss           0x00009a48        0x0 ../Bai2_Them_bsp/\libhal_bsp.a(alt_exit.o)
 *(COMMON)
 COMMON         0x00009a48       0x8c e:/quartus/nios2eds/bin/gnu/h-i686-mingw32/bin/../lib/gcc/nios2-elf/4.1.2/../../../../nios2-elf/lib/mno-hw-mul\libsmallc.a(lib_a-atexit.o)
                0x00009a48                _atexit0
                0x00009ad4                . = ALIGN (0x4)
                0x00009ad4                __bss_end = ABSOLUTE (.)

.onchip_memory2_0
                0x00009ad4        0x0
                0x00009ad4                PROVIDE (_alt_partition_onchip_memory2_0_start, ABSOLUTE (.))
 *(.onchip_memory2_0. onchip_memory2_0.*)
                0x00009ad4                . = ALIGN (0x4)
                0x00009ad4                PROVIDE (_alt_partition_onchip_memory2_0_end, ABSOLUTE (.))
                0x00009ad4                _end = ABSOLUTE (.)
                0x00009ad4                end = ABSOLUTE (.)
                0x00009ad4                __alt_stack_base = ABSOLUTE (.)
                0x00009ad4                PROVIDE (_alt_partition_onchip_memory2_0_load_addr, LOADADDR (.onchip_memory2_0))

.stab
 *(.stab)

.stabstr
 *(.stabstr)

.stab.excl
 *(.stab.excl)

.stab.exclstr
 *(.stab.exclstr)

.stab.index
 *(.stab.index)

.stab.indexstr
 *(.stab.indexstr)

.comment        0x00000000       0x26
 *(.comment)
 .comment       0x00000000       0x26 obj/default/source.o
                                 0x27 (size before relaxing)
 .comment       0x00000000       0x27 ../Bai2_Them_bsp/\libhal_bsp.a(alt_load.o)
 .comment       0x00000000       0x27 ../Bai2_Them_bsp/\libhal_bsp.a(alt_main.o)
 .comment       0x00000000       0x27 ../Bai2_Them_bsp/\libhal_bsp.a(alt_sys_init.o)
 .comment       0x00000000       0x27 ../Bai2_Them_bsp/\libhal_bsp.a(altera_avalon_jtag_uart_fd.o)
 .comment       0x00000000       0x27 ../Bai2_Them_bsp/\libhal_bsp.a(altera_avalon_jtag_uart_read.o)
 .comment       0x00000000       0x27 ../Bai2_Them_bsp/\libhal_bsp.a(altera_avalon_jtag_uart_write.o)
 .comment       0x00000000       0x27 ../Bai2_Them_bsp/\libhal_bsp.a(alt_close.o)
 .comment       0x00000000       0x27 ../Bai2_Them_bsp/\libhal_bsp.a(alt_dcache_flush_all.o)
 .comment       0x00000000       0x27 ../Bai2_Them_bsp/\libhal_bsp.a(alt_dev.o)
 .comment       0x00000000       0x27 ../Bai2_Them_bsp/\libhal_bsp.a(alt_dev_llist_insert.o)
 .comment       0x00000000       0x27 ../Bai2_Them_bsp/\libhal_bsp.a(alt_do_ctors.o)
 .comment       0x00000000       0x27 ../Bai2_Them_bsp/\libhal_bsp.a(alt_do_dtors.o)
 .comment       0x00000000       0x27 ../Bai2_Them_bsp/\libhal_bsp.a(alt_errno.o)
 .comment       0x00000000       0x27 ../Bai2_Them_bsp/\libhal_bsp.a(alt_icache_flush_all.o)
 .comment       0x00000000       0x27 ../Bai2_Them_bsp/\libhal_bsp.a(alt_io_redirect.o)
 .comment       0x00000000       0x27 ../Bai2_Them_bsp/\libhal_bsp.a(alt_open.o)
 .comment       0x00000000       0x27 ../Bai2_Them_bsp/\libhal_bsp.a(alt_release_fd.o)
 .comment       0x00000000       0x27 ../Bai2_Them_bsp/\libhal_bsp.a(altera_nios2_qsys_irq.o)
 .comment       0x00000000       0x27 ../Bai2_Them_bsp/\libhal_bsp.a(alt_find_dev.o)
 .comment       0x00000000       0x27 ../Bai2_Them_bsp/\libhal_bsp.a(alt_find_file.o)
 .comment       0x00000000       0x27 ../Bai2_Them_bsp/\libhal_bsp.a(alt_get_fd.o)
 .comment       0x00000000       0x27 e:/quartus/nios2eds/bin/gnu/h-i686-mingw32/bin/../lib/gcc/nios2-elf/4.1.2/../../../../nios2-elf/lib/mno-hw-mul\libsmallc.a(lib_a-atexit.o)
 .comment       0x00000000       0x27 e:/quartus/nios2eds/bin/gnu/h-i686-mingw32/bin/../lib/gcc/nios2-elf/4.1.2/../../../../nios2-elf/lib/mno-hw-mul\libsmallc.a(lib_a-exit.o)
 .comment       0x00000000       0x27 e:/quartus/nios2eds/bin/gnu/h-i686-mingw32/bin/../lib/gcc/nios2-elf/4.1.2/../../../../nios2-elf/lib/mno-hw-mul\libsmallc.a(lib_a-int_errno.o)
 .comment       0x00000000       0x27 e:/quartus/nios2eds/bin/gnu/h-i686-mingw32/bin/../lib/gcc/nios2-elf/4.1.2/../../../../nios2-elf/lib/mno-hw-mul\libsmallc.a(lib_a-memcmp.o)
 .comment       0x00000000       0x27 e:/quartus/nios2eds/bin/gnu/h-i686-mingw32/bin/../lib/gcc/nios2-elf/4.1.2/../../../../nios2-elf/lib/mno-hw-mul\libsmallc.a(lib_a-strlen.o)
 .comment       0x00000000       0x27 e:/quartus/nios2eds/bin/gnu/h-i686-mingw32/bin/../lib/gcc/nios2-elf/4.1.2/../../../../nios2-elf/lib/mno-hw-mul\libsmallc.a(lib_a-__atexit.o)
 .comment       0x00000000       0x27 e:/quartus/nios2eds/bin/gnu/h-i686-mingw32/bin/../lib/gcc/nios2-elf/4.1.2/../../../../nios2-elf/lib/mno-hw-mul\libsmallc.a(lib_a-__call_atexit.o)
 .comment       0x00000000       0x27 e:/quartus/nios2eds/bin/gnu/h-i686-mingw32/bin/../lib/gcc/nios2-elf/4.1.2/../../../../nios2-elf/lib/mno-hw-mul\libsmallc.a(lib_a-impure.o)
 .comment       0x00000000       0x27 e:/quartus/nios2eds/bin/gnu/h-i686-mingw32/bin/../lib/gcc/nios2-elf/4.1.2/mno-hw-mul\libgcc.a(lib2-mul.o)
 .comment       0x00000000       0x27 ../Bai2_Them_bsp/\libhal_bsp.a(alt_exit.o)

.debug
 *(.debug)

.line
 *(.line)

.debug_srcinfo
 *(.debug_srcinfo)

.debug_sfnames
 *(.debug_sfnames)

.debug_aranges  0x00000000      0x3c8
 *(.debug_aranges)
 .debug_aranges
                0x00000000       0x28 ../Bai2_Them_bsp//obj/HAL/src/crt0.o
 .debug_aranges
                0x00000028       0x20 obj/default/source.o
 .debug_aranges
                0x00000048       0x20 ../Bai2_Them_bsp/\libhal_bsp.a(alt_load.o)
 .debug_aranges
                0x00000068       0x20 ../Bai2_Them_bsp/\libhal_bsp.a(alt_main.o)
 .debug_aranges
                0x00000088       0x20 ../Bai2_Them_bsp/\libhal_bsp.a(alt_sys_init.o)
 .debug_aranges
                0x000000a8       0x20 ../Bai2_Them_bsp/\libhal_bsp.a(altera_avalon_jtag_uart_fd.o)
 .debug_aranges
                0x000000c8       0x20 ../Bai2_Them_bsp/\libhal_bsp.a(altera_avalon_jtag_uart_read.o)
 .debug_aranges
                0x000000e8       0x20 ../Bai2_Them_bsp/\libhal_bsp.a(altera_avalon_jtag_uart_write.o)
 .debug_aranges
                0x00000108       0x20 ../Bai2_Them_bsp/\libhal_bsp.a(alt_close.o)
 .debug_aranges
                0x00000128       0x20 ../Bai2_Them_bsp/\libhal_bsp.a(alt_dcache_flush_all.o)
 .debug_aranges
                0x00000148       0x20 ../Bai2_Them_bsp/\libhal_bsp.a(alt_dev.o)
 .debug_aranges
                0x00000168       0x20 ../Bai2_Them_bsp/\libhal_bsp.a(alt_dev_llist_insert.o)
 .debug_aranges
                0x00000188       0x20 ../Bai2_Them_bsp/\libhal_bsp.a(alt_do_ctors.o)
 .debug_aranges
                0x000001a8       0x20 ../Bai2_Them_bsp/\libhal_bsp.a(alt_do_dtors.o)
 .debug_aranges
                0x000001c8       0x20 ../Bai2_Them_bsp/\libhal_bsp.a(alt_icache_flush_all.o)
 .debug_aranges
                0x000001e8       0x20 ../Bai2_Them_bsp/\libhal_bsp.a(alt_io_redirect.o)
 .debug_aranges
                0x00000208       0x20 ../Bai2_Them_bsp/\libhal_bsp.a(alt_open.o)
 .debug_aranges
                0x00000228       0x20 ../Bai2_Them_bsp/\libhal_bsp.a(alt_release_fd.o)
 .debug_aranges
                0x00000248       0x20 ../Bai2_Them_bsp/\libhal_bsp.a(altera_nios2_qsys_irq.o)
 .debug_aranges
                0x00000268       0x20 ../Bai2_Them_bsp/\libhal_bsp.a(alt_find_dev.o)
 .debug_aranges
                0x00000288       0x20 ../Bai2_Them_bsp/\libhal_bsp.a(alt_find_file.o)
 .debug_aranges
                0x000002a8       0x20 ../Bai2_Them_bsp/\libhal_bsp.a(alt_get_fd.o)
 .debug_aranges
                0x000002c8       0x20 e:/quartus/nios2eds/bin/gnu/h-i686-mingw32/bin/../lib/gcc/nios2-elf/4.1.2/../../../../nios2-elf/lib/mno-hw-mul\libsmallc.a(lib_a-atexit.o)
 .debug_aranges
                0x000002e8       0x20 e:/quartus/nios2eds/bin/gnu/h-i686-mingw32/bin/../lib/gcc/nios2-elf/4.1.2/../../../../nios2-elf/lib/mno-hw-mul\libsmallc.a(lib_a-exit.o)
 .debug_aranges
                0x00000308       0x20 e:/quartus/nios2eds/bin/gnu/h-i686-mingw32/bin/../lib/gcc/nios2-elf/4.1.2/../../../../nios2-elf/lib/mno-hw-mul\libsmallc.a(lib_a-memcmp.o)
 .debug_aranges
                0x00000328       0x20 e:/quartus/nios2eds/bin/gnu/h-i686-mingw32/bin/../lib/gcc/nios2-elf/4.1.2/../../../../nios2-elf/lib/mno-hw-mul\libsmallc.a(lib_a-strlen.o)
 .debug_aranges
                0x00000348       0x20 e:/quartus/nios2eds/bin/gnu/h-i686-mingw32/bin/../lib/gcc/nios2-elf/4.1.2/../../../../nios2-elf/lib/mno-hw-mul\libsmallc.a(lib_a-__atexit.o)
 .debug_aranges
                0x00000368       0x20 e:/quartus/nios2eds/bin/gnu/h-i686-mingw32/bin/../lib/gcc/nios2-elf/4.1.2/../../../../nios2-elf/lib/mno-hw-mul\libsmallc.a(lib_a-__call_atexit.o)
 .debug_aranges
                0x00000388       0x20 e:/quartus/nios2eds/bin/gnu/h-i686-mingw32/bin/../lib/gcc/nios2-elf/4.1.2/mno-hw-mul\libgcc.a(lib2-mul.o)
 .debug_aranges
                0x000003a8       0x20 ../Bai2_Them_bsp/\libhal_bsp.a(alt_exit.o)

.debug_pubnames
                0x00000000      0x543
 *(.debug_pubnames)
 .debug_pubnames
                0x00000000       0x29 obj/default/source.o
 .debug_pubnames
                0x00000029       0x1f ../Bai2_Them_bsp/\libhal_bsp.a(alt_load.o)
 .debug_pubnames
                0x00000048       0x46 ../Bai2_Them_bsp/\libhal_bsp.a(alt_main.o)
 .debug_pubnames
                0x0000008e       0x34 ../Bai2_Them_bsp/\libhal_bsp.a(alt_sys_init.o)
 .debug_pubnames
                0x000000c2       0x5b ../Bai2_Them_bsp/\libhal_bsp.a(altera_avalon_jtag_uart_fd.o)
 .debug_pubnames
                0x0000011d       0x33 ../Bai2_Them_bsp/\libhal_bsp.a(altera_avalon_jtag_uart_read.o)
 .debug_pubnames
                0x00000150       0x34 ../Bai2_Them_bsp/\libhal_bsp.a(altera_avalon_jtag_uart_write.o)
 .debug_pubnames
                0x00000184       0x1c ../Bai2_Them_bsp/\libhal_bsp.a(alt_close.o)
 .debug_pubnames
                0x000001a0       0x2b ../Bai2_Them_bsp/\libhal_bsp.a(alt_dcache_flush_all.o)
 .debug_pubnames
                0x000001cb       0x63 ../Bai2_Them_bsp/\libhal_bsp.a(alt_dev.o)
 .debug_pubnames
                0x0000022e       0x2b ../Bai2_Them_bsp/\libhal_bsp.a(alt_dev_llist_insert.o)
 .debug_pubnames
                0x00000259       0x20 ../Bai2_Them_bsp/\libhal_bsp.a(alt_do_ctors.o)
 .debug_pubnames
                0x00000279       0x20 ../Bai2_Them_bsp/\libhal_bsp.a(alt_do_dtors.o)
 .debug_pubnames
                0x00000299       0x20 ../Bai2_Them_bsp/\libhal_bsp.a(alt_errno.o)
 .debug_pubnames
                0x000002b9       0x2b ../Bai2_Them_bsp/\libhal_bsp.a(alt_icache_flush_all.o)
 .debug_pubnames
                0x000002e4       0x26 ../Bai2_Them_bsp/\libhal_bsp.a(alt_io_redirect.o)
 .debug_pubnames
                0x0000030a       0x1b ../Bai2_Them_bsp/\libhal_bsp.a(alt_open.o)
 .debug_pubnames
                0x00000325       0x25 ../Bai2_Them_bsp/\libhal_bsp.a(alt_release_fd.o)
 .debug_pubnames
                0x0000034a       0x31 ../Bai2_Them_bsp/\libhal_bsp.a(altera_nios2_qsys_irq.o)
 .debug_pubnames
                0x0000037b       0x23 ../Bai2_Them_bsp/\libhal_bsp.a(alt_find_dev.o)
 .debug_pubnames
                0x0000039e       0x24 ../Bai2_Them_bsp/\libhal_bsp.a(alt_find_file.o)
 .debug_pubnames
                0x000003c2       0x21 ../Bai2_Them_bsp/\libhal_bsp.a(alt_get_fd.o)
 .debug_pubnames
                0x000003e3       0x2a e:/quartus/nios2eds/bin/gnu/h-i686-mingw32/bin/../lib/gcc/nios2-elf/4.1.2/../../../../nios2-elf/lib/mno-hw-mul\libsmallc.a(lib_a-atexit.o)
 .debug_pubnames
                0x0000040d       0x1b e:/quartus/nios2eds/bin/gnu/h-i686-mingw32/bin/../lib/gcc/nios2-elf/4.1.2/../../../../nios2-elf/lib/mno-hw-mul\libsmallc.a(lib_a-exit.o)
 .debug_pubnames
                0x00000428       0x1c e:/quartus/nios2eds/bin/gnu/h-i686-mingw32/bin/../lib/gcc/nios2-elf/4.1.2/../../../../nios2-elf/lib/mno-hw-mul\libsmallc.a(lib_a-int_errno.o)
 .debug_pubnames
                0x00000444       0x1d e:/quartus/nios2eds/bin/gnu/h-i686-mingw32/bin/../lib/gcc/nios2-elf/4.1.2/../../../../nios2-elf/lib/mno-hw-mul\libsmallc.a(lib_a-memcmp.o)
 .debug_pubnames
                0x00000461       0x1d e:/quartus/nios2eds/bin/gnu/h-i686-mingw32/bin/../lib/gcc/nios2-elf/4.1.2/../../../../nios2-elf/lib/mno-hw-mul\libsmallc.a(lib_a-strlen.o)
 .debug_pubnames
                0x0000047e       0x2a e:/quartus/nios2eds/bin/gnu/h-i686-mingw32/bin/../lib/gcc/nios2-elf/4.1.2/../../../../nios2-elf/lib/mno-hw-mul\libsmallc.a(lib_a-__atexit.o)
 .debug_pubnames
                0x000004a8       0x27 e:/quartus/nios2eds/bin/gnu/h-i686-mingw32/bin/../lib/gcc/nios2-elf/4.1.2/../../../../nios2-elf/lib/mno-hw-mul\libsmallc.a(lib_a-__call_atexit.o)
 .debug_pubnames
                0x000004cf       0x39 e:/quartus/nios2eds/bin/gnu/h-i686-mingw32/bin/../lib/gcc/nios2-elf/4.1.2/../../../../nios2-elf/lib/mno-hw-mul\libsmallc.a(lib_a-impure.o)
 .debug_pubnames
                0x00000508       0x1f e:/quartus/nios2eds/bin/gnu/h-i686-mingw32/bin/../lib/gcc/nios2-elf/4.1.2/mno-hw-mul\libgcc.a(lib2-mul.o)
 .debug_pubnames
                0x00000527       0x1c ../Bai2_Them_bsp/\libhal_bsp.a(alt_exit.o)

.debug_info     0x00000000     0x60fb
 *(.debug_info .gnu.linkonce.wi.*)
 .debug_info    0x00000000       0x5f ../Bai2_Them_bsp//obj/HAL/src/crt0.o
 .debug_info    0x0000005f      0x139 obj/default/source.o
 .debug_info    0x00000198      0x271 ../Bai2_Them_bsp/\libhal_bsp.a(alt_load.o)
 .debug_info    0x00000409      0x209 ../Bai2_Them_bsp/\libhal_bsp.a(alt_main.o)
 .debug_info    0x00000612      0x55d ../Bai2_Them_bsp/\libhal_bsp.a(alt_sys_init.o)
 .debug_info    0x00000b6f      0x59d ../Bai2_Them_bsp/\libhal_bsp.a(altera_avalon_jtag_uart_fd.o)
 .debug_info    0x0000110c      0x2ed ../Bai2_Them_bsp/\libhal_bsp.a(altera_avalon_jtag_uart_read.o)
 .debug_info    0x000013f9      0x2ca ../Bai2_Them_bsp/\libhal_bsp.a(altera_avalon_jtag_uart_write.o)
 .debug_info    0x000016c3      0x44b ../Bai2_Them_bsp/\libhal_bsp.a(alt_close.o)
 .debug_info    0x00001b0e      0x140 ../Bai2_Them_bsp/\libhal_bsp.a(alt_dcache_flush_all.o)
 .debug_info    0x00001c4e      0x663 ../Bai2_Them_bsp/\libhal_bsp.a(alt_dev.o)
 .debug_info    0x000022b1      0x29b ../Bai2_Them_bsp/\libhal_bsp.a(alt_dev_llist_insert.o)
 .debug_info    0x0000254c       0xf3 ../Bai2_Them_bsp/\libhal_bsp.a(alt_do_ctors.o)
 .debug_info    0x0000263f       0xf2 ../Bai2_Them_bsp/\libhal_bsp.a(alt_do_dtors.o)
 .debug_info    0x00002731      0x148 ../Bai2_Them_bsp/\libhal_bsp.a(alt_errno.o)
 .debug_info    0x00002879      0x140 ../Bai2_Them_bsp/\libhal_bsp.a(alt_icache_flush_all.o)
 .debug_info    0x000029b9      0x679 ../Bai2_Them_bsp/\libhal_bsp.a(alt_io_redirect.o)
 .debug_info    0x00003032      0x509 ../Bai2_Them_bsp/\libhal_bsp.a(alt_open.o)
 .debug_info    0x0000353b      0x3d6 ../Bai2_Them_bsp/\libhal_bsp.a(alt_release_fd.o)
 .debug_info    0x00003911      0x147 ../Bai2_Them_bsp/\libhal_bsp.a(altera_nios2_qsys_irq.o)
 .debug_info    0x00003a58      0x3fc ../Bai2_Them_bsp/\libhal_bsp.a(alt_find_dev.o)
 .debug_info    0x00003e54      0x403 ../Bai2_Them_bsp/\libhal_bsp.a(alt_find_file.o)
 .debug_info    0x00004257      0x444 ../Bai2_Them_bsp/\libhal_bsp.a(alt_get_fd.o)
 .debug_info    0x0000469b      0x186 e:/quartus/nios2eds/bin/gnu/h-i686-mingw32/bin/../lib/gcc/nios2-elf/4.1.2/../../../../nios2-elf/lib/mno-hw-mul\libsmallc.a(lib_a-atexit.o)
 .debug_info    0x00004821       0x9f e:/quartus/nios2eds/bin/gnu/h-i686-mingw32/bin/../lib/gcc/nios2-elf/4.1.2/../../../../nios2-elf/lib/mno-hw-mul\libsmallc.a(lib_a-exit.o)
 .debug_info    0x000048c0       0x8c e:/quartus/nios2eds/bin/gnu/h-i686-mingw32/bin/../lib/gcc/nios2-elf/4.1.2/../../../../nios2-elf/lib/mno-hw-mul\libsmallc.a(lib_a-int_errno.o)
 .debug_info    0x0000494c       0xef e:/quartus/nios2eds/bin/gnu/h-i686-mingw32/bin/../lib/gcc/nios2-elf/4.1.2/../../../../nios2-elf/lib/mno-hw-mul\libsmallc.a(lib_a-memcmp.o)
 .debug_info    0x00004a3b       0xc2 e:/quartus/nios2eds/bin/gnu/h-i686-mingw32/bin/../lib/gcc/nios2-elf/4.1.2/../../../../nios2-elf/lib/mno-hw-mul\libsmallc.a(lib_a-strlen.o)
 .debug_info    0x00004afd      0x68f e:/quartus/nios2eds/bin/gnu/h-i686-mingw32/bin/../lib/gcc/nios2-elf/4.1.2/../../../../nios2-elf/lib/mno-hw-mul\libsmallc.a(lib_a-__atexit.o)
 .debug_info    0x0000518c      0x6d5 e:/quartus/nios2eds/bin/gnu/h-i686-mingw32/bin/../lib/gcc/nios2-elf/4.1.2/../../../../nios2-elf/lib/mno-hw-mul\libsmallc.a(lib_a-__call_atexit.o)
 .debug_info    0x00005861      0x636 e:/quartus/nios2eds/bin/gnu/h-i686-mingw32/bin/../lib/gcc/nios2-elf/4.1.2/../../../../nios2-elf/lib/mno-hw-mul\libsmallc.a(lib_a-impure.o)
 .debug_info    0x00005e97       0xf3 e:/quartus/nios2eds/bin/gnu/h-i686-mingw32/bin/../lib/gcc/nios2-elf/4.1.2/mno-hw-mul\libgcc.a(lib2-mul.o)
 .debug_info    0x00005f8a      0x171 ../Bai2_Them_bsp/\libhal_bsp.a(alt_exit.o)

.debug_abbrev   0x00000000     0x1700
 *(.debug_abbrev)
 .debug_abbrev  0x00000000       0x12 ../Bai2_Them_bsp//obj/HAL/src/crt0.o
 .debug_abbrev  0x00000012       0x71 obj/default/source.o
 .debug_abbrev  0x00000083       0x88 ../Bai2_Them_bsp/\libhal_bsp.a(alt_load.o)
 .debug_abbrev  0x0000010b       0xb7 ../Bai2_Them_bsp/\libhal_bsp.a(alt_main.o)
 .debug_abbrev  0x000001c2      0x121 ../Bai2_Them_bsp/\libhal_bsp.a(alt_sys_init.o)
 .debug_abbrev  0x000002e3       0xcb ../Bai2_Them_bsp/\libhal_bsp.a(altera_avalon_jtag_uart_fd.o)
 .debug_abbrev  0x000003ae       0xb6 ../Bai2_Them_bsp/\libhal_bsp.a(altera_avalon_jtag_uart_read.o)
 .debug_abbrev  0x00000464       0xb4 ../Bai2_Them_bsp/\libhal_bsp.a(altera_avalon_jtag_uart_write.o)
 .debug_abbrev  0x00000518       0xfb ../Bai2_Them_bsp/\libhal_bsp.a(alt_close.o)
 .debug_abbrev  0x00000613       0x3f ../Bai2_Them_bsp/\libhal_bsp.a(alt_dcache_flush_all.o)
 .debug_abbrev  0x00000652       0xc7 ../Bai2_Them_bsp/\libhal_bsp.a(alt_dev.o)
 .debug_abbrev  0x00000719       0xf6 ../Bai2_Them_bsp/\libhal_bsp.a(alt_dev_llist_insert.o)
 .debug_abbrev  0x0000080f       0x76 ../Bai2_Them_bsp/\libhal_bsp.a(alt_do_ctors.o)
 .debug_abbrev  0x00000885       0x76 ../Bai2_Them_bsp/\libhal_bsp.a(alt_do_dtors.o)
 .debug_abbrev  0x000008fb       0x5e ../Bai2_Them_bsp/\libhal_bsp.a(alt_errno.o)
 .debug_abbrev  0x00000959       0x3f ../Bai2_Them_bsp/\libhal_bsp.a(alt_icache_flush_all.o)
 .debug_abbrev  0x00000998       0xf0 ../Bai2_Them_bsp/\libhal_bsp.a(alt_io_redirect.o)
 .debug_abbrev  0x00000a88      0x112 ../Bai2_Them_bsp/\libhal_bsp.a(alt_open.o)
 .debug_abbrev  0x00000b9a       0xc1 ../Bai2_Them_bsp/\libhal_bsp.a(alt_release_fd.o)
 .debug_abbrev  0x00000c5b       0x3f ../Bai2_Them_bsp/\libhal_bsp.a(altera_nios2_qsys_irq.o)
 .debug_abbrev  0x00000c9a       0xcf ../Bai2_Them_bsp/\libhal_bsp.a(alt_find_dev.o)
 .debug_abbrev  0x00000d69       0xcf ../Bai2_Them_bsp/\libhal_bsp.a(alt_find_file.o)
 .debug_abbrev  0x00000e38       0xfb ../Bai2_Them_bsp/\libhal_bsp.a(alt_get_fd.o)
 .debug_abbrev  0x00000f33       0xc6 e:/quartus/nios2eds/bin/gnu/h-i686-mingw32/bin/../lib/gcc/nios2-elf/4.1.2/../../../../nios2-elf/lib/mno-hw-mul\libsmallc.a(lib_a-atexit.o)
 .debug_abbrev  0x00000ff9       0x4e e:/quartus/nios2eds/bin/gnu/h-i686-mingw32/bin/../lib/gcc/nios2-elf/4.1.2/../../../../nios2-elf/lib/mno-hw-mul\libsmallc.a(lib_a-exit.o)
 .debug_abbrev  0x00001047       0x3b e:/quartus/nios2eds/bin/gnu/h-i686-mingw32/bin/../lib/gcc/nios2-elf/4.1.2/../../../../nios2-elf/lib/mno-hw-mul\libsmallc.a(lib_a-int_errno.o)
 .debug_abbrev  0x00001082       0x7c e:/quartus/nios2eds/bin/gnu/h-i686-mingw32/bin/../lib/gcc/nios2-elf/4.1.2/../../../../nios2-elf/lib/mno-hw-mul\libsmallc.a(lib_a-memcmp.o)
 .debug_abbrev  0x000010fe       0x7a e:/quartus/nios2eds/bin/gnu/h-i686-mingw32/bin/../lib/gcc/nios2-elf/4.1.2/../../../../nios2-elf/lib/mno-hw-mul\libsmallc.a(lib_a-strlen.o)
 .debug_abbrev  0x00001178      0x196 e:/quartus/nios2eds/bin/gnu/h-i686-mingw32/bin/../lib/gcc/nios2-elf/4.1.2/../../../../nios2-elf/lib/mno-hw-mul\libsmallc.a(lib_a-__atexit.o)
 .debug_abbrev  0x0000130e      0x1c6 e:/quartus/nios2eds/bin/gnu/h-i686-mingw32/bin/../lib/gcc/nios2-elf/4.1.2/../../../../nios2-elf/lib/mno-hw-mul\libsmallc.a(lib_a-__call_atexit.o)
 .debug_abbrev  0x000014d4      0x13f e:/quartus/nios2eds/bin/gnu/h-i686-mingw32/bin/../lib/gcc/nios2-elf/4.1.2/../../../../nios2-elf/lib/mno-hw-mul\libsmallc.a(lib_a-impure.o)
 .debug_abbrev  0x00001613       0x7b e:/quartus/nios2eds/bin/gnu/h-i686-mingw32/bin/../lib/gcc/nios2-elf/4.1.2/mno-hw-mul\libgcc.a(lib2-mul.o)
 .debug_abbrev  0x0000168e       0x72 ../Bai2_Them_bsp/\libhal_bsp.a(alt_exit.o)

.debug_line     0x00000000     0x43b5
 *(.debug_line)
 .debug_line    0x00000000       0x66 ../Bai2_Them_bsp//obj/HAL/src/crt0.o
 .debug_line    0x00000066       0x98 obj/default/source.o
 .debug_line    0x000000fe      0x209 ../Bai2_Them_bsp/\libhal_bsp.a(alt_load.o)
 .debug_line    0x00000307      0x2bc ../Bai2_Them_bsp/\libhal_bsp.a(alt_main.o)
 .debug_line    0x000005c3      0x298 ../Bai2_Them_bsp/\libhal_bsp.a(alt_sys_init.o)
 .debug_line    0x0000085b      0x1d0 ../Bai2_Them_bsp/\libhal_bsp.a(altera_avalon_jtag_uart_fd.o)
 .debug_line    0x00000a2b      0x335 ../Bai2_Them_bsp/\libhal_bsp.a(altera_avalon_jtag_uart_read.o)
 .debug_line    0x00000d60      0x2f6 ../Bai2_Them_bsp/\libhal_bsp.a(altera_avalon_jtag_uart_write.o)
 .debug_line    0x00001056      0x28b ../Bai2_Them_bsp/\libhal_bsp.a(alt_close.o)
 .debug_line    0x000012e1      0x1a7 ../Bai2_Them_bsp/\libhal_bsp.a(alt_dcache_flush_all.o)
 .debug_line    0x00001488      0x246 ../Bai2_Them_bsp/\libhal_bsp.a(alt_dev.o)
 .debug_line    0x000016ce      0x24c ../Bai2_Them_bsp/\libhal_bsp.a(alt_dev_llist_insert.o)
 .debug_line    0x0000191a       0x83 ../Bai2_Them_bsp/\libhal_bsp.a(alt_do_ctors.o)
 .debug_line    0x0000199d       0x83 ../Bai2_Them_bsp/\libhal_bsp.a(alt_do_dtors.o)
 .debug_line    0x00001a20      0x19c ../Bai2_Them_bsp/\libhal_bsp.a(alt_errno.o)
 .debug_line    0x00001bbc      0x1a7 ../Bai2_Them_bsp/\libhal_bsp.a(alt_icache_flush_all.o)
 .debug_line    0x00001d63      0x2a6 ../Bai2_Them_bsp/\libhal_bsp.a(alt_io_redirect.o)
 .debug_line    0x00002009      0x2f1 ../Bai2_Them_bsp/\libhal_bsp.a(alt_open.o)
 .debug_line    0x000022fa       0xed ../Bai2_Them_bsp/\libhal_bsp.a(alt_release_fd.o)
 .debug_line    0x000023e7      0x1c0 ../Bai2_Them_bsp/\libhal_bsp.a(altera_nios2_qsys_irq.o)
 .debug_line    0x000025a7      0x25d ../Bai2_Them_bsp/\libhal_bsp.a(alt_find_dev.o)
 .debug_line    0x00002804      0x26e ../Bai2_Them_bsp/\libhal_bsp.a(alt_find_file.o)
 .debug_line    0x00002a72      0x289 ../Bai2_Them_bsp/\libhal_bsp.a(alt_get_fd.o)
 .debug_line    0x00002cfb      0x203 e:/quartus/nios2eds/bin/gnu/h-i686-mingw32/bin/../lib/gcc/nios2-elf/4.1.2/../../../../nios2-elf/lib/mno-hw-mul\libsmallc.a(lib_a-atexit.o)
 .debug_line    0x00002efe      0x223 e:/quartus/nios2eds/bin/gnu/h-i686-mingw32/bin/../lib/gcc/nios2-elf/4.1.2/../../../../nios2-elf/lib/mno-hw-mul\libsmallc.a(lib_a-exit.o)
 .debug_line    0x00003121      0x1e2 e:/quartus/nios2eds/bin/gnu/h-i686-mingw32/bin/../lib/gcc/nios2-elf/4.1.2/../../../../nios2-elf/lib/mno-hw-mul\libsmallc.a(lib_a-int_errno.o)
 .debug_line    0x00003303      0x270 e:/quartus/nios2eds/bin/gnu/h-i686-mingw32/bin/../lib/gcc/nios2-elf/4.1.2/../../../../nios2-elf/lib/mno-hw-mul\libsmallc.a(lib_a-memcmp.o)
 .debug_line    0x00003573      0x250 e:/quartus/nios2eds/bin/gnu/h-i686-mingw32/bin/../lib/gcc/nios2-elf/4.1.2/../../../../nios2-elf/lib/mno-hw-mul\libsmallc.a(lib_a-strlen.o)
 .debug_line    0x000037c3      0x350 e:/quartus/nios2eds/bin/gnu/h-i686-mingw32/bin/../lib/gcc/nios2-elf/4.1.2/../../../../nios2-elf/lib/mno-hw-mul\libsmallc.a(lib_a-__atexit.o)
 .debug_line    0x00003b13      0x360 e:/quartus/nios2eds/bin/gnu/h-i686-mingw32/bin/../lib/gcc/nios2-elf/4.1.2/../../../../nios2-elf/lib/mno-hw-mul\libsmallc.a(lib_a-__call_atexit.o)
 .debug_line    0x00003e73      0x230 e:/quartus/nios2eds/bin/gnu/h-i686-mingw32/bin/../lib/gcc/nios2-elf/4.1.2/../../../../nios2-elf/lib/mno-hw-mul\libsmallc.a(lib_a-impure.o)
 .debug_line    0x000040a3      0x11a e:/quartus/nios2eds/bin/gnu/h-i686-mingw32/bin/../lib/gcc/nios2-elf/4.1.2/mno-hw-mul\libgcc.a(lib2-mul.o)
 .debug_line    0x000041bd      0x1f8 ../Bai2_Them_bsp/\libhal_bsp.a(alt_exit.o)

.debug_frame    0x00000000      0x61c
 *(.debug_frame)
 .debug_frame   0x00000000       0x2c obj/default/source.o
 .debug_frame   0x0000002c       0x48 ../Bai2_Them_bsp/\libhal_bsp.a(alt_load.o)
 .debug_frame   0x00000074       0x2c ../Bai2_Them_bsp/\libhal_bsp.a(alt_main.o)
 .debug_frame   0x000000a0       0x64 ../Bai2_Them_bsp/\libhal_bsp.a(alt_sys_init.o)
 .debug_frame   0x00000104       0x48 ../Bai2_Them_bsp/\libhal_bsp.a(altera_avalon_jtag_uart_fd.o)
 .debug_frame   0x0000014c       0x2c ../Bai2_Them_bsp/\libhal_bsp.a(altera_avalon_jtag_uart_read.o)
 .debug_frame   0x00000178       0x2c ../Bai2_Them_bsp/\libhal_bsp.a(altera_avalon_jtag_uart_write.o)
 .debug_frame   0x000001a4       0x48 ../Bai2_Them_bsp/\libhal_bsp.a(alt_close.o)
 .debug_frame   0x000001ec       0x2c ../Bai2_Them_bsp/\libhal_bsp.a(alt_dcache_flush_all.o)
 .debug_frame   0x00000218       0x2c ../Bai2_Them_bsp/\libhal_bsp.a(alt_dev.o)
 .debug_frame   0x00000244       0x48 ../Bai2_Them_bsp/\libhal_bsp.a(alt_dev_llist_insert.o)
 .debug_frame   0x0000028c       0x2c ../Bai2_Them_bsp/\libhal_bsp.a(alt_do_ctors.o)
 .debug_frame   0x000002b8       0x2c ../Bai2_Them_bsp/\libhal_bsp.a(alt_do_dtors.o)
 .debug_frame   0x000002e4       0x2c ../Bai2_Them_bsp/\libhal_bsp.a(alt_icache_flush_all.o)
 .debug_frame   0x00000310       0x4c ../Bai2_Them_bsp/\libhal_bsp.a(alt_io_redirect.o)
 .debug_frame   0x0000035c       0x68 ../Bai2_Them_bsp/\libhal_bsp.a(alt_open.o)
 .debug_frame   0x000003c4       0x30 ../Bai2_Them_bsp/\libhal_bsp.a(alt_release_fd.o)
 .debug_frame   0x000003f4       0x2c ../Bai2_Them_bsp/\libhal_bsp.a(altera_nios2_qsys_irq.o)
 .debug_frame   0x00000420       0x2c ../Bai2_Them_bsp/\libhal_bsp.a(alt_find_dev.o)
 .debug_frame   0x0000044c       0x2c ../Bai2_Them_bsp/\libhal_bsp.a(alt_find_file.o)
 .debug_frame   0x00000478       0x30 ../Bai2_Them_bsp/\libhal_bsp.a(alt_get_fd.o)
 .debug_frame   0x000004a8       0x20 e:/quartus/nios2eds/bin/gnu/h-i686-mingw32/bin/../lib/gcc/nios2-elf/4.1.2/../../../../nios2-elf/lib/mno-hw-mul\libsmallc.a(lib_a-atexit.o)
 .debug_frame   0x000004c8       0x2c e:/quartus/nios2eds/bin/gnu/h-i686-mingw32/bin/../lib/gcc/nios2-elf/4.1.2/../../../../nios2-elf/lib/mno-hw-mul\libsmallc.a(lib_a-exit.o)
 .debug_frame   0x000004f4       0x20 e:/quartus/nios2eds/bin/gnu/h-i686-mingw32/bin/../lib/gcc/nios2-elf/4.1.2/../../../../nios2-elf/lib/mno-hw-mul\libsmallc.a(lib_a-memcmp.o)
 .debug_frame   0x00000514       0x20 e:/quartus/nios2eds/bin/gnu/h-i686-mingw32/bin/../lib/gcc/nios2-elf/4.1.2/../../../../nios2-elf/lib/mno-hw-mul\libsmallc.a(lib_a-strlen.o)
 .debug_frame   0x00000534       0x34 e:/quartus/nios2eds/bin/gnu/h-i686-mingw32/bin/../lib/gcc/nios2-elf/4.1.2/../../../../nios2-elf/lib/mno-hw-mul\libsmallc.a(lib_a-__atexit.o)
 .debug_frame   0x00000568       0x4c e:/quartus/nios2eds/bin/gnu/h-i686-mingw32/bin/../lib/gcc/nios2-elf/4.1.2/../../../../nios2-elf/lib/mno-hw-mul\libsmallc.a(lib_a-__call_atexit.o)
 .debug_frame   0x000005b4       0x20 e:/quartus/nios2eds/bin/gnu/h-i686-mingw32/bin/../lib/gcc/nios2-elf/4.1.2/mno-hw-mul\libgcc.a(lib2-mul.o)
 .debug_frame   0x000005d4       0x48 ../Bai2_Them_bsp/\libhal_bsp.a(alt_exit.o)

.debug_str      0x00000000      0x98d
 *(.debug_str)
 .debug_str     0x00000000       0x12 obj/default/source.o
 .debug_str     0x00000012       0x12 ../Bai2_Them_bsp/\libhal_bsp.a(alt_load.o)
 .debug_str     0x00000024       0x12 ../Bai2_Them_bsp/\libhal_bsp.a(alt_main.o)
 .debug_str     0x00000036       0x12 ../Bai2_Them_bsp/\libhal_bsp.a(alt_sys_init.o)
 .debug_str     0x00000048       0x12 ../Bai2_Them_bsp/\libhal_bsp.a(altera_avalon_jtag_uart_read.o)
 .debug_str     0x0000005a       0x12 ../Bai2_Them_bsp/\libhal_bsp.a(altera_avalon_jtag_uart_write.o)
 .debug_str     0x0000006c       0x12 ../Bai2_Them_bsp/\libhal_bsp.a(alt_close.o)
 .debug_str     0x0000007e       0x12 ../Bai2_Them_bsp/\libhal_bsp.a(alt_dcache_flush_all.o)
 .debug_str     0x00000090       0x12 ../Bai2_Them_bsp/\libhal_bsp.a(alt_dev.o)
 .debug_str     0x000000a2       0x12 ../Bai2_Them_bsp/\libhal_bsp.a(alt_dev_llist_insert.o)
 .debug_str     0x000000b4       0x12 ../Bai2_Them_bsp/\libhal_bsp.a(alt_errno.o)
 .debug_str     0x000000c6       0x12 ../Bai2_Them_bsp/\libhal_bsp.a(alt_icache_flush_all.o)
 .debug_str     0x000000d8       0x12 ../Bai2_Them_bsp/\libhal_bsp.a(alt_io_redirect.o)
 .debug_str     0x000000ea       0x12 ../Bai2_Them_bsp/\libhal_bsp.a(alt_open.o)
 .debug_str     0x000000fc       0x12 ../Bai2_Them_bsp/\libhal_bsp.a(altera_nios2_qsys_irq.o)
 .debug_str     0x0000010e       0x12 ../Bai2_Them_bsp/\libhal_bsp.a(alt_find_dev.o)
 .debug_str     0x00000120       0x12 ../Bai2_Them_bsp/\libhal_bsp.a(alt_find_file.o)
 .debug_str     0x00000132       0x12 ../Bai2_Them_bsp/\libhal_bsp.a(alt_get_fd.o)
 .debug_str     0x00000144      0x19f e:/quartus/nios2eds/bin/gnu/h-i686-mingw32/bin/../lib/gcc/nios2-elf/4.1.2/../../../../nios2-elf/lib/mno-hw-mul\libsmallc.a(lib_a-atexit.o)
                                0x1e5 (size before relaxing)
 .debug_str     0x000002e3       0x41 e:/quartus/nios2eds/bin/gnu/h-i686-mingw32/bin/../lib/gcc/nios2-elf/4.1.2/../../../../nios2-elf/lib/mno-hw-mul\libsmallc.a(lib_a-exit.o)
                                0x178 (size before relaxing)
 .debug_str     0x00000324       0xdc e:/quartus/nios2eds/bin/gnu/h-i686-mingw32/bin/../lib/gcc/nios2-elf/4.1.2/../../../../nios2-elf/lib/mno-hw-mul\libsmallc.a(lib_a-int_errno.o)
                                0x177 (size before relaxing)
 .debug_str     0x00000400       0xe9 e:/quartus/nios2eds/bin/gnu/h-i686-mingw32/bin/../lib/gcc/nios2-elf/4.1.2/../../../../nios2-elf/lib/mno-hw-mul\libsmallc.a(lib_a-memcmp.o)
                                0x17e (size before relaxing)
 .debug_str     0x000004e9       0x45 e:/quartus/nios2eds/bin/gnu/h-i686-mingw32/bin/../lib/gcc/nios2-elf/4.1.2/../../../../nios2-elf/lib/mno-hw-mul\libsmallc.a(lib_a-strlen.o)
                                0x184 (size before relaxing)
 .debug_str     0x0000052e      0x2b0 e:/quartus/nios2eds/bin/gnu/h-i686-mingw32/bin/../lib/gcc/nios2-elf/4.1.2/../../../../nios2-elf/lib/mno-hw-mul\libsmallc.a(lib_a-__atexit.o)
                                0x467 (size before relaxing)
 .debug_str     0x000007de       0x7e e:/quartus/nios2eds/bin/gnu/h-i686-mingw32/bin/../lib/gcc/nios2-elf/4.1.2/../../../../nios2-elf/lib/mno-hw-mul\libsmallc.a(lib_a-__call_atexit.o)
                                0x491 (size before relaxing)
 .debug_str     0x0000085c       0x49 e:/quartus/nios2eds/bin/gnu/h-i686-mingw32/bin/../lib/gcc/nios2-elf/4.1.2/../../../../nios2-elf/lib/mno-hw-mul\libsmallc.a(lib_a-impure.o)
                                0x45d (size before relaxing)
 .debug_str     0x000008a5       0xcc e:/quartus/nios2eds/bin/gnu/h-i686-mingw32/bin/../lib/gcc/nios2-elf/4.1.2/mno-hw-mul\libgcc.a(lib2-mul.o)
                                0x175 (size before relaxing)
 .debug_str     0x00000971       0x1c ../Bai2_Them_bsp/\libhal_bsp.a(alt_exit.o)

.debug_loc      0x00000000      0x99a
 *(.debug_loc)
 .debug_loc     0x00000000       0x2b obj/default/source.o
 .debug_loc     0x0000002b       0x56 ../Bai2_Them_bsp/\libhal_bsp.a(alt_load.o)
 .debug_loc     0x00000081       0x2b ../Bai2_Them_bsp/\libhal_bsp.a(alt_main.o)
 .debug_loc     0x000000ac       0x81 ../Bai2_Them_bsp/\libhal_bsp.a(alt_sys_init.o)
 .debug_loc     0x0000012d       0x56 ../Bai2_Them_bsp/\libhal_bsp.a(altera_avalon_jtag_uart_fd.o)
 .debug_loc     0x00000183       0x2b ../Bai2_Them_bsp/\libhal_bsp.a(altera_avalon_jtag_uart_read.o)
 .debug_loc     0x000001ae       0x2b ../Bai2_Them_bsp/\libhal_bsp.a(altera_avalon_jtag_uart_write.o)
 .debug_loc     0x000001d9       0x56 ../Bai2_Them_bsp/\libhal_bsp.a(alt_close.o)
 .debug_loc     0x0000022f       0x2b ../Bai2_Them_bsp/\libhal_bsp.a(alt_dcache_flush_all.o)
 .debug_loc     0x0000025a       0x2b ../Bai2_Them_bsp/\libhal_bsp.a(alt_dev.o)
 .debug_loc     0x00000285       0x56 ../Bai2_Them_bsp/\libhal_bsp.a(alt_dev_llist_insert.o)
 .debug_loc     0x000002db       0x2b ../Bai2_Them_bsp/\libhal_bsp.a(alt_do_ctors.o)
 .debug_loc     0x00000306       0x2b ../Bai2_Them_bsp/\libhal_bsp.a(alt_do_dtors.o)
 .debug_loc     0x00000331       0x2b ../Bai2_Them_bsp/\libhal_bsp.a(alt_icache_flush_all.o)
 .debug_loc     0x0000035c       0x56 ../Bai2_Them_bsp/\libhal_bsp.a(alt_io_redirect.o)
 .debug_loc     0x000003b2       0x81 ../Bai2_Them_bsp/\libhal_bsp.a(alt_open.o)
 .debug_loc     0x00000433       0x2b ../Bai2_Them_bsp/\libhal_bsp.a(alt_release_fd.o)
 .debug_loc     0x0000045e       0x2b ../Bai2_Them_bsp/\libhal_bsp.a(altera_nios2_qsys_irq.o)
 .debug_loc     0x00000489       0x2b ../Bai2_Them_bsp/\libhal_bsp.a(alt_find_dev.o)
 .debug_loc     0x000004b4       0x2b ../Bai2_Them_bsp/\libhal_bsp.a(alt_find_file.o)
 .debug_loc     0x000004df       0x2b ../Bai2_Them_bsp/\libhal_bsp.a(alt_get_fd.o)
 .debug_loc     0x0000050a       0x1e e:/quartus/nios2eds/bin/gnu/h-i686-mingw32/bin/../lib/gcc/nios2-elf/4.1.2/../../../../nios2-elf/lib/mno-hw-mul\libsmallc.a(lib_a-atexit.o)
 .debug_loc     0x00000528       0x3d e:/quartus/nios2eds/bin/gnu/h-i686-mingw32/bin/../lib/gcc/nios2-elf/4.1.2/../../../../nios2-elf/lib/mno-hw-mul\libsmallc.a(lib_a-exit.o)
 .debug_loc     0x00000565       0x70 e:/quartus/nios2eds/bin/gnu/h-i686-mingw32/bin/../lib/gcc/nios2-elf/4.1.2/../../../../nios2-elf/lib/mno-hw-mul\libsmallc.a(lib_a-memcmp.o)
 .debug_loc     0x000005d5       0x1e e:/quartus/nios2eds/bin/gnu/h-i686-mingw32/bin/../lib/gcc/nios2-elf/4.1.2/../../../../nios2-elf/lib/mno-hw-mul\libsmallc.a(lib_a-strlen.o)
 .debug_loc     0x000005f3      0x141 e:/quartus/nios2eds/bin/gnu/h-i686-mingw32/bin/../lib/gcc/nios2-elf/4.1.2/../../../../nios2-elf/lib/mno-hw-mul\libsmallc.a(lib_a-__atexit.o)
 .debug_loc     0x00000734      0x1c1 e:/quartus/nios2eds/bin/gnu/h-i686-mingw32/bin/../lib/gcc/nios2-elf/4.1.2/../../../../nios2-elf/lib/mno-hw-mul\libsmallc.a(lib_a-__call_atexit.o)
 .debug_loc     0x000008f5       0x4f e:/quartus/nios2eds/bin/gnu/h-i686-mingw32/bin/../lib/gcc/nios2-elf/4.1.2/mno-hw-mul\libgcc.a(lib2-mul.o)
 .debug_loc     0x00000944       0x56 ../Bai2_Them_bsp/\libhal_bsp.a(alt_exit.o)

.debug_macinfo
 *(.debug_macinfo)

.debug_weaknames
 *(.debug_weaknames)

.debug_funcnames
 *(.debug_funcnames)

.debug_typenames
 *(.debug_typenames)

.debug_varnames
 *(.debug_varnames)

.debug_alt_sim_info
                0x00000000       0x10
 *(.debug_alt_sim_info)
 .debug_alt_sim_info
                0x00000000       0x10 ../Bai2_Them_bsp//obj/HAL/src/crt0.o
                0x00010000                __alt_data_end = 0x10000
                0x00010000                PROVIDE (__alt_stack_pointer, __alt_data_end)
                0x00009ad4                PROVIDE (__alt_stack_limit, __alt_stack_base)
                0x00009ad4                PROVIDE (__alt_heap_start, end)
                0x00010000                PROVIDE (__alt_heap_limit, 0x10000)
OUTPUT(Bai2_Them.elf elf32-littlenios2)

.debug_ranges   0x00000000       0x38
 .debug_ranges  0x00000000       0x20 ../Bai2_Them_bsp//obj/HAL/src/crt0.o
 .debug_ranges  0x00000020       0x18 e:/quartus/nios2eds/bin/gnu/h-i686-mingw32/bin/../lib/gcc/nios2-elf/4.1.2/../../../../nios2-elf/lib/mno-hw-mul\libsmallc.a(lib_a-__call_atexit.o)
