Archive member included because of file (symbol)

c:/altera/13.0sp1/nios2eds/bin/gnu/h-i686-mingw32/bin/../lib/gcc/nios2-elf/4.1.2/mno-hw-mul\libgcc.a(lib2-divmod.o)
                              obj/default/hello_world.o (__divsi3)
c:/altera/13.0sp1/nios2eds/bin/gnu/h-i686-mingw32/bin/../lib/gcc/nios2-elf/4.1.2/mno-hw-mul\libgcc.a(lib2-mul.o)
                              obj/default/hello_world.o (__mulsi3)
../LCD_bsp/\libhal_bsp.a(alt_load.o)
                              ../LCD_bsp//obj/HAL/src/crt0.o (alt_load)
../LCD_bsp/\libhal_bsp.a(alt_main.o)
                              ../LCD_bsp//obj/HAL/src/crt0.o (alt_main)
../LCD_bsp/\libhal_bsp.a(alt_sys_init.o)
                              ../LCD_bsp/\libhal_bsp.a(alt_main.o) (alt_irq_init)
../LCD_bsp/\libhal_bsp.a(altera_avalon_jtag_uart_fd.o)
                              ../LCD_bsp/\libhal_bsp.a(alt_sys_init.o) (altera_avalon_jtag_uart_read_fd)
../LCD_bsp/\libhal_bsp.a(altera_avalon_jtag_uart_read.o)
                              ../LCD_bsp/\libhal_bsp.a(altera_avalon_jtag_uart_fd.o) (altera_avalon_jtag_uart_read)
../LCD_bsp/\libhal_bsp.a(altera_avalon_jtag_uart_write.o)
                              ../LCD_bsp/\libhal_bsp.a(altera_avalon_jtag_uart_fd.o) (altera_avalon_jtag_uart_write)
../LCD_bsp/\libhal_bsp.a(alt_close.o)
                              ../LCD_bsp/\libhal_bsp.a(alt_main.o) (close)
../LCD_bsp/\libhal_bsp.a(alt_dcache_flush_all.o)
                              ../LCD_bsp/\libhal_bsp.a(alt_load.o) (alt_dcache_flush_all)
../LCD_bsp/\libhal_bsp.a(alt_dev.o)
                              ../LCD_bsp/\libhal_bsp.a(alt_sys_init.o) (alt_dev_list)
../LCD_bsp/\libhal_bsp.a(alt_dev_llist_insert.o)
                              ../LCD_bsp/\libhal_bsp.a(alt_sys_init.o) (alt_dev_llist_insert)
../LCD_bsp/\libhal_bsp.a(alt_do_ctors.o)
                              ../LCD_bsp/\libhal_bsp.a(alt_main.o) (_do_ctors)
../LCD_bsp/\libhal_bsp.a(alt_do_dtors.o)
                              ../LCD_bsp/\libhal_bsp.a(alt_main.o) (_do_dtors)
../LCD_bsp/\libhal_bsp.a(alt_errno.o)
                              ../LCD_bsp/\libhal_bsp.a(alt_close.o) (alt_errno)
../LCD_bsp/\libhal_bsp.a(alt_icache_flush_all.o)
                              ../LCD_bsp/\libhal_bsp.a(alt_load.o) (alt_icache_flush_all)
../LCD_bsp/\libhal_bsp.a(alt_io_redirect.o)
                              ../LCD_bsp/\libhal_bsp.a(alt_main.o) (alt_io_redirect)
../LCD_bsp/\libhal_bsp.a(alt_open.o)
                              ../LCD_bsp/\libhal_bsp.a(alt_io_redirect.o) (open)
../LCD_bsp/\libhal_bsp.a(alt_release_fd.o)
                              ../LCD_bsp/\libhal_bsp.a(alt_close.o) (alt_release_fd)
../LCD_bsp/\libhal_bsp.a(altera_nios2_qsys_irq.o)
                              ../LCD_bsp/\libhal_bsp.a(alt_sys_init.o) (altera_nios2_qsys_irq_init)
../LCD_bsp/\libhal_bsp.a(alt_find_dev.o)
                              ../LCD_bsp/\libhal_bsp.a(alt_open.o) (alt_find_dev)
../LCD_bsp/\libhal_bsp.a(alt_find_file.o)
                              ../LCD_bsp/\libhal_bsp.a(alt_open.o) (alt_find_file)
../LCD_bsp/\libhal_bsp.a(alt_get_fd.o)
                              ../LCD_bsp/\libhal_bsp.a(alt_open.o) (alt_get_fd)
c:/altera/13.0sp1/nios2eds/bin/gnu/h-i686-mingw32/bin/../lib/gcc/nios2-elf/4.1.2/../../../../nios2-elf/lib/mno-hw-mul\libsmallc.a(lib_a-atexit.o)
                              ../LCD_bsp/\libhal_bsp.a(alt_main.o) (atexit)
c:/altera/13.0sp1/nios2eds/bin/gnu/h-i686-mingw32/bin/../lib/gcc/nios2-elf/4.1.2/../../../../nios2-elf/lib/mno-hw-mul\libsmallc.a(lib_a-exit.o)
                              ../LCD_bsp/\libhal_bsp.a(alt_main.o) (exit)
c:/altera/13.0sp1/nios2eds/bin/gnu/h-i686-mingw32/bin/../lib/gcc/nios2-elf/4.1.2/../../../../nios2-elf/lib/mno-hw-mul\libsmallc.a(lib_a-int_errno.o)
                              ../LCD_bsp/\libhal_bsp.a(alt_close.o) (errno)
c:/altera/13.0sp1/nios2eds/bin/gnu/h-i686-mingw32/bin/../lib/gcc/nios2-elf/4.1.2/../../../../nios2-elf/lib/mno-hw-mul\libsmallc.a(lib_a-memcmp.o)
                              ../LCD_bsp/\libhal_bsp.a(alt_find_dev.o) (memcmp)
c:/altera/13.0sp1/nios2eds/bin/gnu/h-i686-mingw32/bin/../lib/gcc/nios2-elf/4.1.2/../../../../nios2-elf/lib/mno-hw-mul\libsmallc.a(lib_a-strlen.o)
                              ../LCD_bsp/\libhal_bsp.a(alt_find_dev.o) (strlen)
c:/altera/13.0sp1/nios2eds/bin/gnu/h-i686-mingw32/bin/../lib/gcc/nios2-elf/4.1.2/../../../../nios2-elf/lib/mno-hw-mul\libsmallc.a(lib_a-__atexit.o)
                              c:/altera/13.0sp1/nios2eds/bin/gnu/h-i686-mingw32/bin/../lib/gcc/nios2-elf/4.1.2/../../../../nios2-elf/lib/mno-hw-mul\libsmallc.a(lib_a-atexit.o) (__register_exitproc)
c:/altera/13.0sp1/nios2eds/bin/gnu/h-i686-mingw32/bin/../lib/gcc/nios2-elf/4.1.2/../../../../nios2-elf/lib/mno-hw-mul\libsmallc.a(lib_a-__call_atexit.o)
                              c:/altera/13.0sp1/nios2eds/bin/gnu/h-i686-mingw32/bin/../lib/gcc/nios2-elf/4.1.2/../../../../nios2-elf/lib/mno-hw-mul\libsmallc.a(lib_a-exit.o) (__call_exitprocs)
c:/altera/13.0sp1/nios2eds/bin/gnu/h-i686-mingw32/bin/../lib/gcc/nios2-elf/4.1.2/../../../../nios2-elf/lib/mno-hw-mul\libsmallc.a(lib_a-impure.o)
                              c:/altera/13.0sp1/nios2eds/bin/gnu/h-i686-mingw32/bin/../lib/gcc/nios2-elf/4.1.2/../../../../nios2-elf/lib/mno-hw-mul\libsmallc.a(lib_a-__atexit.o) (_global_impure_ptr)
../LCD_bsp/\libhal_bsp.a(alt_exit.o)
                              c:/altera/13.0sp1/nios2eds/bin/gnu/h-i686-mingw32/bin/../lib/gcc/nios2-elf/4.1.2/../../../../nios2-elf/lib/mno-hw-mul\libsmallc.a(lib_a-exit.o) (_exit)

Allocating common symbols
Common symbol       size              file

errno               0x4               c:/altera/13.0sp1/nios2eds/bin/gnu/h-i686-mingw32/bin/../lib/gcc/nios2-elf/4.1.2/../../../../nios2-elf/lib/mno-hw-mul\libsmallc.a(lib_a-int_errno.o)
_atexit0            0x8c              c:/altera/13.0sp1/nios2eds/bin/gnu/h-i686-mingw32/bin/../lib/gcc/nios2-elf/4.1.2/../../../../nios2-elf/lib/mno-hw-mul\libsmallc.a(lib_a-atexit.o)

Memory Configuration

Name             Origin             Length             Attributes
reset            0x00008000         0x00000020
onchip_memory2_0 0x00008020         0x00007fe0
*default*        0x00000000         0xffffffff

Linker script and memory map

LOAD ../LCD_bsp//obj/HAL/src/crt0.o
LOAD obj/default/hello_world.o
LOAD c:/altera/13.0sp1/nios2eds/bin/gnu/h-i686-mingw32/bin/../lib/gcc/nios2-elf/4.1.2/../../../../nios2-elf/lib/mno-hw-mul\libstdc++.a
LOAD c:/altera/13.0sp1/nios2eds/bin/gnu/h-i686-mingw32/bin/../lib/gcc/nios2-elf/4.1.2/../../../../nios2-elf/lib/mno-hw-mul\libm.a
LOAD c:/altera/13.0sp1/nios2eds/bin/gnu/h-i686-mingw32/bin/../lib/gcc/nios2-elf/4.1.2/mno-hw-mul\libgcc.a
START GROUP
LOAD c:/altera/13.0sp1/nios2eds/bin/gnu/h-i686-mingw32/bin/../lib/gcc/nios2-elf/4.1.2/../../../../nios2-elf/lib/mno-hw-mul\libsmallc.a
LOAD c:/altera/13.0sp1/nios2eds/bin/gnu/h-i686-mingw32/bin/../lib/gcc/nios2-elf/4.1.2/mno-hw-mul\libgcc.a
LOAD ../LCD_bsp/\libhal_bsp.a
END GROUP
LOAD c:/altera/13.0sp1/nios2eds/bin/gnu/h-i686-mingw32/bin/../lib/gcc/nios2-elf/4.1.2/mno-hw-mul\libgcc.a
                0x00008000                __alt_mem_onchip_memory2_0 = 0x8000

.entry          0x00008000       0x20
 *(.entry)
 .entry         0x00008000       0x20 ../LCD_bsp//obj/HAL/src/crt0.o
                0x00008000                __reset

.exceptions     0x00008020        0x0
                0x00008020                PROVIDE (__ram_exceptions_start, ABSOLUTE (.))
                0x00008020                . = ALIGN (0x20)
 *(.irq)
 *(.exceptions.entry.label)
 *(.exceptions.entry.user)
 *(.exceptions.entry)
 *(.exceptions.irqtest.user)
 *(.exceptions.irqtest)
 *(.exceptions.irqhandler.user)
 *(.exceptions.irqhandler)
 *(.exceptions.irqreturn.user)
 *(.exceptions.irqreturn)
 *(.exceptions.notirq.label)
 *(.exceptions.notirq.user)
 *(.exceptions.notirq)
 *(.exceptions.soft.user)
 *(.exceptions.soft)
 *(.exceptions.unknown.user)
 *(.exceptions.unknown)
 *(.exceptions.exit.label)
 *(.exceptions.exit.user)
 *(.exceptions.exit)
 *(.exceptions)
                0x00008020                PROVIDE (__ram_exceptions_end, ABSOLUTE (.))
                0x00008020                PROVIDE (__flash_exceptions_start, LOADADDR (.exceptions))

.text           0x00008020     0x1868
                0x00008020                PROVIDE (stext, ABSOLUTE (.))
 *(.interp)
 *(.hash)
 *(.dynsym)
 *(.dynstr)
 *(.gnu.version)
 *(.gnu.version_d)
 *(.gnu.version_r)
 *(.rel.init)
 *(.rela.init)
 *(.rel.text .rel.text.* .rel.gnu.linkonce.t.*)
 *(.rela.text .rela.text.* .rela.gnu.linkonce.t.*)
 *(.rel.fini)
 *(.rela.fini)
 *(.rel.rodata .rel.rodata.* .rel.gnu.linkonce.r.*)
 *(.rela.rodata .rela.rodata.* .rela.gnu.linkonce.r.*)
 *(.rel.data .rel.data.* .rel.gnu.linkonce.d.*)
 *(.rela.data .rela.data.* .rela.gnu.linkonce.d.*)
 *(.rel.tdata .rel.tdata.* .rel.gnu.linkonce.td.*)
 *(.rela.tdata .rela.tdata.* .rela.gnu.linkonce.td.*)
 *(.rel.tbss .rel.tbss.* .rel.gnu.linkonce.tb.*)
 *(.rela.tbss .rela.tbss.* .rela.gnu.linkonce.tb.*)
 *(.rel.ctors)
 *(.rela.ctors)
 *(.rel.dtors)
 *(.rela.dtors)
 *(.rel.got)
 *(.rela.got)
 *(.rel.sdata .rel.sdata.* .rel.gnu.linkonce.s.*)
 *(.rela.sdata .rela.sdata.* .rela.gnu.linkonce.s.*)
 *(.rel.sbss .rel.sbss.* .rel.gnu.linkonce.sb.*)
 *(.rela.sbss .rela.sbss.* .rela.gnu.linkonce.sb.*)
 *(.rel.sdata2 .rel.sdata2.* .rel.gnu.linkonce.s2.*)
 *(.rela.sdata2 .rela.sdata2.* .rela.gnu.linkonce.s2.*)
 *(.rel.sbss2 .rel.sbss2.* .rel.gnu.linkonce.sb2.*)
 *(.rela.sbss2 .rela.sbss2.* .rela.gnu.linkonce.sb2.*)
 *(.rel.bss .rel.bss.* .rel.gnu.linkonce.b.*)
 *(.rela.bss .rela.bss.* .rela.gnu.linkonce.b.*)
 *(.rel.plt)
 *(.rela.plt)
 *(.rel.dyn)
 *(.init)
 *(.plt)
 *(.text .stub .text.* .gnu.linkonce.t.*)
 .text          0x00008020       0x3c ../LCD_bsp//obj/HAL/src/crt0.o
                0x00008020                _start
 .text          0x0000805c      0x34c obj/default/hello_world.o
                0x0000805c                delay
                0x000080b0                command
                0x00008130                lcd_data
                0x000081b4                lcd_string
                0x0000823c                lcd_init
                0x00008298                main
 .text          0x000083a8      0x14c c:/altera/13.0sp1/nios2eds/bin/gnu/h-i686-mingw32/bin/../lib/gcc/nios2-elf/4.1.2/mno-hw-mul\libgcc.a(lib2-divmod.o)
                0x00008424                __divsi3
                0x00008484                __modsi3
                0x000084e4                __udivsi3
                0x000084ec                __umodsi3
 .text          0x000084f4       0x38 c:/altera/13.0sp1/nios2eds/bin/gnu/h-i686-mingw32/bin/../lib/gcc/nios2-elf/4.1.2/mno-hw-mul\libgcc.a(lib2-mul.o)
                0x000084f4                __mulsi3
 .text          0x0000852c       0xec ../LCD_bsp/\libhal_bsp.a(alt_load.o)
                0x0000852c                alt_load
 .text          0x00008618       0x6c ../LCD_bsp/\libhal_bsp.a(alt_main.o)
                0x00008618                alt_main
 .text          0x00008684       0x9c ../LCD_bsp/\libhal_bsp.a(alt_sys_init.o)
                0x00008684                alt_irq_init
                0x000086b8                alt_sys_init
 .text          0x00008720       0xb0 ../LCD_bsp/\libhal_bsp.a(altera_avalon_jtag_uart_fd.o)
                0x00008720                altera_avalon_jtag_uart_read_fd
                0x00008778                altera_avalon_jtag_uart_write_fd
 .text          0x000087d0      0x104 ../LCD_bsp/\libhal_bsp.a(altera_avalon_jtag_uart_read.o)
                0x000087d0                altera_avalon_jtag_uart_read
 .text          0x000088d4       0xa4 ../LCD_bsp/\libhal_bsp.a(altera_avalon_jtag_uart_write.o)
                0x000088d4                altera_avalon_jtag_uart_write
 .text          0x00008978      0x160 ../LCD_bsp/\libhal_bsp.a(alt_close.o)
                0x00008978                close
 .text          0x00008ad8       0x1c ../LCD_bsp/\libhal_bsp.a(alt_dcache_flush_all.o)
                0x00008ad8                alt_dcache_flush_all
 .text          0x00008af4       0x2c ../LCD_bsp/\libhal_bsp.a(alt_dev.o)
 .text          0x00008b20      0x114 ../LCD_bsp/\libhal_bsp.a(alt_dev_llist_insert.o)
                0x00008b20                alt_dev_llist_insert
 .text          0x00008c34       0x64 ../LCD_bsp/\libhal_bsp.a(alt_do_ctors.o)
                0x00008c34                _do_ctors
 .text          0x00008c98       0x64 ../LCD_bsp/\libhal_bsp.a(alt_do_dtors.o)
                0x00008c98                _do_dtors
 .text          0x00008cfc        0x0 ../LCD_bsp/\libhal_bsp.a(alt_errno.o)
 .text          0x00008cfc       0x1c ../LCD_bsp/\libhal_bsp.a(alt_icache_flush_all.o)
                0x00008cfc                alt_icache_flush_all
 .text          0x00008d18      0x150 ../LCD_bsp/\libhal_bsp.a(alt_io_redirect.o)
                0x00008df0                alt_io_redirect
 .text          0x00008e68      0x2e4 ../LCD_bsp/\libhal_bsp.a(alt_open.o)
                0x00008f60                open
 .text          0x0000914c       0x78 ../LCD_bsp/\libhal_bsp.a(alt_release_fd.o)
                0x0000914c                alt_release_fd
 .text          0x000091c4       0x20 ../LCD_bsp/\libhal_bsp.a(altera_nios2_qsys_irq.o)
                0x000091c4                altera_nios2_qsys_irq_init
 .text          0x000091e4       0x94 ../LCD_bsp/\libhal_bsp.a(alt_find_dev.o)
                0x000091e4                alt_find_dev
 .text          0x00009278      0x120 ../LCD_bsp/\libhal_bsp.a(alt_find_file.o)
                0x00009278                alt_find_file
 .text          0x00009398       0xd0 ../LCD_bsp/\libhal_bsp.a(alt_get_fd.o)
                0x00009398                alt_get_fd
 .text          0x00009468       0x14 c:/altera/13.0sp1/nios2eds/bin/gnu/h-i686-mingw32/bin/../lib/gcc/nios2-elf/4.1.2/../../../../nios2-elf/lib/mno-hw-mul\libsmallc.a(lib_a-atexit.o)
                0x00009468                atexit
 .text          0x0000947c       0x20 c:/altera/13.0sp1/nios2eds/bin/gnu/h-i686-mingw32/bin/../lib/gcc/nios2-elf/4.1.2/../../../../nios2-elf/lib/mno-hw-mul\libsmallc.a(lib_a-exit.o)
                0x0000947c                exit
 .text          0x0000949c        0x0 c:/altera/13.0sp1/nios2eds/bin/gnu/h-i686-mingw32/bin/../lib/gcc/nios2-elf/4.1.2/../../../../nios2-elf/lib/mno-hw-mul\libsmallc.a(lib_a-int_errno.o)
 .text          0x0000949c       0x3c c:/altera/13.0sp1/nios2eds/bin/gnu/h-i686-mingw32/bin/../lib/gcc/nios2-elf/4.1.2/../../../../nios2-elf/lib/mno-hw-mul\libsmallc.a(lib_a-memcmp.o)
                0x0000949c                memcmp
 .text          0x000094d8       0x20 c:/altera/13.0sp1/nios2eds/bin/gnu/h-i686-mingw32/bin/../lib/gcc/nios2-elf/4.1.2/../../../../nios2-elf/lib/mno-hw-mul\libsmallc.a(lib_a-strlen.o)
                0x000094d8                strlen
 .text          0x000094f8      0x16c c:/altera/13.0sp1/nios2eds/bin/gnu/h-i686-mingw32/bin/../lib/gcc/nios2-elf/4.1.2/../../../../nios2-elf/lib/mno-hw-mul\libsmallc.a(lib_a-__atexit.o)
                0x000094f8                __register_exitproc
 .text          0x00009664      0x1c0 c:/altera/13.0sp1/nios2eds/bin/gnu/h-i686-mingw32/bin/../lib/gcc/nios2-elf/4.1.2/../../../../nios2-elf/lib/mno-hw-mul\libsmallc.a(lib_a-__call_atexit.o)
                0x00009668                __call_exitprocs
 .text          0x00009824        0x0 c:/altera/13.0sp1/nios2eds/bin/gnu/h-i686-mingw32/bin/../lib/gcc/nios2-elf/4.1.2/../../../../nios2-elf/lib/mno-hw-mul\libsmallc.a(lib_a-impure.o)
 .text          0x00009824       0x60 ../LCD_bsp/\libhal_bsp.a(alt_exit.o)
                0x00009864                _exit
 *(.gnu.warning.*)
 *(.fini)
                0x00009884                PROVIDE (__etext, ABSOLUTE (.))
                0x00009884                PROVIDE (_etext, ABSOLUTE (.))
                0x00009884                PROVIDE (etext, ABSOLUTE (.))
 *(.eh_frame_hdr)
                0x00009884                . = ALIGN (0x4)
                0x00009884                PROVIDE (__preinit_array_start, ABSOLUTE (.))
 *(.preinit_array)
                0x00009884                PROVIDE (__preinit_array_end, ABSOLUTE (.))
                0x00009884                PROVIDE (__init_array_start, ABSOLUTE (.))
 *(.init_array)
                0x00009884                PROVIDE (__init_array_end, ABSOLUTE (.))
                0x00009884                PROVIDE (__fini_array_start, ABSOLUTE (.))
 *(.fini_array)
                0x00009884                PROVIDE (__fini_array_end, ABSOLUTE (.))
 *(.eh_frame)
 *(.gcc_except_table)
 *(.dynamic)
                0x00009884                PROVIDE (__CTOR_LIST__, ABSOLUTE (.))
 *(.ctors)
 *(SORT(.ctors.*))
 .ctors.65535   0x00009884        0x4 c:/altera/13.0sp1/nios2eds/bin/gnu/h-i686-mingw32/bin/../lib/gcc/nios2-elf/4.1.2/../../../../nios2-elf/lib/mno-hw-mul\libsmallc.a(lib_a-__call_atexit.o)
                0x00009888                PROVIDE (__CTOR_END__, ABSOLUTE (.))
                0x00009888                PROVIDE (__DTOR_LIST__, ABSOLUTE (.))
 *(.dtors)
 *(SORT(.dtors.*))
                0x00009888                PROVIDE (__DTOR_END__, ABSOLUTE (.))
 *(.jcr)
                0x00009888                . = ALIGN (0x4)

.rodata         0x00009888       0x34
                0x00009888                PROVIDE (__ram_rodata_start, ABSOLUTE (.))
                0x00009888                . = ALIGN (0x4)
 *(.rodata .rodata.* .gnu.linkonce.r.*)
 .rodata        0x00009888       0x14 ../LCD_bsp/\libhal_bsp.a(alt_main.o)
 .rodata        0x0000989c       0x14 ../LCD_bsp/\libhal_bsp.a(alt_sys_init.o)
 .rodata        0x000098b0        0xc ../LCD_bsp/\libhal_bsp.a(alt_dev.o)
 *(.rodata1)
                0x000098bc                . = ALIGN (0x4)
                0x000098bc                PROVIDE (__ram_rodata_end, ABSOLUTE (.))
                0x00009888                PROVIDE (__flash_rodata_start, LOADADDR (.rodata))

.rwdata         0x000098bc      0x2d4 load address 0x00009b90
                0x000098bc                PROVIDE (__ram_rwdata_start, ABSOLUTE (.))
                0x000098bc                . = ALIGN (0x4)
 *(.got.plt)
 *(.got)
 *(.data1)
 *(.data .data.* .gnu.linkonce.d.*)
 .data          0x000098bc        0x0 ../LCD_bsp//obj/HAL/src/crt0.o
 .data          0x000098bc        0x0 obj/default/hello_world.o
 .data          0x000098bc        0x0 c:/altera/13.0sp1/nios2eds/bin/gnu/h-i686-mingw32/bin/../lib/gcc/nios2-elf/4.1.2/mno-hw-mul\libgcc.a(lib2-divmod.o)
 .data          0x000098bc        0x0 c:/altera/13.0sp1/nios2eds/bin/gnu/h-i686-mingw32/bin/../lib/gcc/nios2-elf/4.1.2/mno-hw-mul\libgcc.a(lib2-mul.o)
 .data          0x000098bc        0x0 ../LCD_bsp/\libhal_bsp.a(alt_load.o)
 .data          0x000098bc        0x0 ../LCD_bsp/\libhal_bsp.a(alt_main.o)
 .data          0x000098bc       0x2c ../LCD_bsp/\libhal_bsp.a(alt_sys_init.o)
 .data          0x000098e8        0x0 ../LCD_bsp/\libhal_bsp.a(altera_avalon_jtag_uart_fd.o)
 .data          0x000098e8        0x0 ../LCD_bsp/\libhal_bsp.a(altera_avalon_jtag_uart_read.o)
 .data          0x000098e8        0x0 ../LCD_bsp/\libhal_bsp.a(altera_avalon_jtag_uart_write.o)
 .data          0x000098e8        0x0 ../LCD_bsp/\libhal_bsp.a(alt_close.o)
 .data          0x000098e8        0x0 ../LCD_bsp/\libhal_bsp.a(alt_dcache_flush_all.o)
 .data          0x000098e8      0x1a8 ../LCD_bsp/\libhal_bsp.a(alt_dev.o)
                0x000098e8                alt_dev_null
                0x00009910                alt_fd_list
 .data          0x00009a90        0x0 ../LCD_bsp/\libhal_bsp.a(alt_dev_llist_insert.o)
 .data          0x00009a90        0x0 ../LCD_bsp/\libhal_bsp.a(alt_do_ctors.o)
 .data          0x00009a90        0x0 ../LCD_bsp/\libhal_bsp.a(alt_do_dtors.o)
 .data          0x00009a90        0x0 ../LCD_bsp/\libhal_bsp.a(alt_errno.o)
 .data          0x00009a90        0x0 ../LCD_bsp/\libhal_bsp.a(alt_icache_flush_all.o)
 .data          0x00009a90        0x0 ../LCD_bsp/\libhal_bsp.a(alt_io_redirect.o)
 .data          0x00009a90        0x0 ../LCD_bsp/\libhal_bsp.a(alt_open.o)
 .data          0x00009a90        0x0 ../LCD_bsp/\libhal_bsp.a(alt_release_fd.o)
 .data          0x00009a90        0x0 ../LCD_bsp/\libhal_bsp.a(altera_nios2_qsys_irq.o)
 .data          0x00009a90        0x0 ../LCD_bsp/\libhal_bsp.a(alt_find_dev.o)
 .data          0x00009a90        0x0 ../LCD_bsp/\libhal_bsp.a(alt_find_file.o)
 .data          0x00009a90        0x0 ../LCD_bsp/\libhal_bsp.a(alt_get_fd.o)
 .data          0x00009a90        0x0 c:/altera/13.0sp1/nios2eds/bin/gnu/h-i686-mingw32/bin/../lib/gcc/nios2-elf/4.1.2/../../../../nios2-elf/lib/mno-hw-mul\libsmallc.a(lib_a-atexit.o)
 .data          0x00009a90        0x0 c:/altera/13.0sp1/nios2eds/bin/gnu/h-i686-mingw32/bin/../lib/gcc/nios2-elf/4.1.2/../../../../nios2-elf/lib/mno-hw-mul\libsmallc.a(lib_a-exit.o)
 .data          0x00009a90        0x0 c:/altera/13.0sp1/nios2eds/bin/gnu/h-i686-mingw32/bin/../lib/gcc/nios2-elf/4.1.2/../../../../nios2-elf/lib/mno-hw-mul\libsmallc.a(lib_a-int_errno.o)
 .data          0x00009a90        0x0 c:/altera/13.0sp1/nios2eds/bin/gnu/h-i686-mingw32/bin/../lib/gcc/nios2-elf/4.1.2/../../../../nios2-elf/lib/mno-hw-mul\libsmallc.a(lib_a-memcmp.o)
 .data          0x00009a90        0x0 c:/altera/13.0sp1/nios2eds/bin/gnu/h-i686-mingw32/bin/../lib/gcc/nios2-elf/4.1.2/../../../../nios2-elf/lib/mno-hw-mul\libsmallc.a(lib_a-strlen.o)
 .data          0x00009a90        0x0 c:/altera/13.0sp1/nios2eds/bin/gnu/h-i686-mingw32/bin/../lib/gcc/nios2-elf/4.1.2/../../../../nios2-elf/lib/mno-hw-mul\libsmallc.a(lib_a-__atexit.o)
 .data          0x00009a90        0x0 c:/altera/13.0sp1/nios2eds/bin/gnu/h-i686-mingw32/bin/../lib/gcc/nios2-elf/4.1.2/../../../../nios2-elf/lib/mno-hw-mul\libsmallc.a(lib_a-__call_atexit.o)
 .data          0x00009a90       0xe0 c:/altera/13.0sp1/nios2eds/bin/gnu/h-i686-mingw32/bin/../lib/gcc/nios2-elf/4.1.2/../../../../nios2-elf/lib/mno-hw-mul\libsmallc.a(lib_a-impure.o)
 .data          0x00009b70        0x0 ../LCD_bsp/\libhal_bsp.a(alt_exit.o)
                0x00011b70                _gp = ABSOLUTE ((. + 0x8000))
                0x00011b70                PROVIDE (gp, _gp)
 *(.rwdata .rwdata.*)
 *(.sdata .sdata.* .gnu.linkonce.s.*)
 .sdata         0x00009b70       0x14 ../LCD_bsp/\libhal_bsp.a(alt_dev.o)
                0x00009b70                alt_fs_list
                0x00009b78                alt_dev_list
                0x00009b80                alt_max_fd
 .sdata         0x00009b84        0x4 ../LCD_bsp/\libhal_bsp.a(alt_errno.o)
                0x00009b84                alt_errno
 .sdata         0x00009b88        0x8 c:/altera/13.0sp1/nios2eds/bin/gnu/h-i686-mingw32/bin/../lib/gcc/nios2-elf/4.1.2/../../../../nios2-elf/lib/mno-hw-mul\libsmallc.a(lib_a-impure.o)
                0x00009b88                _impure_ptr
                0x00009b8c                _global_impure_ptr
 *(.sdata2 .sdata2.* .gnu.linkonce.s2.*)
                0x00009b90                . = ALIGN (0x4)
                0x00009b90                _edata = ABSOLUTE (.)
                0x00009b90                PROVIDE (edata, ABSOLUTE (.))
                0x00009b90                PROVIDE (__ram_rwdata_end, ABSOLUTE (.))
                0x00009b90                PROVIDE (__flash_rwdata_start, LOADADDR (.rwdata))

.bss            0x00009e64       0x9c
                0x00009e64                __bss_start = ABSOLUTE (.)
                0x00009e64                PROVIDE (__sbss_start, ABSOLUTE (.))
                0x00009e64                PROVIDE (___sbss_start, ABSOLUTE (.))
 *(.dynsbss)
 *(.sbss .sbss.* .gnu.linkonce.sb.*)
 .sbss          0x00009e64        0xc ../LCD_bsp/\libhal_bsp.a(alt_main.o)
                0x00009e64                alt_argc
                0x00009e68                alt_argv
                0x00009e6c                alt_envp
 .sbss          0x00009e70        0x4 c:/altera/13.0sp1/nios2eds/bin/gnu/h-i686-mingw32/bin/../lib/gcc/nios2-elf/4.1.2/../../../../nios2-elf/lib/mno-hw-mul\libsmallc.a(lib_a-int_errno.o)
                0x00009e70                errno
 *(.sbss2 .sbss2.* .gnu.linkonce.sb2.*)
 *(.scommon)
                0x00009e74                PROVIDE (__sbss_end, ABSOLUTE (.))
                0x00009e74                PROVIDE (___sbss_end, ABSOLUTE (.))
 *(.dynbss)
 *(.bss .bss.* .gnu.linkonce.b.*)
 .bss           0x00009e74        0x0 ../LCD_bsp//obj/HAL/src/crt0.o
 .bss           0x00009e74        0x0 obj/default/hello_world.o
 .bss           0x00009e74        0x0 c:/altera/13.0sp1/nios2eds/bin/gnu/h-i686-mingw32/bin/../lib/gcc/nios2-elf/4.1.2/mno-hw-mul\libgcc.a(lib2-divmod.o)
 .bss           0x00009e74        0x0 c:/altera/13.0sp1/nios2eds/bin/gnu/h-i686-mingw32/bin/../lib/gcc/nios2-elf/4.1.2/mno-hw-mul\libgcc.a(lib2-mul.o)
 .bss           0x00009e74        0x0 ../LCD_bsp/\libhal_bsp.a(alt_load.o)
 .bss           0x00009e74        0x0 ../LCD_bsp/\libhal_bsp.a(alt_main.o)
 .bss           0x00009e74        0x0 ../LCD_bsp/\libhal_bsp.a(alt_sys_init.o)
 .bss           0x00009e74        0x0 ../LCD_bsp/\libhal_bsp.a(altera_avalon_jtag_uart_fd.o)
 .bss           0x00009e74        0x0 ../LCD_bsp/\libhal_bsp.a(altera_avalon_jtag_uart_read.o)
 .bss           0x00009e74        0x0 ../LCD_bsp/\libhal_bsp.a(altera_avalon_jtag_uart_write.o)
 .bss           0x00009e74        0x0 ../LCD_bsp/\libhal_bsp.a(alt_close.o)
 .bss           0x00009e74        0x0 ../LCD_bsp/\libhal_bsp.a(alt_dcache_flush_all.o)
 .bss           0x00009e74        0x0 ../LCD_bsp/\libhal_bsp.a(alt_dev.o)
 .bss           0x00009e74        0x0 ../LCD_bsp/\libhal_bsp.a(alt_dev_llist_insert.o)
 .bss           0x00009e74        0x0 ../LCD_bsp/\libhal_bsp.a(alt_do_ctors.o)
 .bss           0x00009e74        0x0 ../LCD_bsp/\libhal_bsp.a(alt_do_dtors.o)
 .bss           0x00009e74        0x0 ../LCD_bsp/\libhal_bsp.a(alt_errno.o)
 .bss           0x00009e74        0x0 ../LCD_bsp/\libhal_bsp.a(alt_icache_flush_all.o)
 .bss           0x00009e74        0x0 ../LCD_bsp/\libhal_bsp.a(alt_io_redirect.o)
 .bss           0x00009e74        0x0 ../LCD_bsp/\libhal_bsp.a(alt_open.o)
 .bss           0x00009e74        0x0 ../LCD_bsp/\libhal_bsp.a(alt_release_fd.o)
 .bss           0x00009e74        0x0 ../LCD_bsp/\libhal_bsp.a(altera_nios2_qsys_irq.o)
 .bss           0x00009e74        0x0 ../LCD_bsp/\libhal_bsp.a(alt_find_dev.o)
 .bss           0x00009e74        0x0 ../LCD_bsp/\libhal_bsp.a(alt_find_file.o)
 .bss           0x00009e74        0x0 ../LCD_bsp/\libhal_bsp.a(alt_get_fd.o)
 .bss           0x00009e74        0x0 c:/altera/13.0sp1/nios2eds/bin/gnu/h-i686-mingw32/bin/../lib/gcc/nios2-elf/4.1.2/../../../../nios2-elf/lib/mno-hw-mul\libsmallc.a(lib_a-atexit.o)
 .bss           0x00009e74        0x0 c:/altera/13.0sp1/nios2eds/bin/gnu/h-i686-mingw32/bin/../lib/gcc/nios2-elf/4.1.2/../../../../nios2-elf/lib/mno-hw-mul\libsmallc.a(lib_a-exit.o)
 .bss           0x00009e74        0x0 c:/altera/13.0sp1/nios2eds/bin/gnu/h-i686-mingw32/bin/../lib/gcc/nios2-elf/4.1.2/../../../../nios2-elf/lib/mno-hw-mul\libsmallc.a(lib_a-int_errno.o)
 .bss           0x00009e74        0x0 c:/altera/13.0sp1/nios2eds/bin/gnu/h-i686-mingw32/bin/../lib/gcc/nios2-elf/4.1.2/../../../../nios2-elf/lib/mno-hw-mul\libsmallc.a(lib_a-memcmp.o)
 .bss           0x00009e74        0x0 c:/altera/13.0sp1/nios2eds/bin/gnu/h-i686-mingw32/bin/../lib/gcc/nios2-elf/4.1.2/../../../../nios2-elf/lib/mno-hw-mul\libsmallc.a(lib_a-strlen.o)
 .bss           0x00009e74        0x0 c:/altera/13.0sp1/nios2eds/bin/gnu/h-i686-mingw32/bin/../lib/gcc/nios2-elf/4.1.2/../../../../nios2-elf/lib/mno-hw-mul\libsmallc.a(lib_a-__atexit.o)
 .bss           0x00009e74        0x0 c:/altera/13.0sp1/nios2eds/bin/gnu/h-i686-mingw32/bin/../lib/gcc/nios2-elf/4.1.2/../../../../nios2-elf/lib/mno-hw-mul\libsmallc.a(lib_a-__call_atexit.o)
 .bss           0x00009e74        0x0 c:/altera/13.0sp1/nios2eds/bin/gnu/h-i686-mingw32/bin/../lib/gcc/nios2-elf/4.1.2/../../../../nios2-elf/lib/mno-hw-mul\libsmallc.a(lib_a-impure.o)
 .bss           0x00009e74        0x0 ../LCD_bsp/\libhal_bsp.a(alt_exit.o)
 *(COMMON)
 COMMON         0x00009e74       0x8c c:/altera/13.0sp1/nios2eds/bin/gnu/h-i686-mingw32/bin/../lib/gcc/nios2-elf/4.1.2/../../../../nios2-elf/lib/mno-hw-mul\libsmallc.a(lib_a-atexit.o)
                0x00009e74                _atexit0
                0x00009f00                . = ALIGN (0x4)
                0x00009f00                __bss_end = ABSOLUTE (.)

.onchip_memory2_0
                0x00009f00        0x0
                0x00009f00                PROVIDE (_alt_partition_onchip_memory2_0_start, ABSOLUTE (.))
 *(.onchip_memory2_0. onchip_memory2_0.*)
                0x00009f00                . = ALIGN (0x4)
                0x00009f00                PROVIDE (_alt_partition_onchip_memory2_0_end, ABSOLUTE (.))
                0x00009f00                _end = ABSOLUTE (.)
                0x00009f00                end = ABSOLUTE (.)
                0x00009f00                __alt_stack_base = ABSOLUTE (.)
                0x00009f00                PROVIDE (_alt_partition_onchip_memory2_0_load_addr, LOADADDR (.onchip_memory2_0))

.stab
 *(.stab)

.stabstr
 *(.stabstr)

.stab.excl
 *(.stab.excl)

.stab.exclstr
 *(.stab.exclstr)

.stab.index
 *(.stab.index)

.stab.indexstr
 *(.stab.indexstr)

.comment        0x00000000       0x26
 *(.comment)
 .comment       0x00000000       0x26 obj/default/hello_world.o
                                 0x27 (size before relaxing)
 .comment       0x00000000       0x27 c:/altera/13.0sp1/nios2eds/bin/gnu/h-i686-mingw32/bin/../lib/gcc/nios2-elf/4.1.2/mno-hw-mul\libgcc.a(lib2-divmod.o)
 .comment       0x00000000       0x27 c:/altera/13.0sp1/nios2eds/bin/gnu/h-i686-mingw32/bin/../lib/gcc/nios2-elf/4.1.2/mno-hw-mul\libgcc.a(lib2-mul.o)
 .comment       0x00000000       0x27 ../LCD_bsp/\libhal_bsp.a(alt_load.o)
 .comment       0x00000000       0x27 ../LCD_bsp/\libhal_bsp.a(alt_main.o)
 .comment       0x00000000       0x27 ../LCD_bsp/\libhal_bsp.a(alt_sys_init.o)
 .comment       0x00000000       0x27 ../LCD_bsp/\libhal_bsp.a(altera_avalon_jtag_uart_fd.o)
 .comment       0x00000000       0x27 ../LCD_bsp/\libhal_bsp.a(altera_avalon_jtag_uart_read.o)
 .comment       0x00000000       0x27 ../LCD_bsp/\libhal_bsp.a(altera_avalon_jtag_uart_write.o)
 .comment       0x00000000       0x27 ../LCD_bsp/\libhal_bsp.a(alt_close.o)
 .comment       0x00000000       0x27 ../LCD_bsp/\libhal_bsp.a(alt_dcache_flush_all.o)
 .comment       0x00000000       0x27 ../LCD_bsp/\libhal_bsp.a(alt_dev.o)
 .comment       0x00000000       0x27 ../LCD_bsp/\libhal_bsp.a(alt_dev_llist_insert.o)
 .comment       0x00000000       0x27 ../LCD_bsp/\libhal_bsp.a(alt_do_ctors.o)
 .comment       0x00000000       0x27 ../LCD_bsp/\libhal_bsp.a(alt_do_dtors.o)
 .comment       0x00000000       0x27 ../LCD_bsp/\libhal_bsp.a(alt_errno.o)
 .comment       0x00000000       0x27 ../LCD_bsp/\libhal_bsp.a(alt_icache_flush_all.o)
 .comment       0x00000000       0x27 ../LCD_bsp/\libhal_bsp.a(alt_io_redirect.o)
 .comment       0x00000000       0x27 ../LCD_bsp/\libhal_bsp.a(alt_open.o)
 .comment       0x00000000       0x27 ../LCD_bsp/\libhal_bsp.a(alt_release_fd.o)
 .comment       0x00000000       0x27 ../LCD_bsp/\libhal_bsp.a(altera_nios2_qsys_irq.o)
 .comment       0x00000000       0x27 ../LCD_bsp/\libhal_bsp.a(alt_find_dev.o)
 .comment       0x00000000       0x27 ../LCD_bsp/\libhal_bsp.a(alt_find_file.o)
 .comment       0x00000000       0x27 ../LCD_bsp/\libhal_bsp.a(alt_get_fd.o)
 .comment       0x00000000       0x27 c:/altera/13.0sp1/nios2eds/bin/gnu/h-i686-mingw32/bin/../lib/gcc/nios2-elf/4.1.2/../../../../nios2-elf/lib/mno-hw-mul\libsmallc.a(lib_a-atexit.o)
 .comment       0x00000000       0x27 c:/altera/13.0sp1/nios2eds/bin/gnu/h-i686-mingw32/bin/../lib/gcc/nios2-elf/4.1.2/../../../../nios2-elf/lib/mno-hw-mul\libsmallc.a(lib_a-exit.o)
 .comment       0x00000000       0x27 c:/altera/13.0sp1/nios2eds/bin/gnu/h-i686-mingw32/bin/../lib/gcc/nios2-elf/4.1.2/../../../../nios2-elf/lib/mno-hw-mul\libsmallc.a(lib_a-int_errno.o)
 .comment       0x00000000       0x27 c:/altera/13.0sp1/nios2eds/bin/gnu/h-i686-mingw32/bin/../lib/gcc/nios2-elf/4.1.2/../../../../nios2-elf/lib/mno-hw-mul\libsmallc.a(lib_a-memcmp.o)
 .comment       0x00000000       0x27 c:/altera/13.0sp1/nios2eds/bin/gnu/h-i686-mingw32/bin/../lib/gcc/nios2-elf/4.1.2/../../../../nios2-elf/lib/mno-hw-mul\libsmallc.a(lib_a-strlen.o)
 .comment       0x00000000       0x27 c:/altera/13.0sp1/nios2eds/bin/gnu/h-i686-mingw32/bin/../lib/gcc/nios2-elf/4.1.2/../../../../nios2-elf/lib/mno-hw-mul\libsmallc.a(lib_a-__atexit.o)
 .comment       0x00000000       0x27 c:/altera/13.0sp1/nios2eds/bin/gnu/h-i686-mingw32/bin/../lib/gcc/nios2-elf/4.1.2/../../../../nios2-elf/lib/mno-hw-mul\libsmallc.a(lib_a-__call_atexit.o)
 .comment       0x00000000       0x27 c:/altera/13.0sp1/nios2eds/bin/gnu/h-i686-mingw32/bin/../lib/gcc/nios2-elf/4.1.2/../../../../nios2-elf/lib/mno-hw-mul\libsmallc.a(lib_a-impure.o)
 .comment       0x00000000       0x27 ../LCD_bsp/\libhal_bsp.a(alt_exit.o)

.debug
 *(.debug)

.line
 *(.line)

.debug_srcinfo
 *(.debug_srcinfo)

.debug_sfnames
 *(.debug_sfnames)

.debug_aranges  0x00000000      0x3e8
 *(.debug_aranges)
 .debug_aranges
                0x00000000       0x28 ../LCD_bsp//obj/HAL/src/crt0.o
 .debug_aranges
                0x00000028       0x20 obj/default/hello_world.o
 .debug_aranges
                0x00000048       0x20 c:/altera/13.0sp1/nios2eds/bin/gnu/h-i686-mingw32/bin/../lib/gcc/nios2-elf/4.1.2/mno-hw-mul\libgcc.a(lib2-divmod.o)
 .debug_aranges
                0x00000068       0x20 c:/altera/13.0sp1/nios2eds/bin/gnu/h-i686-mingw32/bin/../lib/gcc/nios2-elf/4.1.2/mno-hw-mul\libgcc.a(lib2-mul.o)
 .debug_aranges
                0x00000088       0x20 ../LCD_bsp/\libhal_bsp.a(alt_load.o)
 .debug_aranges
                0x000000a8       0x20 ../LCD_bsp/\libhal_bsp.a(alt_main.o)
 .debug_aranges
                0x000000c8       0x20 ../LCD_bsp/\libhal_bsp.a(alt_sys_init.o)
 .debug_aranges
                0x000000e8       0x20 ../LCD_bsp/\libhal_bsp.a(altera_avalon_jtag_uart_fd.o)
 .debug_aranges
                0x00000108       0x20 ../LCD_bsp/\libhal_bsp.a(altera_avalon_jtag_uart_read.o)
 .debug_aranges
                0x00000128       0x20 ../LCD_bsp/\libhal_bsp.a(altera_avalon_jtag_uart_write.o)
 .debug_aranges
                0x00000148       0x20 ../LCD_bsp/\libhal_bsp.a(alt_close.o)
 .debug_aranges
                0x00000168       0x20 ../LCD_bsp/\libhal_bsp.a(alt_dcache_flush_all.o)
 .debug_aranges
                0x00000188       0x20 ../LCD_bsp/\libhal_bsp.a(alt_dev.o)
 .debug_aranges
                0x000001a8       0x20 ../LCD_bsp/\libhal_bsp.a(alt_dev_llist_insert.o)
 .debug_aranges
                0x000001c8       0x20 ../LCD_bsp/\libhal_bsp.a(alt_do_ctors.o)
 .debug_aranges
                0x000001e8       0x20 ../LCD_bsp/\libhal_bsp.a(alt_do_dtors.o)
 .debug_aranges
                0x00000208       0x20 ../LCD_bsp/\libhal_bsp.a(alt_icache_flush_all.o)
 .debug_aranges
                0x00000228       0x20 ../LCD_bsp/\libhal_bsp.a(alt_io_redirect.o)
 .debug_aranges
                0x00000248       0x20 ../LCD_bsp/\libhal_bsp.a(alt_open.o)
 .debug_aranges
                0x00000268       0x20 ../LCD_bsp/\libhal_bsp.a(alt_release_fd.o)
 .debug_aranges
                0x00000288       0x20 ../LCD_bsp/\libhal_bsp.a(altera_nios2_qsys_irq.o)
 .debug_aranges
                0x000002a8       0x20 ../LCD_bsp/\libhal_bsp.a(alt_find_dev.o)
 .debug_aranges
                0x000002c8       0x20 ../LCD_bsp/\libhal_bsp.a(alt_find_file.o)
 .debug_aranges
                0x000002e8       0x20 ../LCD_bsp/\libhal_bsp.a(alt_get_fd.o)
 .debug_aranges
                0x00000308       0x20 c:/altera/13.0sp1/nios2eds/bin/gnu/h-i686-mingw32/bin/../lib/gcc/nios2-elf/4.1.2/../../../../nios2-elf/lib/mno-hw-mul\libsmallc.a(lib_a-atexit.o)
 .debug_aranges
                0x00000328       0x20 c:/altera/13.0sp1/nios2eds/bin/gnu/h-i686-mingw32/bin/../lib/gcc/nios2-elf/4.1.2/../../../../nios2-elf/lib/mno-hw-mul\libsmallc.a(lib_a-exit.o)
 .debug_aranges
                0x00000348       0x20 c:/altera/13.0sp1/nios2eds/bin/gnu/h-i686-mingw32/bin/../lib/gcc/nios2-elf/4.1.2/../../../../nios2-elf/lib/mno-hw-mul\libsmallc.a(lib_a-memcmp.o)
 .debug_aranges
                0x00000368       0x20 c:/altera/13.0sp1/nios2eds/bin/gnu/h-i686-mingw32/bin/../lib/gcc/nios2-elf/4.1.2/../../../../nios2-elf/lib/mno-hw-mul\libsmallc.a(lib_a-strlen.o)
 .debug_aranges
                0x00000388       0x20 c:/altera/13.0sp1/nios2eds/bin/gnu/h-i686-mingw32/bin/../lib/gcc/nios2-elf/4.1.2/../../../../nios2-elf/lib/mno-hw-mul\libsmallc.a(lib_a-__atexit.o)
 .debug_aranges
                0x000003a8       0x20 c:/altera/13.0sp1/nios2eds/bin/gnu/h-i686-mingw32/bin/../lib/gcc/nios2-elf/4.1.2/../../../../nios2-elf/lib/mno-hw-mul\libsmallc.a(lib_a-__call_atexit.o)
 .debug_aranges
                0x000003c8       0x20 ../LCD_bsp/\libhal_bsp.a(alt_exit.o)

.debug_pubnames
                0x00000000      0x5bc
 *(.debug_pubnames)
 .debug_pubnames
                0x00000000       0x5a obj/default/hello_world.o
 .debug_pubnames
                0x0000005a       0x48 c:/altera/13.0sp1/nios2eds/bin/gnu/h-i686-mingw32/bin/../lib/gcc/nios2-elf/4.1.2/mno-hw-mul\libgcc.a(lib2-divmod.o)
 .debug_pubnames
                0x000000a2       0x1f c:/altera/13.0sp1/nios2eds/bin/gnu/h-i686-mingw32/bin/../lib/gcc/nios2-elf/4.1.2/mno-hw-mul\libgcc.a(lib2-mul.o)
 .debug_pubnames
                0x000000c1       0x1f ../LCD_bsp/\libhal_bsp.a(alt_load.o)
 .debug_pubnames
                0x000000e0       0x46 ../LCD_bsp/\libhal_bsp.a(alt_main.o)
 .debug_pubnames
                0x00000126       0x34 ../LCD_bsp/\libhal_bsp.a(alt_sys_init.o)
 .debug_pubnames
                0x0000015a       0x5b ../LCD_bsp/\libhal_bsp.a(altera_avalon_jtag_uart_fd.o)
 .debug_pubnames
                0x000001b5       0x33 ../LCD_bsp/\libhal_bsp.a(altera_avalon_jtag_uart_read.o)
 .debug_pubnames
                0x000001e8       0x34 ../LCD_bsp/\libhal_bsp.a(altera_avalon_jtag_uart_write.o)
 .debug_pubnames
                0x0000021c       0x1c ../LCD_bsp/\libhal_bsp.a(alt_close.o)
 .debug_pubnames
                0x00000238       0x2b ../LCD_bsp/\libhal_bsp.a(alt_dcache_flush_all.o)
 .debug_pubnames
                0x00000263       0x63 ../LCD_bsp/\libhal_bsp.a(alt_dev.o)
 .debug_pubnames
                0x000002c6       0x2b ../LCD_bsp/\libhal_bsp.a(alt_dev_llist_insert.o)
 .debug_pubnames
                0x000002f1       0x20 ../LCD_bsp/\libhal_bsp.a(alt_do_ctors.o)
 .debug_pubnames
                0x00000311       0x20 ../LCD_bsp/\libhal_bsp.a(alt_do_dtors.o)
 .debug_pubnames
                0x00000331       0x20 ../LCD_bsp/\libhal_bsp.a(alt_errno.o)
 .debug_pubnames
                0x00000351       0x2b ../LCD_bsp/\libhal_bsp.a(alt_icache_flush_all.o)
 .debug_pubnames
                0x0000037c       0x26 ../LCD_bsp/\libhal_bsp.a(alt_io_redirect.o)
 .debug_pubnames
                0x000003a2       0x1b ../LCD_bsp/\libhal_bsp.a(alt_open.o)
 .debug_pubnames
                0x000003bd       0x25 ../LCD_bsp/\libhal_bsp.a(alt_release_fd.o)
 .debug_pubnames
                0x000003e2       0x31 ../LCD_bsp/\libhal_bsp.a(altera_nios2_qsys_irq.o)
 .debug_pubnames
                0x00000413       0x23 ../LCD_bsp/\libhal_bsp.a(alt_find_dev.o)
 .debug_pubnames
                0x00000436       0x24 ../LCD_bsp/\libhal_bsp.a(alt_find_file.o)
 .debug_pubnames
                0x0000045a       0x21 ../LCD_bsp/\libhal_bsp.a(alt_get_fd.o)
 .debug_pubnames
                0x0000047b       0x2a c:/altera/13.0sp1/nios2eds/bin/gnu/h-i686-mingw32/bin/../lib/gcc/nios2-elf/4.1.2/../../../../nios2-elf/lib/mno-hw-mul\libsmallc.a(lib_a-atexit.o)
 .debug_pubnames
                0x000004a5       0x1b c:/altera/13.0sp1/nios2eds/bin/gnu/h-i686-mingw32/bin/../lib/gcc/nios2-elf/4.1.2/../../../../nios2-elf/lib/mno-hw-mul\libsmallc.a(lib_a-exit.o)
 .debug_pubnames
                0x000004c0       0x1c c:/altera/13.0sp1/nios2eds/bin/gnu/h-i686-mingw32/bin/../lib/gcc/nios2-elf/4.1.2/../../../../nios2-elf/lib/mno-hw-mul\libsmallc.a(lib_a-int_errno.o)
 .debug_pubnames
                0x000004dc       0x1d c:/altera/13.0sp1/nios2eds/bin/gnu/h-i686-mingw32/bin/../lib/gcc/nios2-elf/4.1.2/../../../../nios2-elf/lib/mno-hw-mul\libsmallc.a(lib_a-memcmp.o)
 .debug_pubnames
                0x000004f9       0x1d c:/altera/13.0sp1/nios2eds/bin/gnu/h-i686-mingw32/bin/../lib/gcc/nios2-elf/4.1.2/../../../../nios2-elf/lib/mno-hw-mul\libsmallc.a(lib_a-strlen.o)
 .debug_pubnames
                0x00000516       0x2a c:/altera/13.0sp1/nios2eds/bin/gnu/h-i686-mingw32/bin/../lib/gcc/nios2-elf/4.1.2/../../../../nios2-elf/lib/mno-hw-mul\libsmallc.a(lib_a-__atexit.o)
 .debug_pubnames
                0x00000540       0x27 c:/altera/13.0sp1/nios2eds/bin/gnu/h-i686-mingw32/bin/../lib/gcc/nios2-elf/4.1.2/../../../../nios2-elf/lib/mno-hw-mul\libsmallc.a(lib_a-__call_atexit.o)
 .debug_pubnames
                0x00000567       0x39 c:/altera/13.0sp1/nios2eds/bin/gnu/h-i686-mingw32/bin/../lib/gcc/nios2-elf/4.1.2/../../../../nios2-elf/lib/mno-hw-mul\libsmallc.a(lib_a-impure.o)
 .debug_pubnames
                0x000005a0       0x1c ../LCD_bsp/\libhal_bsp.a(alt_exit.o)

.debug_info     0x00000000     0x65a1
 *(.debug_info .gnu.linkonce.wi.*)
 .debug_info    0x00000000       0x6f ../LCD_bsp//obj/HAL/src/crt0.o
 .debug_info    0x0000006f      0x253 obj/default/hello_world.o
 .debug_info    0x000002c2      0x21c c:/altera/13.0sp1/nios2eds/bin/gnu/h-i686-mingw32/bin/../lib/gcc/nios2-elf/4.1.2/mno-hw-mul\libgcc.a(lib2-divmod.o)
 .debug_info    0x000004de       0xf3 c:/altera/13.0sp1/nios2eds/bin/gnu/h-i686-mingw32/bin/../lib/gcc/nios2-elf/4.1.2/mno-hw-mul\libgcc.a(lib2-mul.o)
 .debug_info    0x000005d1      0x281 ../LCD_bsp/\libhal_bsp.a(alt_load.o)
 .debug_info    0x00000852      0x219 ../LCD_bsp/\libhal_bsp.a(alt_main.o)
 .debug_info    0x00000a6b      0x56d ../LCD_bsp/\libhal_bsp.a(alt_sys_init.o)
 .debug_info    0x00000fd8      0x5ad ../LCD_bsp/\libhal_bsp.a(altera_avalon_jtag_uart_fd.o)
 .debug_info    0x00001585      0x2fd ../LCD_bsp/\libhal_bsp.a(altera_avalon_jtag_uart_read.o)
 .debug_info    0x00001882      0x2da ../LCD_bsp/\libhal_bsp.a(altera_avalon_jtag_uart_write.o)
 .debug_info    0x00001b5c      0x45b ../LCD_bsp/\libhal_bsp.a(alt_close.o)
 .debug_info    0x00001fb7      0x150 ../LCD_bsp/\libhal_bsp.a(alt_dcache_flush_all.o)
 .debug_info    0x00002107      0x673 ../LCD_bsp/\libhal_bsp.a(alt_dev.o)
 .debug_info    0x0000277a      0x2ab ../LCD_bsp/\libhal_bsp.a(alt_dev_llist_insert.o)
 .debug_info    0x00002a25      0x103 ../LCD_bsp/\libhal_bsp.a(alt_do_ctors.o)
 .debug_info    0x00002b28      0x102 ../LCD_bsp/\libhal_bsp.a(alt_do_dtors.o)
 .debug_info    0x00002c2a      0x158 ../LCD_bsp/\libhal_bsp.a(alt_errno.o)
 .debug_info    0x00002d82      0x150 ../LCD_bsp/\libhal_bsp.a(alt_icache_flush_all.o)
 .debug_info    0x00002ed2      0x689 ../LCD_bsp/\libhal_bsp.a(alt_io_redirect.o)
 .debug_info    0x0000355b      0x519 ../LCD_bsp/\libhal_bsp.a(alt_open.o)
 .debug_info    0x00003a74      0x3e6 ../LCD_bsp/\libhal_bsp.a(alt_release_fd.o)
 .debug_info    0x00003e5a      0x157 ../LCD_bsp/\libhal_bsp.a(altera_nios2_qsys_irq.o)
 .debug_info    0x00003fb1      0x40c ../LCD_bsp/\libhal_bsp.a(alt_find_dev.o)
 .debug_info    0x000043bd      0x413 ../LCD_bsp/\libhal_bsp.a(alt_find_file.o)
 .debug_info    0x000047d0      0x454 ../LCD_bsp/\libhal_bsp.a(alt_get_fd.o)
 .debug_info    0x00004c24      0x186 c:/altera/13.0sp1/nios2eds/bin/gnu/h-i686-mingw32/bin/../lib/gcc/nios2-elf/4.1.2/../../../../nios2-elf/lib/mno-hw-mul\libsmallc.a(lib_a-atexit.o)
 .debug_info    0x00004daa       0x9f c:/altera/13.0sp1/nios2eds/bin/gnu/h-i686-mingw32/bin/../lib/gcc/nios2-elf/4.1.2/../../../../nios2-elf/lib/mno-hw-mul\libsmallc.a(lib_a-exit.o)
 .debug_info    0x00004e49       0x8c c:/altera/13.0sp1/nios2eds/bin/gnu/h-i686-mingw32/bin/../lib/gcc/nios2-elf/4.1.2/../../../../nios2-elf/lib/mno-hw-mul\libsmallc.a(lib_a-int_errno.o)
 .debug_info    0x00004ed5       0xef c:/altera/13.0sp1/nios2eds/bin/gnu/h-i686-mingw32/bin/../lib/gcc/nios2-elf/4.1.2/../../../../nios2-elf/lib/mno-hw-mul\libsmallc.a(lib_a-memcmp.o)
 .debug_info    0x00004fc4       0xc2 c:/altera/13.0sp1/nios2eds/bin/gnu/h-i686-mingw32/bin/../lib/gcc/nios2-elf/4.1.2/../../../../nios2-elf/lib/mno-hw-mul\libsmallc.a(lib_a-strlen.o)
 .debug_info    0x00005086      0x68f c:/altera/13.0sp1/nios2eds/bin/gnu/h-i686-mingw32/bin/../lib/gcc/nios2-elf/4.1.2/../../../../nios2-elf/lib/mno-hw-mul\libsmallc.a(lib_a-__atexit.o)
 .debug_info    0x00005715      0x6d5 c:/altera/13.0sp1/nios2eds/bin/gnu/h-i686-mingw32/bin/../lib/gcc/nios2-elf/4.1.2/../../../../nios2-elf/lib/mno-hw-mul\libsmallc.a(lib_a-__call_atexit.o)
 .debug_info    0x00005dea      0x636 c:/altera/13.0sp1/nios2eds/bin/gnu/h-i686-mingw32/bin/../lib/gcc/nios2-elf/4.1.2/../../../../nios2-elf/lib/mno-hw-mul\libsmallc.a(lib_a-impure.o)
 .debug_info    0x00006420      0x181 ../LCD_bsp/\libhal_bsp.a(alt_exit.o)

.debug_abbrev   0x00000000     0x182d
 *(.debug_abbrev)
 .debug_abbrev  0x00000000       0x12 ../LCD_bsp//obj/HAL/src/crt0.o
 .debug_abbrev  0x00000012       0xbe obj/default/hello_world.o
 .debug_abbrev  0x000000d0       0xe0 c:/altera/13.0sp1/nios2eds/bin/gnu/h-i686-mingw32/bin/../lib/gcc/nios2-elf/4.1.2/mno-hw-mul\libgcc.a(lib2-divmod.o)
 .debug_abbrev  0x000001b0       0x7b c:/altera/13.0sp1/nios2eds/bin/gnu/h-i686-mingw32/bin/../lib/gcc/nios2-elf/4.1.2/mno-hw-mul\libgcc.a(lib2-mul.o)
 .debug_abbrev  0x0000022b       0x88 ../LCD_bsp/\libhal_bsp.a(alt_load.o)
 .debug_abbrev  0x000002b3       0xb7 ../LCD_bsp/\libhal_bsp.a(alt_main.o)
 .debug_abbrev  0x0000036a      0x121 ../LCD_bsp/\libhal_bsp.a(alt_sys_init.o)
 .debug_abbrev  0x0000048b       0xcb ../LCD_bsp/\libhal_bsp.a(altera_avalon_jtag_uart_fd.o)
 .debug_abbrev  0x00000556       0xb6 ../LCD_bsp/\libhal_bsp.a(altera_avalon_jtag_uart_read.o)
 .debug_abbrev  0x0000060c       0xb4 ../LCD_bsp/\libhal_bsp.a(altera_avalon_jtag_uart_write.o)
 .debug_abbrev  0x000006c0       0xfb ../LCD_bsp/\libhal_bsp.a(alt_close.o)
 .debug_abbrev  0x000007bb       0x3f ../LCD_bsp/\libhal_bsp.a(alt_dcache_flush_all.o)
 .debug_abbrev  0x000007fa       0xc7 ../LCD_bsp/\libhal_bsp.a(alt_dev.o)
 .debug_abbrev  0x000008c1       0xf6 ../LCD_bsp/\libhal_bsp.a(alt_dev_llist_insert.o)
 .debug_abbrev  0x000009b7       0x76 ../LCD_bsp/\libhal_bsp.a(alt_do_ctors.o)
 .debug_abbrev  0x00000a2d       0x76 ../LCD_bsp/\libhal_bsp.a(alt_do_dtors.o)
 .debug_abbrev  0x00000aa3       0x5e ../LCD_bsp/\libhal_bsp.a(alt_errno.o)
 .debug_abbrev  0x00000b01       0x3f ../LCD_bsp/\libhal_bsp.a(alt_icache_flush_all.o)
 .debug_abbrev  0x00000b40       0xf0 ../LCD_bsp/\libhal_bsp.a(alt_io_redirect.o)
 .debug_abbrev  0x00000c30      0x112 ../LCD_bsp/\libhal_bsp.a(alt_open.o)
 .debug_abbrev  0x00000d42       0xc1 ../LCD_bsp/\libhal_bsp.a(alt_release_fd.o)
 .debug_abbrev  0x00000e03       0x3f ../LCD_bsp/\libhal_bsp.a(altera_nios2_qsys_irq.o)
 .debug_abbrev  0x00000e42       0xcf ../LCD_bsp/\libhal_bsp.a(alt_find_dev.o)
 .debug_abbrev  0x00000f11       0xcf ../LCD_bsp/\libhal_bsp.a(alt_find_file.o)
 .debug_abbrev  0x00000fe0       0xfb ../LCD_bsp/\libhal_bsp.a(alt_get_fd.o)
 .debug_abbrev  0x000010db       0xc6 c:/altera/13.0sp1/nios2eds/bin/gnu/h-i686-mingw32/bin/../lib/gcc/nios2-elf/4.1.2/../../../../nios2-elf/lib/mno-hw-mul\libsmallc.a(lib_a-atexit.o)
 .debug_abbrev  0x000011a1       0x4e c:/altera/13.0sp1/nios2eds/bin/gnu/h-i686-mingw32/bin/../lib/gcc/nios2-elf/4.1.2/../../../../nios2-elf/lib/mno-hw-mul\libsmallc.a(lib_a-exit.o)
 .debug_abbrev  0x000011ef       0x3b c:/altera/13.0sp1/nios2eds/bin/gnu/h-i686-mingw32/bin/../lib/gcc/nios2-elf/4.1.2/../../../../nios2-elf/lib/mno-hw-mul\libsmallc.a(lib_a-int_errno.o)
 .debug_abbrev  0x0000122a       0x7c c:/altera/13.0sp1/nios2eds/bin/gnu/h-i686-mingw32/bin/../lib/gcc/nios2-elf/4.1.2/../../../../nios2-elf/lib/mno-hw-mul\libsmallc.a(lib_a-memcmp.o)
 .debug_abbrev  0x000012a6       0x7a c:/altera/13.0sp1/nios2eds/bin/gnu/h-i686-mingw32/bin/../lib/gcc/nios2-elf/4.1.2/../../../../nios2-elf/lib/mno-hw-mul\libsmallc.a(lib_a-strlen.o)
 .debug_abbrev  0x00001320      0x196 c:/altera/13.0sp1/nios2eds/bin/gnu/h-i686-mingw32/bin/../lib/gcc/nios2-elf/4.1.2/../../../../nios2-elf/lib/mno-hw-mul\libsmallc.a(lib_a-__atexit.o)
 .debug_abbrev  0x000014b6      0x1c6 c:/altera/13.0sp1/nios2eds/bin/gnu/h-i686-mingw32/bin/../lib/gcc/nios2-elf/4.1.2/../../../../nios2-elf/lib/mno-hw-mul\libsmallc.a(lib_a-__call_atexit.o)
 .debug_abbrev  0x0000167c      0x13f c:/altera/13.0sp1/nios2eds/bin/gnu/h-i686-mingw32/bin/../lib/gcc/nios2-elf/4.1.2/../../../../nios2-elf/lib/mno-hw-mul\libsmallc.a(lib_a-impure.o)
 .debug_abbrev  0x000017bb       0x72 ../LCD_bsp/\libhal_bsp.a(alt_exit.o)

.debug_line     0x00000000     0x49c4
 *(.debug_line)
 .debug_line    0x00000000       0x66 ../LCD_bsp//obj/HAL/src/crt0.o
 .debug_line    0x00000066      0x355 obj/default/hello_world.o
 .debug_line    0x000003bb      0x24f c:/altera/13.0sp1/nios2eds/bin/gnu/h-i686-mingw32/bin/../lib/gcc/nios2-elf/4.1.2/mno-hw-mul\libgcc.a(lib2-divmod.o)
 .debug_line    0x0000060a      0x11a c:/altera/13.0sp1/nios2eds/bin/gnu/h-i686-mingw32/bin/../lib/gcc/nios2-elf/4.1.2/mno-hw-mul\libgcc.a(lib2-mul.o)
 .debug_line    0x00000724      0x217 ../LCD_bsp/\libhal_bsp.a(alt_load.o)
 .debug_line    0x0000093b      0x2ca ../LCD_bsp/\libhal_bsp.a(alt_main.o)
 .debug_line    0x00000c05      0x2a6 ../LCD_bsp/\libhal_bsp.a(alt_sys_init.o)
 .debug_line    0x00000eab      0x1d7 ../LCD_bsp/\libhal_bsp.a(altera_avalon_jtag_uart_fd.o)
 .debug_line    0x00001082      0x343 ../LCD_bsp/\libhal_bsp.a(altera_avalon_jtag_uart_read.o)
 .debug_line    0x000013c5      0x304 ../LCD_bsp/\libhal_bsp.a(altera_avalon_jtag_uart_write.o)
 .debug_line    0x000016c9      0x299 ../LCD_bsp/\libhal_bsp.a(alt_close.o)
 .debug_line    0x00001962      0x1b5 ../LCD_bsp/\libhal_bsp.a(alt_dcache_flush_all.o)
 .debug_line    0x00001b17      0x254 ../LCD_bsp/\libhal_bsp.a(alt_dev.o)
 .debug_line    0x00001d6b      0x25a ../LCD_bsp/\libhal_bsp.a(alt_dev_llist_insert.o)
 .debug_line    0x00001fc5       0x83 ../LCD_bsp/\libhal_bsp.a(alt_do_ctors.o)
 .debug_line    0x00002048       0x83 ../LCD_bsp/\libhal_bsp.a(alt_do_dtors.o)
 .debug_line    0x000020cb      0x1aa ../LCD_bsp/\libhal_bsp.a(alt_errno.o)
 .debug_line    0x00002275      0x1b5 ../LCD_bsp/\libhal_bsp.a(alt_icache_flush_all.o)
 .debug_line    0x0000242a      0x2b4 ../LCD_bsp/\libhal_bsp.a(alt_io_redirect.o)
 .debug_line    0x000026de      0x2ff ../LCD_bsp/\libhal_bsp.a(alt_open.o)
 .debug_line    0x000029dd       0xed ../LCD_bsp/\libhal_bsp.a(alt_release_fd.o)
 .debug_line    0x00002aca      0x1ce ../LCD_bsp/\libhal_bsp.a(altera_nios2_qsys_irq.o)
 .debug_line    0x00002c98      0x26b ../LCD_bsp/\libhal_bsp.a(alt_find_dev.o)
 .debug_line    0x00002f03      0x27c ../LCD_bsp/\libhal_bsp.a(alt_find_file.o)
 .debug_line    0x0000317f      0x297 ../LCD_bsp/\libhal_bsp.a(alt_get_fd.o)
 .debug_line    0x00003416      0x203 c:/altera/13.0sp1/nios2eds/bin/gnu/h-i686-mingw32/bin/../lib/gcc/nios2-elf/4.1.2/../../../../nios2-elf/lib/mno-hw-mul\libsmallc.a(lib_a-atexit.o)
 .debug_line    0x00003619      0x223 c:/altera/13.0sp1/nios2eds/bin/gnu/h-i686-mingw32/bin/../lib/gcc/nios2-elf/4.1.2/../../../../nios2-elf/lib/mno-hw-mul\libsmallc.a(lib_a-exit.o)
 .debug_line    0x0000383c      0x1e2 c:/altera/13.0sp1/nios2eds/bin/gnu/h-i686-mingw32/bin/../lib/gcc/nios2-elf/4.1.2/../../../../nios2-elf/lib/mno-hw-mul\libsmallc.a(lib_a-int_errno.o)
 .debug_line    0x00003a1e      0x270 c:/altera/13.0sp1/nios2eds/bin/gnu/h-i686-mingw32/bin/../lib/gcc/nios2-elf/4.1.2/../../../../nios2-elf/lib/mno-hw-mul\libsmallc.a(lib_a-memcmp.o)
 .debug_line    0x00003c8e      0x250 c:/altera/13.0sp1/nios2eds/bin/gnu/h-i686-mingw32/bin/../lib/gcc/nios2-elf/4.1.2/../../../../nios2-elf/lib/mno-hw-mul\libsmallc.a(lib_a-strlen.o)
 .debug_line    0x00003ede      0x350 c:/altera/13.0sp1/nios2eds/bin/gnu/h-i686-mingw32/bin/../lib/gcc/nios2-elf/4.1.2/../../../../nios2-elf/lib/mno-hw-mul\libsmallc.a(lib_a-__atexit.o)
 .debug_line    0x0000422e      0x360 c:/altera/13.0sp1/nios2eds/bin/gnu/h-i686-mingw32/bin/../lib/gcc/nios2-elf/4.1.2/../../../../nios2-elf/lib/mno-hw-mul\libsmallc.a(lib_a-__call_atexit.o)
 .debug_line    0x0000458e      0x230 c:/altera/13.0sp1/nios2eds/bin/gnu/h-i686-mingw32/bin/../lib/gcc/nios2-elf/4.1.2/../../../../nios2-elf/lib/mno-hw-mul\libsmallc.a(lib_a-impure.o)
 .debug_line    0x000047be      0x206 ../LCD_bsp/\libhal_bsp.a(alt_exit.o)

.debug_frame    0x00000000      0x718
 *(.debug_frame)
 .debug_frame   0x00000000       0xb8 obj/default/hello_world.o
 .debug_frame   0x000000b8       0x70 c:/altera/13.0sp1/nios2eds/bin/gnu/h-i686-mingw32/bin/../lib/gcc/nios2-elf/4.1.2/mno-hw-mul\libgcc.a(lib2-divmod.o)
 .debug_frame   0x00000128       0x20 c:/altera/13.0sp1/nios2eds/bin/gnu/h-i686-mingw32/bin/../lib/gcc/nios2-elf/4.1.2/mno-hw-mul\libgcc.a(lib2-mul.o)
 .debug_frame   0x00000148       0x48 ../LCD_bsp/\libhal_bsp.a(alt_load.o)
 .debug_frame   0x00000190       0x2c ../LCD_bsp/\libhal_bsp.a(alt_main.o)
 .debug_frame   0x000001bc       0x64 ../LCD_bsp/\libhal_bsp.a(alt_sys_init.o)
 .debug_frame   0x00000220       0x48 ../LCD_bsp/\libhal_bsp.a(altera_avalon_jtag_uart_fd.o)
 .debug_frame   0x00000268       0x2c ../LCD_bsp/\libhal_bsp.a(altera_avalon_jtag_uart_read.o)
 .debug_frame   0x00000294       0x2c ../LCD_bsp/\libhal_bsp.a(altera_avalon_jtag_uart_write.o)
 .debug_frame   0x000002c0       0x48 ../LCD_bsp/\libhal_bsp.a(alt_close.o)
 .debug_frame   0x00000308       0x2c ../LCD_bsp/\libhal_bsp.a(alt_dcache_flush_all.o)
 .debug_frame   0x00000334       0x2c ../LCD_bsp/\libhal_bsp.a(alt_dev.o)
 .debug_frame   0x00000360       0x48 ../LCD_bsp/\libhal_bsp.a(alt_dev_llist_insert.o)
 .debug_frame   0x000003a8       0x2c ../LCD_bsp/\libhal_bsp.a(alt_do_ctors.o)
 .debug_frame   0x000003d4       0x2c ../LCD_bsp/\libhal_bsp.a(alt_do_dtors.o)
 .debug_frame   0x00000400       0x2c ../LCD_bsp/\libhal_bsp.a(alt_icache_flush_all.o)
 .debug_frame   0x0000042c       0x4c ../LCD_bsp/\libhal_bsp.a(alt_io_redirect.o)
 .debug_frame   0x00000478       0x68 ../LCD_bsp/\libhal_bsp.a(alt_open.o)
 .debug_frame   0x000004e0       0x30 ../LCD_bsp/\libhal_bsp.a(alt_release_fd.o)
 .debug_frame   0x00000510       0x2c ../LCD_bsp/\libhal_bsp.a(altera_nios2_qsys_irq.o)
 .debug_frame   0x0000053c       0x2c ../LCD_bsp/\libhal_bsp.a(alt_find_dev.o)
 .debug_frame   0x00000568       0x2c ../LCD_bsp/\libhal_bsp.a(alt_find_file.o)
 .debug_frame   0x00000594       0x30 ../LCD_bsp/\libhal_bsp.a(alt_get_fd.o)
 .debug_frame   0x000005c4       0x20 c:/altera/13.0sp1/nios2eds/bin/gnu/h-i686-mingw32/bin/../lib/gcc/nios2-elf/4.1.2/../../../../nios2-elf/lib/mno-hw-mul\libsmallc.a(lib_a-atexit.o)
 .debug_frame   0x000005e4       0x2c c:/altera/13.0sp1/nios2eds/bin/gnu/h-i686-mingw32/bin/../lib/gcc/nios2-elf/4.1.2/../../../../nios2-elf/lib/mno-hw-mul\libsmallc.a(lib_a-exit.o)
 .debug_frame   0x00000610       0x20 c:/altera/13.0sp1/nios2eds/bin/gnu/h-i686-mingw32/bin/../lib/gcc/nios2-elf/4.1.2/../../../../nios2-elf/lib/mno-hw-mul\libsmallc.a(lib_a-memcmp.o)
 .debug_frame   0x00000630       0x20 c:/altera/13.0sp1/nios2eds/bin/gnu/h-i686-mingw32/bin/../lib/gcc/nios2-elf/4.1.2/../../../../nios2-elf/lib/mno-hw-mul\libsmallc.a(lib_a-strlen.o)
 .debug_frame   0x00000650       0x34 c:/altera/13.0sp1/nios2eds/bin/gnu/h-i686-mingw32/bin/../lib/gcc/nios2-elf/4.1.2/../../../../nios2-elf/lib/mno-hw-mul\libsmallc.a(lib_a-__atexit.o)
 .debug_frame   0x00000684       0x4c c:/altera/13.0sp1/nios2eds/bin/gnu/h-i686-mingw32/bin/../lib/gcc/nios2-elf/4.1.2/../../../../nios2-elf/lib/mno-hw-mul\libsmallc.a(lib_a-__call_atexit.o)
 .debug_frame   0x000006d0       0x48 ../LCD_bsp/\libhal_bsp.a(alt_exit.o)

.debug_str      0x00000000      0xa03
 *(.debug_str)
 .debug_str     0x00000000       0x12 obj/default/hello_world.o
 .debug_str     0x00000012      0x167 c:/altera/13.0sp1/nios2eds/bin/gnu/h-i686-mingw32/bin/../lib/gcc/nios2-elf/4.1.2/mno-hw-mul\libgcc.a(lib2-divmod.o)
                                0x1b4 (size before relaxing)
 .debug_str     0x00000179       0x37 c:/altera/13.0sp1/nios2eds/bin/gnu/h-i686-mingw32/bin/../lib/gcc/nios2-elf/4.1.2/mno-hw-mul\libgcc.a(lib2-mul.o)
                                0x175 (size before relaxing)
 .debug_str     0x000001b0       0x12 ../LCD_bsp/\libhal_bsp.a(alt_load.o)
 .debug_str     0x000001c2       0x12 ../LCD_bsp/\libhal_bsp.a(alt_main.o)
 .debug_str     0x000001d4       0x12 ../LCD_bsp/\libhal_bsp.a(alt_sys_init.o)
 .debug_str     0x000001e6       0x12 ../LCD_bsp/\libhal_bsp.a(altera_avalon_jtag_uart_read.o)
 .debug_str     0x000001f8       0x12 ../LCD_bsp/\libhal_bsp.a(altera_avalon_jtag_uart_write.o)
 .debug_str     0x0000020a       0x12 ../LCD_bsp/\libhal_bsp.a(alt_close.o)
 .debug_str     0x0000021c       0x12 ../LCD_bsp/\libhal_bsp.a(alt_dcache_flush_all.o)
 .debug_str     0x0000022e       0x12 ../LCD_bsp/\libhal_bsp.a(alt_dev.o)
 .debug_str     0x00000240       0x12 ../LCD_bsp/\libhal_bsp.a(alt_dev_llist_insert.o)
 .debug_str     0x00000252       0x12 ../LCD_bsp/\libhal_bsp.a(alt_errno.o)
 .debug_str     0x00000264       0x12 ../LCD_bsp/\libhal_bsp.a(alt_icache_flush_all.o)
 .debug_str     0x00000276       0x12 ../LCD_bsp/\libhal_bsp.a(alt_io_redirect.o)
 .debug_str     0x00000288       0x12 ../LCD_bsp/\libhal_bsp.a(alt_open.o)
 .debug_str     0x0000029a       0x12 ../LCD_bsp/\libhal_bsp.a(altera_nios2_qsys_irq.o)
 .debug_str     0x000002ac       0x12 ../LCD_bsp/\libhal_bsp.a(alt_find_dev.o)
 .debug_str     0x000002be       0x12 ../LCD_bsp/\libhal_bsp.a(alt_find_file.o)
 .debug_str     0x000002d0       0x12 ../LCD_bsp/\libhal_bsp.a(alt_get_fd.o)
 .debug_str     0x000002e2      0x143 c:/altera/13.0sp1/nios2eds/bin/gnu/h-i686-mingw32/bin/../lib/gcc/nios2-elf/4.1.2/../../../../nios2-elf/lib/mno-hw-mul\libsmallc.a(lib_a-atexit.o)
                                0x1e5 (size before relaxing)
 .debug_str     0x00000425       0x41 c:/altera/13.0sp1/nios2eds/bin/gnu/h-i686-mingw32/bin/../lib/gcc/nios2-elf/4.1.2/../../../../nios2-elf/lib/mno-hw-mul\libsmallc.a(lib_a-exit.o)
                                0x178 (size before relaxing)
 .debug_str     0x00000466       0xdc c:/altera/13.0sp1/nios2eds/bin/gnu/h-i686-mingw32/bin/../lib/gcc/nios2-elf/4.1.2/../../../../nios2-elf/lib/mno-hw-mul\libsmallc.a(lib_a-int_errno.o)
                                0x177 (size before relaxing)
 .debug_str     0x00000542       0xe9 c:/altera/13.0sp1/nios2eds/bin/gnu/h-i686-mingw32/bin/../lib/gcc/nios2-elf/4.1.2/../../../../nios2-elf/lib/mno-hw-mul\libsmallc.a(lib_a-memcmp.o)
                                0x17e (size before relaxing)
 .debug_str     0x0000062b       0x45 c:/altera/13.0sp1/nios2eds/bin/gnu/h-i686-mingw32/bin/../lib/gcc/nios2-elf/4.1.2/../../../../nios2-elf/lib/mno-hw-mul\libsmallc.a(lib_a-strlen.o)
                                0x184 (size before relaxing)
 .debug_str     0x00000670      0x2b0 c:/altera/13.0sp1/nios2eds/bin/gnu/h-i686-mingw32/bin/../lib/gcc/nios2-elf/4.1.2/../../../../nios2-elf/lib/mno-hw-mul\libsmallc.a(lib_a-__atexit.o)
                                0x467 (size before relaxing)
 .debug_str     0x00000920       0x7e c:/altera/13.0sp1/nios2eds/bin/gnu/h-i686-mingw32/bin/../lib/gcc/nios2-elf/4.1.2/../../../../nios2-elf/lib/mno-hw-mul\libsmallc.a(lib_a-__call_atexit.o)
                                0x491 (size before relaxing)
 .debug_str     0x0000099e       0x49 c:/altera/13.0sp1/nios2eds/bin/gnu/h-i686-mingw32/bin/../lib/gcc/nios2-elf/4.1.2/../../../../nios2-elf/lib/mno-hw-mul\libsmallc.a(lib_a-impure.o)
                                0x45d (size before relaxing)
 .debug_str     0x000009e7       0x1c ../LCD_bsp/\libhal_bsp.a(alt_exit.o)

.debug_loc      0x00000000      0xc43
 *(.debug_loc)
 .debug_loc     0x00000000      0x102 obj/default/hello_world.o
 .debug_loc     0x00000102      0x1d2 c:/altera/13.0sp1/nios2eds/bin/gnu/h-i686-mingw32/bin/../lib/gcc/nios2-elf/4.1.2/mno-hw-mul\libgcc.a(lib2-divmod.o)
 .debug_loc     0x000002d4       0x4f c:/altera/13.0sp1/nios2eds/bin/gnu/h-i686-mingw32/bin/../lib/gcc/nios2-elf/4.1.2/mno-hw-mul\libgcc.a(lib2-mul.o)
 .debug_loc     0x00000323       0x56 ../LCD_bsp/\libhal_bsp.a(alt_load.o)
 .debug_loc     0x00000379       0x2b ../LCD_bsp/\libhal_bsp.a(alt_main.o)
 .debug_loc     0x000003a4       0x81 ../LCD_bsp/\libhal_bsp.a(alt_sys_init.o)
 .debug_loc     0x00000425       0x56 ../LCD_bsp/\libhal_bsp.a(altera_avalon_jtag_uart_fd.o)
 .debug_loc     0x0000047b       0x2b ../LCD_bsp/\libhal_bsp.a(altera_avalon_jtag_uart_read.o)
 .debug_loc     0x000004a6       0x2b ../LCD_bsp/\libhal_bsp.a(altera_avalon_jtag_uart_write.o)
 .debug_loc     0x000004d1       0x56 ../LCD_bsp/\libhal_bsp.a(alt_close.o)
 .debug_loc     0x00000527       0x2b ../LCD_bsp/\libhal_bsp.a(alt_dcache_flush_all.o)
 .debug_loc     0x00000552       0x2b ../LCD_bsp/\libhal_bsp.a(alt_dev.o)
 .debug_loc     0x0000057d       0x56 ../LCD_bsp/\libhal_bsp.a(alt_dev_llist_insert.o)
 .debug_loc     0x000005d3       0x2b ../LCD_bsp/\libhal_bsp.a(alt_do_ctors.o)
 .debug_loc     0x000005fe       0x2b ../LCD_bsp/\libhal_bsp.a(alt_do_dtors.o)
 .debug_loc     0x00000629       0x2b ../LCD_bsp/\libhal_bsp.a(alt_icache_flush_all.o)
 .debug_loc     0x00000654       0x56 ../LCD_bsp/\libhal_bsp.a(alt_io_redirect.o)
 .debug_loc     0x000006aa       0x81 ../LCD_bsp/\libhal_bsp.a(alt_open.o)
 .debug_loc     0x0000072b       0x2b ../LCD_bsp/\libhal_bsp.a(alt_release_fd.o)
 .debug_loc     0x00000756       0x2b ../LCD_bsp/\libhal_bsp.a(altera_nios2_qsys_irq.o)
 .debug_loc     0x00000781       0x2b ../LCD_bsp/\libhal_bsp.a(alt_find_dev.o)
 .debug_loc     0x000007ac       0x2b ../LCD_bsp/\libhal_bsp.a(alt_find_file.o)
 .debug_loc     0x000007d7       0x2b ../LCD_bsp/\libhal_bsp.a(alt_get_fd.o)
 .debug_loc     0x00000802       0x1e c:/altera/13.0sp1/nios2eds/bin/gnu/h-i686-mingw32/bin/../lib/gcc/nios2-elf/4.1.2/../../../../nios2-elf/lib/mno-hw-mul\libsmallc.a(lib_a-atexit.o)
 .debug_loc     0x00000820       0x3d c:/altera/13.0sp1/nios2eds/bin/gnu/h-i686-mingw32/bin/../lib/gcc/nios2-elf/4.1.2/../../../../nios2-elf/lib/mno-hw-mul\libsmallc.a(lib_a-exit.o)
 .debug_loc     0x0000085d       0x70 c:/altera/13.0sp1/nios2eds/bin/gnu/h-i686-mingw32/bin/../lib/gcc/nios2-elf/4.1.2/../../../../nios2-elf/lib/mno-hw-mul\libsmallc.a(lib_a-memcmp.o)
 .debug_loc     0x000008cd       0x1e c:/altera/13.0sp1/nios2eds/bin/gnu/h-i686-mingw32/bin/../lib/gcc/nios2-elf/4.1.2/../../../../nios2-elf/lib/mno-hw-mul\libsmallc.a(lib_a-strlen.o)
 .debug_loc     0x000008eb      0x141 c:/altera/13.0sp1/nios2eds/bin/gnu/h-i686-mingw32/bin/../lib/gcc/nios2-elf/4.1.2/../../../../nios2-elf/lib/mno-hw-mul\libsmallc.a(lib_a-__atexit.o)
 .debug_loc     0x00000a2c      0x1c1 c:/altera/13.0sp1/nios2eds/bin/gnu/h-i686-mingw32/bin/../lib/gcc/nios2-elf/4.1.2/../../../../nios2-elf/lib/mno-hw-mul\libsmallc.a(lib_a-__call_atexit.o)
 .debug_loc     0x00000bed       0x56 ../LCD_bsp/\libhal_bsp.a(alt_exit.o)

.debug_macinfo
 *(.debug_macinfo)

.debug_weaknames
 *(.debug_weaknames)

.debug_funcnames
 *(.debug_funcnames)

.debug_typenames
 *(.debug_typenames)

.debug_varnames
 *(.debug_varnames)

.debug_alt_sim_info
                0x00000000       0x10
 *(.debug_alt_sim_info)
 .debug_alt_sim_info
                0x00000000       0x10 ../LCD_bsp//obj/HAL/src/crt0.o
                0x00010000                __alt_data_end = 0x10000
                0x00010000                PROVIDE (__alt_stack_pointer, __alt_data_end)
                0x00009f00                PROVIDE (__alt_stack_limit, __alt_stack_base)
                0x00009f00                PROVIDE (__alt_heap_start, end)
                0x00010000                PROVIDE (__alt_heap_limit, 0x10000)
OUTPUT(LCD.elf elf32-littlenios2)

.debug_ranges   0x00000000       0x38
 .debug_ranges  0x00000000       0x20 ../LCD_bsp//obj/HAL/src/crt0.o
 .debug_ranges  0x00000020       0x18 c:/altera/13.0sp1/nios2eds/bin/gnu/h-i686-mingw32/bin/../lib/gcc/nios2-elf/4.1.2/../../../../nios2-elf/lib/mno-hw-mul\libsmallc.a(lib_a-__call_atexit.o)
