Archive member included because of file (symbol)

d:/quartus/quartus2/nios2eds/bin/gnu/h-i686-mingw32/bin/../lib/gcc/nios2-elf/4.1.2/mno-hw-mul\libgcc.a(lib2-mul.o)
                              obj/default/source.o (__mulsi3)
d:/quartus/quartus2/nios2eds/bin/gnu/h-i686-mingw32/bin/../lib/gcc/nios2-elf/4.1.2/../../../../nios2-elf/lib/mno-hw-mul\libsmallc.a(lib_a-printf.o)
                              obj/default/source.o (printf)
d:/quartus/quartus2/nios2eds/bin/gnu/h-i686-mingw32/bin/../lib/gcc/nios2-elf/4.1.2/../../../../nios2-elf/lib/mno-hw-mul\libsmallc.a(lib_a-putchar.o)
                              obj/default/source.o (putchar)
d:/quartus/quartus2/nios2eds/bin/gnu/h-i686-mingw32/bin/../lib/gcc/nios2-elf/4.1.2/../../../../nios2-elf/lib/mno-hw-mul\libsmallc.a(lib_a-puts.o)
                              obj/default/source.o (puts)
d:/quartus/quartus2/nios2eds/bin/gnu/h-i686-mingw32/bin/../lib/gcc/nios2-elf/4.1.2/../../../../nios2-elf/lib/mno-hw-mul\libsmallc.a(lib_a-strlen.o)
                              d:/quartus/quartus2/nios2eds/bin/gnu/h-i686-mingw32/bin/../lib/gcc/nios2-elf/4.1.2/../../../../nios2-elf/lib/mno-hw-mul\libsmallc.a(lib_a-puts.o) (strlen)
d:/quartus/quartus2/nios2eds/bin/gnu/h-i686-mingw32/bin/../lib/gcc/nios2-elf/4.1.2/../../../../nios2-elf/lib/mno-hw-mul\libsmallc.a(lib_a-vfprintf.o)
                              d:/quartus/quartus2/nios2eds/bin/gnu/h-i686-mingw32/bin/../lib/gcc/nios2-elf/4.1.2/../../../../nios2-elf/lib/mno-hw-mul\libsmallc.a(lib_a-printf.o) (___vfprintf_internal_r)
d:/quartus/quartus2/nios2eds/bin/gnu/h-i686-mingw32/bin/../lib/gcc/nios2-elf/4.1.2/../../../../nios2-elf/lib/mno-hw-mul\libsmallc.a(lib_a-fvwrite_small_dev.o)
                              d:/quartus/quartus2/nios2eds/bin/gnu/h-i686-mingw32/bin/../lib/gcc/nios2-elf/4.1.2/../../../../nios2-elf/lib/mno-hw-mul\libsmallc.a(lib_a-printf.o) (__sfvwrite_small_dev)
d:/quartus/quartus2/nios2eds/bin/gnu/h-i686-mingw32/bin/../lib/gcc/nios2-elf/4.1.2/../../../../nios2-elf/lib/mno-hw-mul\libsmallc.a(lib_a-impure.o)
                              d:/quartus/quartus2/nios2eds/bin/gnu/h-i686-mingw32/bin/../lib/gcc/nios2-elf/4.1.2/../../../../nios2-elf/lib/mno-hw-mul\libsmallc.a(lib_a-printf.o) (_impure_ptr)
d:/quartus/quartus2/nios2eds/bin/gnu/h-i686-mingw32/bin/../lib/gcc/nios2-elf/4.1.2/../../../../nios2-elf/lib/mno-hw-mul\libsmallc.a(lib_a-putc.o)
                              d:/quartus/quartus2/nios2eds/bin/gnu/h-i686-mingw32/bin/../lib/gcc/nios2-elf/4.1.2/../../../../nios2-elf/lib/mno-hw-mul\libsmallc.a(lib_a-putchar.o) (_putc_r)
d:/quartus/quartus2/nios2eds/bin/gnu/h-i686-mingw32/bin/../lib/gcc/nios2-elf/4.1.2/../../../../nios2-elf/lib/mno-hw-mul\libsmallc.a(lib_a-writer.o)
                              d:/quartus/quartus2/nios2eds/bin/gnu/h-i686-mingw32/bin/../lib/gcc/nios2-elf/4.1.2/../../../../nios2-elf/lib/mno-hw-mul\libsmallc.a(lib_a-fvwrite_small_dev.o) (_write_r)
d:/quartus/quartus2/nios2eds/bin/gnu/h-i686-mingw32/bin/../lib/gcc/nios2-elf/4.1.2/../../../../nios2-elf/lib/mno-hw-mul\libsmallc.a(lib_a-int_errno.o)
                              d:/quartus/quartus2/nios2eds/bin/gnu/h-i686-mingw32/bin/../lib/gcc/nios2-elf/4.1.2/../../../../nios2-elf/lib/mno-hw-mul\libsmallc.a(lib_a-writer.o) (errno)
d:/quartus/quartus2/nios2eds/bin/gnu/h-i686-mingw32/bin/../lib/gcc/nios2-elf/4.1.2/mno-hw-mul\libgcc.a(lib2-divmod.o)
                              d:/quartus/quartus2/nios2eds/bin/gnu/h-i686-mingw32/bin/../lib/gcc/nios2-elf/4.1.2/../../../../nios2-elf/lib/mno-hw-mul\libsmallc.a(lib_a-vfprintf.o) (__udivsi3)
../ThiTHanh_bsp/\libhal_bsp.a(alt_load.o)
                              ../ThiTHanh_bsp//obj/HAL/src/crt0.o (alt_load)
../ThiTHanh_bsp/\libhal_bsp.a(alt_main.o)
                              ../ThiTHanh_bsp//obj/HAL/src/crt0.o (alt_main)
../ThiTHanh_bsp/\libhal_bsp.a(alt_usleep.o)
                              obj/default/source.o (usleep)
../ThiTHanh_bsp/\libhal_bsp.a(alt_write.o)
                              d:/quartus/quartus2/nios2eds/bin/gnu/h-i686-mingw32/bin/../lib/gcc/nios2-elf/4.1.2/../../../../nios2-elf/lib/mno-hw-mul\libsmallc.a(lib_a-writer.o) (write)
../ThiTHanh_bsp/\libhal_bsp.a(alt_sys_init.o)
                              ../ThiTHanh_bsp/\libhal_bsp.a(alt_main.o) (alt_irq_init)
../ThiTHanh_bsp/\libhal_bsp.a(altera_avalon_jtag_uart_fd.o)
                              ../ThiTHanh_bsp/\libhal_bsp.a(alt_sys_init.o) (altera_avalon_jtag_uart_read_fd)
../ThiTHanh_bsp/\libhal_bsp.a(altera_avalon_jtag_uart_read.o)
                              ../ThiTHanh_bsp/\libhal_bsp.a(altera_avalon_jtag_uart_fd.o) (altera_avalon_jtag_uart_read)
../ThiTHanh_bsp/\libhal_bsp.a(altera_avalon_jtag_uart_write.o)
                              ../ThiTHanh_bsp/\libhal_bsp.a(altera_avalon_jtag_uart_fd.o) (altera_avalon_jtag_uart_write)
../ThiTHanh_bsp/\libhal_bsp.a(alt_busy_sleep.o)
                              ../ThiTHanh_bsp/\libhal_bsp.a(alt_usleep.o) (alt_busy_sleep)
../ThiTHanh_bsp/\libhal_bsp.a(alt_close.o)
                              ../ThiTHanh_bsp/\libhal_bsp.a(alt_main.o) (close)
../ThiTHanh_bsp/\libhal_bsp.a(alt_dcache_flush_all.o)
                              ../ThiTHanh_bsp/\libhal_bsp.a(alt_load.o) (alt_dcache_flush_all)
../ThiTHanh_bsp/\libhal_bsp.a(alt_dev.o)
                              ../ThiTHanh_bsp/\libhal_bsp.a(alt_sys_init.o) (alt_dev_list)
../ThiTHanh_bsp/\libhal_bsp.a(alt_dev_llist_insert.o)
                              ../ThiTHanh_bsp/\libhal_bsp.a(alt_sys_init.o) (alt_dev_llist_insert)
../ThiTHanh_bsp/\libhal_bsp.a(alt_do_ctors.o)
                              ../ThiTHanh_bsp/\libhal_bsp.a(alt_main.o) (_do_ctors)
../ThiTHanh_bsp/\libhal_bsp.a(alt_do_dtors.o)
                              ../ThiTHanh_bsp/\libhal_bsp.a(alt_main.o) (_do_dtors)
../ThiTHanh_bsp/\libhal_bsp.a(alt_errno.o)
                              ../ThiTHanh_bsp/\libhal_bsp.a(alt_write.o) (alt_errno)
../ThiTHanh_bsp/\libhal_bsp.a(alt_icache_flush_all.o)
                              ../ThiTHanh_bsp/\libhal_bsp.a(alt_load.o) (alt_icache_flush_all)
../ThiTHanh_bsp/\libhal_bsp.a(alt_io_redirect.o)
                              ../ThiTHanh_bsp/\libhal_bsp.a(alt_main.o) (alt_io_redirect)
../ThiTHanh_bsp/\libhal_bsp.a(alt_open.o)
                              ../ThiTHanh_bsp/\libhal_bsp.a(alt_io_redirect.o) (open)
../ThiTHanh_bsp/\libhal_bsp.a(alt_release_fd.o)
                              ../ThiTHanh_bsp/\libhal_bsp.a(alt_close.o) (alt_release_fd)
../ThiTHanh_bsp/\libhal_bsp.a(altera_nios2_qsys_irq.o)
                              ../ThiTHanh_bsp/\libhal_bsp.a(alt_sys_init.o) (altera_nios2_qsys_irq_init)
../ThiTHanh_bsp/\libhal_bsp.a(alt_find_dev.o)
                              ../ThiTHanh_bsp/\libhal_bsp.a(alt_open.o) (alt_find_dev)
../ThiTHanh_bsp/\libhal_bsp.a(alt_find_file.o)
                              ../ThiTHanh_bsp/\libhal_bsp.a(alt_open.o) (alt_find_file)
../ThiTHanh_bsp/\libhal_bsp.a(alt_get_fd.o)
                              ../ThiTHanh_bsp/\libhal_bsp.a(alt_open.o) (alt_get_fd)
d:/quartus/quartus2/nios2eds/bin/gnu/h-i686-mingw32/bin/../lib/gcc/nios2-elf/4.1.2/../../../../nios2-elf/lib/mno-hw-mul\libsmallc.a(lib_a-atexit.o)
                              ../ThiTHanh_bsp/\libhal_bsp.a(alt_main.o) (atexit)
d:/quartus/quartus2/nios2eds/bin/gnu/h-i686-mingw32/bin/../lib/gcc/nios2-elf/4.1.2/../../../../nios2-elf/lib/mno-hw-mul\libsmallc.a(lib_a-exit.o)
                              ../ThiTHanh_bsp/\libhal_bsp.a(alt_main.o) (exit)
d:/quartus/quartus2/nios2eds/bin/gnu/h-i686-mingw32/bin/../lib/gcc/nios2-elf/4.1.2/../../../../nios2-elf/lib/mno-hw-mul\libsmallc.a(lib_a-memcmp.o)
                              ../ThiTHanh_bsp/\libhal_bsp.a(alt_find_dev.o) (memcmp)
d:/quartus/quartus2/nios2eds/bin/gnu/h-i686-mingw32/bin/../lib/gcc/nios2-elf/4.1.2/../../../../nios2-elf/lib/mno-hw-mul\libsmallc.a(lib_a-__atexit.o)
                              d:/quartus/quartus2/nios2eds/bin/gnu/h-i686-mingw32/bin/../lib/gcc/nios2-elf/4.1.2/../../../../nios2-elf/lib/mno-hw-mul\libsmallc.a(lib_a-atexit.o) (__register_exitproc)
d:/quartus/quartus2/nios2eds/bin/gnu/h-i686-mingw32/bin/../lib/gcc/nios2-elf/4.1.2/../../../../nios2-elf/lib/mno-hw-mul\libsmallc.a(lib_a-__call_atexit.o)
                              d:/quartus/quartus2/nios2eds/bin/gnu/h-i686-mingw32/bin/../lib/gcc/nios2-elf/4.1.2/../../../../nios2-elf/lib/mno-hw-mul\libsmallc.a(lib_a-exit.o) (__call_exitprocs)
../ThiTHanh_bsp/\libhal_bsp.a(alt_exit.o)
                              d:/quartus/quartus2/nios2eds/bin/gnu/h-i686-mingw32/bin/../lib/gcc/nios2-elf/4.1.2/../../../../nios2-elf/lib/mno-hw-mul\libsmallc.a(lib_a-exit.o) (_exit)

Allocating common symbols
Common symbol       size              file

errno               0x4               d:/quartus/quartus2/nios2eds/bin/gnu/h-i686-mingw32/bin/../lib/gcc/nios2-elf/4.1.2/../../../../nios2-elf/lib/mno-hw-mul\libsmallc.a(lib_a-int_errno.o)
_atexit0            0x8c              d:/quartus/quartus2/nios2eds/bin/gnu/h-i686-mingw32/bin/../lib/gcc/nios2-elf/4.1.2/../../../../nios2-elf/lib/mno-hw-mul\libsmallc.a(lib_a-atexit.o)

Memory Configuration

Name             Origin             Length             Attributes
reset            0x00008000         0x00000020
onchip_memory2_0 0x00008020         0x00007fe0
*default*        0x00000000         0xffffffff

Linker script and memory map

LOAD ../ThiTHanh_bsp//obj/HAL/src/crt0.o
LOAD obj/default/source.o
LOAD d:/quartus/quartus2/nios2eds/bin/gnu/h-i686-mingw32/bin/../lib/gcc/nios2-elf/4.1.2/../../../../nios2-elf/lib/mno-hw-mul\libstdc++.a
LOAD d:/quartus/quartus2/nios2eds/bin/gnu/h-i686-mingw32/bin/../lib/gcc/nios2-elf/4.1.2/../../../../nios2-elf/lib/mno-hw-mul\libm.a
LOAD d:/quartus/quartus2/nios2eds/bin/gnu/h-i686-mingw32/bin/../lib/gcc/nios2-elf/4.1.2/mno-hw-mul\libgcc.a
START GROUP
LOAD d:/quartus/quartus2/nios2eds/bin/gnu/h-i686-mingw32/bin/../lib/gcc/nios2-elf/4.1.2/../../../../nios2-elf/lib/mno-hw-mul\libsmallc.a
LOAD d:/quartus/quartus2/nios2eds/bin/gnu/h-i686-mingw32/bin/../lib/gcc/nios2-elf/4.1.2/mno-hw-mul\libgcc.a
LOAD ../ThiTHanh_bsp/\libhal_bsp.a
END GROUP
LOAD d:/quartus/quartus2/nios2eds/bin/gnu/h-i686-mingw32/bin/../lib/gcc/nios2-elf/4.1.2/mno-hw-mul\libgcc.a
                0x00008000                __alt_mem_onchip_memory2_0 = 0x8000

.entry          0x00008000       0x20
 *(.entry)
 .entry         0x00008000       0x20 ../ThiTHanh_bsp//obj/HAL/src/crt0.o
                0x00008000                __reset

.exceptions     0x00008020        0x0
                0x00008020                PROVIDE (__ram_exceptions_start, ABSOLUTE (.))
                0x00008020                . = ALIGN (0x20)
 *(.irq)
 *(.exceptions.entry.label)
 *(.exceptions.entry.user)
 *(.exceptions.entry)
 *(.exceptions.irqtest.user)
 *(.exceptions.irqtest)
 *(.exceptions.irqhandler.user)
 *(.exceptions.irqhandler)
 *(.exceptions.irqreturn.user)
 *(.exceptions.irqreturn)
 *(.exceptions.notirq.label)
 *(.exceptions.notirq.user)
 *(.exceptions.notirq)
 *(.exceptions.soft.user)
 *(.exceptions.soft)
 *(.exceptions.unknown.user)
 *(.exceptions.unknown)
 *(.exceptions.exit.label)
 *(.exceptions.exit.user)
 *(.exceptions.exit)
 *(.exceptions)
                0x00008020                PROVIDE (__ram_exceptions_end, ABSOLUTE (.))
                0x00008020                PROVIDE (__flash_exceptions_start, LOADADDR (.exceptions))

.text           0x00008020     0x2970
                0x00008020                PROVIDE (stext, ABSOLUTE (.))
 *(.interp)
 *(.hash)
 *(.dynsym)
 *(.dynstr)
 *(.gnu.version)
 *(.gnu.version_d)
 *(.gnu.version_r)
 *(.rel.init)
 *(.rela.init)
 *(.rel.text .rel.text.* .rel.gnu.linkonce.t.*)
 *(.rela.text .rela.text.* .rela.gnu.linkonce.t.*)
 *(.rel.fini)
 *(.rela.fini)
 *(.rel.rodata .rel.rodata.* .rel.gnu.linkonce.r.*)
 *(.rela.rodata .rela.rodata.* .rela.gnu.linkonce.r.*)
 *(.rel.data .rel.data.* .rel.gnu.linkonce.d.*)
 *(.rela.data .rela.data.* .rela.gnu.linkonce.d.*)
 *(.rel.tdata .rel.tdata.* .rel.gnu.linkonce.td.*)
 *(.rela.tdata .rela.tdata.* .rela.gnu.linkonce.td.*)
 *(.rel.tbss .rel.tbss.* .rel.gnu.linkonce.tb.*)
 *(.rela.tbss .rela.tbss.* .rela.gnu.linkonce.tb.*)
 *(.rel.ctors)
 *(.rela.ctors)
 *(.rel.dtors)
 *(.rela.dtors)
 *(.rel.got)
 *(.rela.got)
 *(.rel.sdata .rel.sdata.* .rel.gnu.linkonce.s.*)
 *(.rela.sdata .rela.sdata.* .rela.gnu.linkonce.s.*)
 *(.rel.sbss .rel.sbss.* .rel.gnu.linkonce.sb.*)
 *(.rela.sbss .rela.sbss.* .rela.gnu.linkonce.sb.*)
 *(.rel.sdata2 .rel.sdata2.* .rel.gnu.linkonce.s2.*)
 *(.rela.sdata2 .rela.sdata2.* .rela.gnu.linkonce.s2.*)
 *(.rel.sbss2 .rel.sbss2.* .rel.gnu.linkonce.sb2.*)
 *(.rela.sbss2 .rela.sbss2.* .rela.gnu.linkonce.sb2.*)
 *(.rel.bss .rel.bss.* .rel.gnu.linkonce.b.*)
 *(.rela.bss .rela.bss.* .rela.gnu.linkonce.b.*)
 *(.rel.plt)
 *(.rela.plt)
 *(.rel.dyn)
 *(.init)
 *(.plt)
 *(.text .stub .text.* .gnu.linkonce.t.*)
 .text          0x00008020       0x3c ../ThiTHanh_bsp//obj/HAL/src/crt0.o
                0x00008020                _start
 .text          0x0000805c      0x68c obj/default/source.o
                0x0000805c                delay
                0x000080b0                command
                0x0000812c                lcd_data
                0x000081ac                lcd_string
                0x0000822c                lcd_init
                0x00008290                lcd_set_cursor
                0x000082c8                lcd_print_hex
                0x00008320                lcd_print_array
                0x000083a4                main
 .text          0x000086e8       0x38 d:/quartus/quartus2/nios2eds/bin/gnu/h-i686-mingw32/bin/../lib/gcc/nios2-elf/4.1.2/mno-hw-mul\libgcc.a(lib2-mul.o)
                0x000086e8                __mulsi3
 .text          0x00008720       0x98 d:/quartus/quartus2/nios2eds/bin/gnu/h-i686-mingw32/bin/../lib/gcc/nios2-elf/4.1.2/../../../../nios2-elf/lib/mno-hw-mul\libsmallc.a(lib_a-printf.o)
                0x00008720                printf
                0x00008774                _printf_r
 .text          0x000087b8       0x24 d:/quartus/quartus2/nios2eds/bin/gnu/h-i686-mingw32/bin/../lib/gcc/nios2-elf/4.1.2/../../../../nios2-elf/lib/mno-hw-mul\libsmallc.a(lib_a-putchar.o)
                0x000087b8                putchar
                0x000087d4                _putchar_r
 .text          0x000087dc       0xa4 d:/quartus/quartus2/nios2eds/bin/gnu/h-i686-mingw32/bin/../lib/gcc/nios2-elf/4.1.2/../../../../nios2-elf/lib/mno-hw-mul\libsmallc.a(lib_a-puts.o)
                0x000087dc                _puts_r
                0x0000886c                puts
 .text          0x00008880       0x20 d:/quartus/quartus2/nios2eds/bin/gnu/h-i686-mingw32/bin/../lib/gcc/nios2-elf/4.1.2/../../../../nios2-elf/lib/mno-hw-mul\libsmallc.a(lib_a-strlen.o)
                0x00008880                strlen
 .text          0x000088a0      0x740 d:/quartus/quartus2/nios2eds/bin/gnu/h-i686-mingw32/bin/../lib/gcc/nios2-elf/4.1.2/../../../../nios2-elf/lib/mno-hw-mul\libsmallc.a(lib_a-vfprintf.o)
                0x00008920                ___vfprintf_internal_r
                0x00008fbc                __vfprintf_internal
 .text          0x00008fe0       0xbc d:/quartus/quartus2/nios2eds/bin/gnu/h-i686-mingw32/bin/../lib/gcc/nios2-elf/4.1.2/../../../../nios2-elf/lib/mno-hw-mul\libsmallc.a(lib_a-fvwrite_small_dev.o)
                0x00008fe0                __sfvwrite_small_dev
 .text          0x0000909c        0x0 d:/quartus/quartus2/nios2eds/bin/gnu/h-i686-mingw32/bin/../lib/gcc/nios2-elf/4.1.2/../../../../nios2-elf/lib/mno-hw-mul\libsmallc.a(lib_a-impure.o)
 .text          0x0000909c       0xe4 d:/quartus/quartus2/nios2eds/bin/gnu/h-i686-mingw32/bin/../lib/gcc/nios2-elf/4.1.2/../../../../nios2-elf/lib/mno-hw-mul\libsmallc.a(lib_a-putc.o)
                0x0000909c                putc
                0x0000910c                _putc_r
 .text          0x00009180       0x78 d:/quartus/quartus2/nios2eds/bin/gnu/h-i686-mingw32/bin/../lib/gcc/nios2-elf/4.1.2/../../../../nios2-elf/lib/mno-hw-mul\libsmallc.a(lib_a-writer.o)
                0x00009180                _write_r
 .text          0x000091f8        0x0 d:/quartus/quartus2/nios2eds/bin/gnu/h-i686-mingw32/bin/../lib/gcc/nios2-elf/4.1.2/../../../../nios2-elf/lib/mno-hw-mul\libsmallc.a(lib_a-int_errno.o)
 .text          0x000091f8      0x14c d:/quartus/quartus2/nios2eds/bin/gnu/h-i686-mingw32/bin/../lib/gcc/nios2-elf/4.1.2/mno-hw-mul\libgcc.a(lib2-divmod.o)
                0x00009274                __divsi3
                0x000092d4                __modsi3
                0x00009334                __udivsi3
                0x0000933c                __umodsi3
 .text          0x00009344       0xec ../ThiTHanh_bsp/\libhal_bsp.a(alt_load.o)
                0x00009344                alt_load
 .text          0x00009430       0x6c ../ThiTHanh_bsp/\libhal_bsp.a(alt_main.o)
                0x00009430                alt_main
 .text          0x0000949c       0x30 ../ThiTHanh_bsp/\libhal_bsp.a(alt_usleep.o)
                0x0000949c                usleep
 .text          0x000094cc      0x184 ../ThiTHanh_bsp/\libhal_bsp.a(alt_write.o)
                0x000094cc                write
 .text          0x00009650       0x9c ../ThiTHanh_bsp/\libhal_bsp.a(alt_sys_init.o)
                0x00009650                alt_irq_init
                0x00009684                alt_sys_init
 .text          0x000096ec       0xb0 ../ThiTHanh_bsp/\libhal_bsp.a(altera_avalon_jtag_uart_fd.o)
                0x000096ec                altera_avalon_jtag_uart_read_fd
                0x00009744                altera_avalon_jtag_uart_write_fd
 .text          0x0000979c      0x104 ../ThiTHanh_bsp/\libhal_bsp.a(altera_avalon_jtag_uart_read.o)
                0x0000979c                altera_avalon_jtag_uart_read
 .text          0x000098a0       0xa4 ../ThiTHanh_bsp/\libhal_bsp.a(altera_avalon_jtag_uart_write.o)
                0x000098a0                altera_avalon_jtag_uart_write
 .text          0x00009944      0x15c ../ThiTHanh_bsp/\libhal_bsp.a(alt_busy_sleep.o)
                0x00009944                alt_busy_sleep
 .text          0x00009aa0      0x160 ../ThiTHanh_bsp/\libhal_bsp.a(alt_close.o)
                0x00009aa0                close
 .text          0x00009c00       0x1c ../ThiTHanh_bsp/\libhal_bsp.a(alt_dcache_flush_all.o)
                0x00009c00                alt_dcache_flush_all
 .text          0x00009c1c       0x2c ../ThiTHanh_bsp/\libhal_bsp.a(alt_dev.o)
 .text          0x00009c48      0x114 ../ThiTHanh_bsp/\libhal_bsp.a(alt_dev_llist_insert.o)
                0x00009c48                alt_dev_llist_insert
 .text          0x00009d5c       0x64 ../ThiTHanh_bsp/\libhal_bsp.a(alt_do_ctors.o)
                0x00009d5c                _do_ctors
 .text          0x00009dc0       0x64 ../ThiTHanh_bsp/\libhal_bsp.a(alt_do_dtors.o)
                0x00009dc0                _do_dtors
 .text          0x00009e24        0x0 ../ThiTHanh_bsp/\libhal_bsp.a(alt_errno.o)
 .text          0x00009e24       0x1c ../ThiTHanh_bsp/\libhal_bsp.a(alt_icache_flush_all.o)
                0x00009e24                alt_icache_flush_all
 .text          0x00009e40      0x150 ../ThiTHanh_bsp/\libhal_bsp.a(alt_io_redirect.o)
                0x00009f18                alt_io_redirect
 .text          0x00009f90      0x2e4 ../ThiTHanh_bsp/\libhal_bsp.a(alt_open.o)
                0x0000a088                open
 .text          0x0000a274       0x78 ../ThiTHanh_bsp/\libhal_bsp.a(alt_release_fd.o)
                0x0000a274                alt_release_fd
 .text          0x0000a2ec       0x20 ../ThiTHanh_bsp/\libhal_bsp.a(altera_nios2_qsys_irq.o)
                0x0000a2ec                altera_nios2_qsys_irq_init
 .text          0x0000a30c       0x94 ../ThiTHanh_bsp/\libhal_bsp.a(alt_find_dev.o)
                0x0000a30c                alt_find_dev
 .text          0x0000a3a0      0x120 ../ThiTHanh_bsp/\libhal_bsp.a(alt_find_file.o)
                0x0000a3a0                alt_find_file
 .text          0x0000a4c0       0xd0 ../ThiTHanh_bsp/\libhal_bsp.a(alt_get_fd.o)
                0x0000a4c0                alt_get_fd
 .text          0x0000a590       0x14 d:/quartus/quartus2/nios2eds/bin/gnu/h-i686-mingw32/bin/../lib/gcc/nios2-elf/4.1.2/../../../../nios2-elf/lib/mno-hw-mul\libsmallc.a(lib_a-atexit.o)
                0x0000a590                atexit
 .text          0x0000a5a4       0x20 d:/quartus/quartus2/nios2eds/bin/gnu/h-i686-mingw32/bin/../lib/gcc/nios2-elf/4.1.2/../../../../nios2-elf/lib/mno-hw-mul\libsmallc.a(lib_a-exit.o)
                0x0000a5a4                exit
 .text          0x0000a5c4       0x3c d:/quartus/quartus2/nios2eds/bin/gnu/h-i686-mingw32/bin/../lib/gcc/nios2-elf/4.1.2/../../../../nios2-elf/lib/mno-hw-mul\libsmallc.a(lib_a-memcmp.o)
                0x0000a5c4                memcmp
 .text          0x0000a600      0x16c d:/quartus/quartus2/nios2eds/bin/gnu/h-i686-mingw32/bin/../lib/gcc/nios2-elf/4.1.2/../../../../nios2-elf/lib/mno-hw-mul\libsmallc.a(lib_a-__atexit.o)
                0x0000a600                __register_exitproc
 .text          0x0000a76c      0x1c0 d:/quartus/quartus2/nios2eds/bin/gnu/h-i686-mingw32/bin/../lib/gcc/nios2-elf/4.1.2/../../../../nios2-elf/lib/mno-hw-mul\libsmallc.a(lib_a-__call_atexit.o)
                0x0000a770                __call_exitprocs
 .text          0x0000a92c       0x60 ../ThiTHanh_bsp/\libhal_bsp.a(alt_exit.o)
                0x0000a96c                _exit
 *(.gnu.warning.*)
 *(.fini)
                0x0000a98c                PROVIDE (__etext, ABSOLUTE (.))
                0x0000a98c                PROVIDE (_etext, ABSOLUTE (.))
                0x0000a98c                PROVIDE (etext, ABSOLUTE (.))
 *(.eh_frame_hdr)
                0x0000a98c                . = ALIGN (0x4)
                0x0000a98c                PROVIDE (__preinit_array_start, ABSOLUTE (.))
 *(.preinit_array)
                0x0000a98c                PROVIDE (__preinit_array_end, ABSOLUTE (.))
                0x0000a98c                PROVIDE (__init_array_start, ABSOLUTE (.))
 *(.init_array)
                0x0000a98c                PROVIDE (__init_array_end, ABSOLUTE (.))
                0x0000a98c                PROVIDE (__fini_array_start, ABSOLUTE (.))
 *(.fini_array)
                0x0000a98c                PROVIDE (__fini_array_end, ABSOLUTE (.))
 *(.eh_frame)
 *(.gcc_except_table)
 *(.dynamic)
                0x0000a98c                PROVIDE (__CTOR_LIST__, ABSOLUTE (.))
 *(.ctors)
 *(SORT(.ctors.*))
 .ctors.65535   0x0000a98c        0x4 d:/quartus/quartus2/nios2eds/bin/gnu/h-i686-mingw32/bin/../lib/gcc/nios2-elf/4.1.2/../../../../nios2-elf/lib/mno-hw-mul\libsmallc.a(lib_a-__call_atexit.o)
                0x0000a990                PROVIDE (__CTOR_END__, ABSOLUTE (.))
                0x0000a990                PROVIDE (__DTOR_LIST__, ABSOLUTE (.))
 *(.dtors)
 *(SORT(.dtors.*))
                0x0000a990                PROVIDE (__DTOR_END__, ABSOLUTE (.))
 *(.jcr)
                0x0000a990                . = ALIGN (0x4)

.rodata         0x0000a990       0xd4
                0x0000a990                PROVIDE (__ram_rodata_start, ABSOLUTE (.))
                0x0000a990                . = ALIGN (0x4)
 *(.rodata .rodata.* .gnu.linkonce.r.*)
 .rodata        0x0000a990       0x9c obj/default/source.o
 .rodata.str1.4
                0x0000aa2c        0x4 d:/quartus/quartus2/nios2eds/bin/gnu/h-i686-mingw32/bin/../lib/gcc/nios2-elf/4.1.2/../../../../nios2-elf/lib/mno-hw-mul\libsmallc.a(lib_a-puts.o)
 .rodata        0x0000aa30       0x14 ../ThiTHanh_bsp/\libhal_bsp.a(alt_main.o)
 .rodata        0x0000aa44       0x14 ../ThiTHanh_bsp/\libhal_bsp.a(alt_sys_init.o)
 .rodata        0x0000aa58        0xc ../ThiTHanh_bsp/\libhal_bsp.a(alt_dev.o)
 *(.rodata1)
                0x0000aa64                . = ALIGN (0x4)
                0x0000aa64                PROVIDE (__ram_rodata_end, ABSOLUTE (.))
                0x0000a990                PROVIDE (__flash_rodata_start, LOADADDR (.rodata))

.rwdata         0x0000aa64      0x2d4 load address 0x0000ad38
                0x0000aa64                PROVIDE (__ram_rwdata_start, ABSOLUTE (.))
                0x0000aa64                . = ALIGN (0x4)
 *(.got.plt)
 *(.got)
 *(.data1)
 *(.data .data.* .gnu.linkonce.d.*)
 .data          0x0000aa64        0x0 ../ThiTHanh_bsp//obj/HAL/src/crt0.o
 .data          0x0000aa64        0x0 obj/default/source.o
 .data          0x0000aa64        0x0 d:/quartus/quartus2/nios2eds/bin/gnu/h-i686-mingw32/bin/../lib/gcc/nios2-elf/4.1.2/mno-hw-mul\libgcc.a(lib2-mul.o)
 .data          0x0000aa64        0x0 d:/quartus/quartus2/nios2eds/bin/gnu/h-i686-mingw32/bin/../lib/gcc/nios2-elf/4.1.2/../../../../nios2-elf/lib/mno-hw-mul\libsmallc.a(lib_a-printf.o)
 .data          0x0000aa64        0x0 d:/quartus/quartus2/nios2eds/bin/gnu/h-i686-mingw32/bin/../lib/gcc/nios2-elf/4.1.2/../../../../nios2-elf/lib/mno-hw-mul\libsmallc.a(lib_a-putchar.o)
 .data          0x0000aa64        0x0 d:/quartus/quartus2/nios2eds/bin/gnu/h-i686-mingw32/bin/../lib/gcc/nios2-elf/4.1.2/../../../../nios2-elf/lib/mno-hw-mul\libsmallc.a(lib_a-puts.o)
 .data          0x0000aa64        0x0 d:/quartus/quartus2/nios2eds/bin/gnu/h-i686-mingw32/bin/../lib/gcc/nios2-elf/4.1.2/../../../../nios2-elf/lib/mno-hw-mul\libsmallc.a(lib_a-strlen.o)
 .data          0x0000aa64        0x0 d:/quartus/quartus2/nios2eds/bin/gnu/h-i686-mingw32/bin/../lib/gcc/nios2-elf/4.1.2/../../../../nios2-elf/lib/mno-hw-mul\libsmallc.a(lib_a-vfprintf.o)
 .data          0x0000aa64        0x0 d:/quartus/quartus2/nios2eds/bin/gnu/h-i686-mingw32/bin/../lib/gcc/nios2-elf/4.1.2/../../../../nios2-elf/lib/mno-hw-mul\libsmallc.a(lib_a-fvwrite_small_dev.o)
 .data          0x0000aa64       0xe0 d:/quartus/quartus2/nios2eds/bin/gnu/h-i686-mingw32/bin/../lib/gcc/nios2-elf/4.1.2/../../../../nios2-elf/lib/mno-hw-mul\libsmallc.a(lib_a-impure.o)
 .data          0x0000ab44        0x0 d:/quartus/quartus2/nios2eds/bin/gnu/h-i686-mingw32/bin/../lib/gcc/nios2-elf/4.1.2/../../../../nios2-elf/lib/mno-hw-mul\libsmallc.a(lib_a-putc.o)
 .data          0x0000ab44        0x0 d:/quartus/quartus2/nios2eds/bin/gnu/h-i686-mingw32/bin/../lib/gcc/nios2-elf/4.1.2/../../../../nios2-elf/lib/mno-hw-mul\libsmallc.a(lib_a-writer.o)
 .data          0x0000ab44        0x0 d:/quartus/quartus2/nios2eds/bin/gnu/h-i686-mingw32/bin/../lib/gcc/nios2-elf/4.1.2/../../../../nios2-elf/lib/mno-hw-mul\libsmallc.a(lib_a-int_errno.o)
 .data          0x0000ab44        0x0 d:/quartus/quartus2/nios2eds/bin/gnu/h-i686-mingw32/bin/../lib/gcc/nios2-elf/4.1.2/mno-hw-mul\libgcc.a(lib2-divmod.o)
 .data          0x0000ab44        0x0 ../ThiTHanh_bsp/\libhal_bsp.a(alt_load.o)
 .data          0x0000ab44        0x0 ../ThiTHanh_bsp/\libhal_bsp.a(alt_main.o)
 .data          0x0000ab44        0x0 ../ThiTHanh_bsp/\libhal_bsp.a(alt_usleep.o)
 .data          0x0000ab44        0x0 ../ThiTHanh_bsp/\libhal_bsp.a(alt_write.o)
 .data          0x0000ab44       0x2c ../ThiTHanh_bsp/\libhal_bsp.a(alt_sys_init.o)
 .data          0x0000ab70        0x0 ../ThiTHanh_bsp/\libhal_bsp.a(altera_avalon_jtag_uart_fd.o)
 .data          0x0000ab70        0x0 ../ThiTHanh_bsp/\libhal_bsp.a(altera_avalon_jtag_uart_read.o)
 .data          0x0000ab70        0x0 ../ThiTHanh_bsp/\libhal_bsp.a(altera_avalon_jtag_uart_write.o)
 .data          0x0000ab70        0x0 ../ThiTHanh_bsp/\libhal_bsp.a(alt_busy_sleep.o)
 .data          0x0000ab70        0x0 ../ThiTHanh_bsp/\libhal_bsp.a(alt_close.o)
 .data          0x0000ab70        0x0 ../ThiTHanh_bsp/\libhal_bsp.a(alt_dcache_flush_all.o)
 .data          0x0000ab70      0x1a8 ../ThiTHanh_bsp/\libhal_bsp.a(alt_dev.o)
                0x0000ab70                alt_dev_null
                0x0000ab98                alt_fd_list
 .data          0x0000ad18        0x0 ../ThiTHanh_bsp/\libhal_bsp.a(alt_dev_llist_insert.o)
 .data          0x0000ad18        0x0 ../ThiTHanh_bsp/\libhal_bsp.a(alt_do_ctors.o)
 .data          0x0000ad18        0x0 ../ThiTHanh_bsp/\libhal_bsp.a(alt_do_dtors.o)
 .data          0x0000ad18        0x0 ../ThiTHanh_bsp/\libhal_bsp.a(alt_errno.o)
 .data          0x0000ad18        0x0 ../ThiTHanh_bsp/\libhal_bsp.a(alt_icache_flush_all.o)
 .data          0x0000ad18        0x0 ../ThiTHanh_bsp/\libhal_bsp.a(alt_io_redirect.o)
 .data          0x0000ad18        0x0 ../ThiTHanh_bsp/\libhal_bsp.a(alt_open.o)
 .data          0x0000ad18        0x0 ../ThiTHanh_bsp/\libhal_bsp.a(alt_release_fd.o)
 .data          0x0000ad18        0x0 ../ThiTHanh_bsp/\libhal_bsp.a(altera_nios2_qsys_irq.o)
 .data          0x0000ad18        0x0 ../ThiTHanh_bsp/\libhal_bsp.a(alt_find_dev.o)
 .data          0x0000ad18        0x0 ../ThiTHanh_bsp/\libhal_bsp.a(alt_find_file.o)
 .data          0x0000ad18        0x0 ../ThiTHanh_bsp/\libhal_bsp.a(alt_get_fd.o)
 .data          0x0000ad18        0x0 d:/quartus/quartus2/nios2eds/bin/gnu/h-i686-mingw32/bin/../lib/gcc/nios2-elf/4.1.2/../../../../nios2-elf/lib/mno-hw-mul\libsmallc.a(lib_a-atexit.o)
 .data          0x0000ad18        0x0 d:/quartus/quartus2/nios2eds/bin/gnu/h-i686-mingw32/bin/../lib/gcc/nios2-elf/4.1.2/../../../../nios2-elf/lib/mno-hw-mul\libsmallc.a(lib_a-exit.o)
 .data          0x0000ad18        0x0 d:/quartus/quartus2/nios2eds/bin/gnu/h-i686-mingw32/bin/../lib/gcc/nios2-elf/4.1.2/../../../../nios2-elf/lib/mno-hw-mul\libsmallc.a(lib_a-memcmp.o)
 .data          0x0000ad18        0x0 d:/quartus/quartus2/nios2eds/bin/gnu/h-i686-mingw32/bin/../lib/gcc/nios2-elf/4.1.2/../../../../nios2-elf/lib/mno-hw-mul\libsmallc.a(lib_a-__atexit.o)
 .data          0x0000ad18        0x0 d:/quartus/quartus2/nios2eds/bin/gnu/h-i686-mingw32/bin/../lib/gcc/nios2-elf/4.1.2/../../../../nios2-elf/lib/mno-hw-mul\libsmallc.a(lib_a-__call_atexit.o)
 .data          0x0000ad18        0x0 ../ThiTHanh_bsp/\libhal_bsp.a(alt_exit.o)
                0x00012d18                _gp = ABSOLUTE ((. + 0x8000))
                0x00012d18                PROVIDE (gp, _gp)
 *(.rwdata .rwdata.*)
 *(.sdata .sdata.* .gnu.linkonce.s.*)
 .sdata         0x0000ad18        0x8 d:/quartus/quartus2/nios2eds/bin/gnu/h-i686-mingw32/bin/../lib/gcc/nios2-elf/4.1.2/../../../../nios2-elf/lib/mno-hw-mul\libsmallc.a(lib_a-impure.o)
                0x0000ad18                _impure_ptr
                0x0000ad1c                _global_impure_ptr
 .sdata         0x0000ad20       0x14 ../ThiTHanh_bsp/\libhal_bsp.a(alt_dev.o)
                0x0000ad20                alt_fs_list
                0x0000ad28                alt_dev_list
                0x0000ad30                alt_max_fd
 .sdata         0x0000ad34        0x4 ../ThiTHanh_bsp/\libhal_bsp.a(alt_errno.o)
                0x0000ad34                alt_errno
 *(.sdata2 .sdata2.* .gnu.linkonce.s2.*)
                0x0000ad38                . = ALIGN (0x4)
                0x0000ad38                _edata = ABSOLUTE (.)
                0x0000ad38                PROVIDE (edata, ABSOLUTE (.))
                0x0000ad38                PROVIDE (__ram_rwdata_end, ABSOLUTE (.))
                0x0000ad38                PROVIDE (__flash_rwdata_start, LOADADDR (.rwdata))

.bss            0x0000b00c       0x9c
                0x0000b00c                __bss_start = ABSOLUTE (.)
                0x0000b00c                PROVIDE (__sbss_start, ABSOLUTE (.))
                0x0000b00c                PROVIDE (___sbss_start, ABSOLUTE (.))
 *(.dynsbss)
 *(.sbss .sbss.* .gnu.linkonce.sb.*)
 .sbss          0x0000b00c        0x4 d:/quartus/quartus2/nios2eds/bin/gnu/h-i686-mingw32/bin/../lib/gcc/nios2-elf/4.1.2/../../../../nios2-elf/lib/mno-hw-mul\libsmallc.a(lib_a-int_errno.o)
                0x0000b00c                errno
 .sbss          0x0000b010        0xc ../ThiTHanh_bsp/\libhal_bsp.a(alt_main.o)
                0x0000b010                alt_argc
                0x0000b014                alt_argv
                0x0000b018                alt_envp
 *(.sbss2 .sbss2.* .gnu.linkonce.sb2.*)
 *(.scommon)
                0x0000b01c                PROVIDE (__sbss_end, ABSOLUTE (.))
                0x0000b01c                PROVIDE (___sbss_end, ABSOLUTE (.))
 *(.dynbss)
 *(.bss .bss.* .gnu.linkonce.b.*)
 .bss           0x0000b01c        0x0 ../ThiTHanh_bsp//obj/HAL/src/crt0.o
 .bss           0x0000b01c        0x0 obj/default/source.o
 .bss           0x0000b01c        0x0 d:/quartus/quartus2/nios2eds/bin/gnu/h-i686-mingw32/bin/../lib/gcc/nios2-elf/4.1.2/mno-hw-mul\libgcc.a(lib2-mul.o)
 .bss           0x0000b01c        0x0 d:/quartus/quartus2/nios2eds/bin/gnu/h-i686-mingw32/bin/../lib/gcc/nios2-elf/4.1.2/../../../../nios2-elf/lib/mno-hw-mul\libsmallc.a(lib_a-printf.o)
 .bss           0x0000b01c        0x0 d:/quartus/quartus2/nios2eds/bin/gnu/h-i686-mingw32/bin/../lib/gcc/nios2-elf/4.1.2/../../../../nios2-elf/lib/mno-hw-mul\libsmallc.a(lib_a-putchar.o)
 .bss           0x0000b01c        0x0 d:/quartus/quartus2/nios2eds/bin/gnu/h-i686-mingw32/bin/../lib/gcc/nios2-elf/4.1.2/../../../../nios2-elf/lib/mno-hw-mul\libsmallc.a(lib_a-puts.o)
 .bss           0x0000b01c        0x0 d:/quartus/quartus2/nios2eds/bin/gnu/h-i686-mingw32/bin/../lib/gcc/nios2-elf/4.1.2/../../../../nios2-elf/lib/mno-hw-mul\libsmallc.a(lib_a-strlen.o)
 .bss           0x0000b01c        0x0 d:/quartus/quartus2/nios2eds/bin/gnu/h-i686-mingw32/bin/../lib/gcc/nios2-elf/4.1.2/../../../../nios2-elf/lib/mno-hw-mul\libsmallc.a(lib_a-vfprintf.o)
 .bss           0x0000b01c        0x0 d:/quartus/quartus2/nios2eds/bin/gnu/h-i686-mingw32/bin/../lib/gcc/nios2-elf/4.1.2/../../../../nios2-elf/lib/mno-hw-mul\libsmallc.a(lib_a-fvwrite_small_dev.o)
 .bss           0x0000b01c        0x0 d:/quartus/quartus2/nios2eds/bin/gnu/h-i686-mingw32/bin/../lib/gcc/nios2-elf/4.1.2/../../../../nios2-elf/lib/mno-hw-mul\libsmallc.a(lib_a-impure.o)
 .bss           0x0000b01c        0x0 d:/quartus/quartus2/nios2eds/bin/gnu/h-i686-mingw32/bin/../lib/gcc/nios2-elf/4.1.2/../../../../nios2-elf/lib/mno-hw-mul\libsmallc.a(lib_a-putc.o)
 .bss           0x0000b01c        0x0 d:/quartus/quartus2/nios2eds/bin/gnu/h-i686-mingw32/bin/../lib/gcc/nios2-elf/4.1.2/../../../../nios2-elf/lib/mno-hw-mul\libsmallc.a(lib_a-writer.o)
 .bss           0x0000b01c        0x0 d:/quartus/quartus2/nios2eds/bin/gnu/h-i686-mingw32/bin/../lib/gcc/nios2-elf/4.1.2/../../../../nios2-elf/lib/mno-hw-mul\libsmallc.a(lib_a-int_errno.o)
 .bss           0x0000b01c        0x0 d:/quartus/quartus2/nios2eds/bin/gnu/h-i686-mingw32/bin/../lib/gcc/nios2-elf/4.1.2/mno-hw-mul\libgcc.a(lib2-divmod.o)
 .bss           0x0000b01c        0x0 ../ThiTHanh_bsp/\libhal_bsp.a(alt_load.o)
 .bss           0x0000b01c        0x0 ../ThiTHanh_bsp/\libhal_bsp.a(alt_main.o)
 .bss           0x0000b01c        0x0 ../ThiTHanh_bsp/\libhal_bsp.a(alt_usleep.o)
 .bss           0x0000b01c        0x0 ../ThiTHanh_bsp/\libhal_bsp.a(alt_write.o)
 .bss           0x0000b01c        0x0 ../ThiTHanh_bsp/\libhal_bsp.a(alt_sys_init.o)
 .bss           0x0000b01c        0x0 ../ThiTHanh_bsp/\libhal_bsp.a(altera_avalon_jtag_uart_fd.o)
 .bss           0x0000b01c        0x0 ../ThiTHanh_bsp/\libhal_bsp.a(altera_avalon_jtag_uart_read.o)
 .bss           0x0000b01c        0x0 ../ThiTHanh_bsp/\libhal_bsp.a(altera_avalon_jtag_uart_write.o)
 .bss           0x0000b01c        0x0 ../ThiTHanh_bsp/\libhal_bsp.a(alt_busy_sleep.o)
 .bss           0x0000b01c        0x0 ../ThiTHanh_bsp/\libhal_bsp.a(alt_close.o)
 .bss           0x0000b01c        0x0 ../ThiTHanh_bsp/\libhal_bsp.a(alt_dcache_flush_all.o)
 .bss           0x0000b01c        0x0 ../ThiTHanh_bsp/\libhal_bsp.a(alt_dev.o)
 .bss           0x0000b01c        0x0 ../ThiTHanh_bsp/\libhal_bsp.a(alt_dev_llist_insert.o)
 .bss           0x0000b01c        0x0 ../ThiTHanh_bsp/\libhal_bsp.a(alt_do_ctors.o)
 .bss           0x0000b01c        0x0 ../ThiTHanh_bsp/\libhal_bsp.a(alt_do_dtors.o)
 .bss           0x0000b01c        0x0 ../ThiTHanh_bsp/\libhal_bsp.a(alt_errno.o)
 .bss           0x0000b01c        0x0 ../ThiTHanh_bsp/\libhal_bsp.a(alt_icache_flush_all.o)
 .bss           0x0000b01c        0x0 ../ThiTHanh_bsp/\libhal_bsp.a(alt_io_redirect.o)
 .bss           0x0000b01c        0x0 ../ThiTHanh_bsp/\libhal_bsp.a(alt_open.o)
 .bss           0x0000b01c        0x0 ../ThiTHanh_bsp/\libhal_bsp.a(alt_release_fd.o)
 .bss           0x0000b01c        0x0 ../ThiTHanh_bsp/\libhal_bsp.a(altera_nios2_qsys_irq.o)
 .bss           0x0000b01c        0x0 ../ThiTHanh_bsp/\libhal_bsp.a(alt_find_dev.o)
 .bss           0x0000b01c        0x0 ../ThiTHanh_bsp/\libhal_bsp.a(alt_find_file.o)
 .bss           0x0000b01c        0x0 ../ThiTHanh_bsp/\libhal_bsp.a(alt_get_fd.o)
 .bss           0x0000b01c        0x0 d:/quartus/quartus2/nios2eds/bin/gnu/h-i686-mingw32/bin/../lib/gcc/nios2-elf/4.1.2/../../../../nios2-elf/lib/mno-hw-mul\libsmallc.a(lib_a-atexit.o)
 .bss           0x0000b01c        0x0 d:/quartus/quartus2/nios2eds/bin/gnu/h-i686-mingw32/bin/../lib/gcc/nios2-elf/4.1.2/../../../../nios2-elf/lib/mno-hw-mul\libsmallc.a(lib_a-exit.o)
 .bss           0x0000b01c        0x0 d:/quartus/quartus2/nios2eds/bin/gnu/h-i686-mingw32/bin/../lib/gcc/nios2-elf/4.1.2/../../../../nios2-elf/lib/mno-hw-mul\libsmallc.a(lib_a-memcmp.o)
 .bss           0x0000b01c        0x0 d:/quartus/quartus2/nios2eds/bin/gnu/h-i686-mingw32/bin/../lib/gcc/nios2-elf/4.1.2/../../../../nios2-elf/lib/mno-hw-mul\libsmallc.a(lib_a-__atexit.o)
 .bss           0x0000b01c        0x0 d:/quartus/quartus2/nios2eds/bin/gnu/h-i686-mingw32/bin/../lib/gcc/nios2-elf/4.1.2/../../../../nios2-elf/lib/mno-hw-mul\libsmallc.a(lib_a-__call_atexit.o)
 .bss           0x0000b01c        0x0 ../ThiTHanh_bsp/\libhal_bsp.a(alt_exit.o)
 *(COMMON)
 COMMON         0x0000b01c       0x8c d:/quartus/quartus2/nios2eds/bin/gnu/h-i686-mingw32/bin/../lib/gcc/nios2-elf/4.1.2/../../../../nios2-elf/lib/mno-hw-mul\libsmallc.a(lib_a-atexit.o)
                0x0000b01c                _atexit0
                0x0000b0a8                . = ALIGN (0x4)
                0x0000b0a8                __bss_end = ABSOLUTE (.)

.onchip_memory2_0
                0x0000b0a8        0x0
                0x0000b0a8                PROVIDE (_alt_partition_onchip_memory2_0_start, ABSOLUTE (.))
 *(.onchip_memory2_0. onchip_memory2_0.*)
                0x0000b0a8                . = ALIGN (0x4)
                0x0000b0a8                PROVIDE (_alt_partition_onchip_memory2_0_end, ABSOLUTE (.))
                0x0000b0a8                _end = ABSOLUTE (.)
                0x0000b0a8                end = ABSOLUTE (.)
                0x0000b0a8                __alt_stack_base = ABSOLUTE (.)
                0x0000b0a8                PROVIDE (_alt_partition_onchip_memory2_0_load_addr, LOADADDR (.onchip_memory2_0))

.stab
 *(.stab)

.stabstr
 *(.stabstr)

.stab.excl
 *(.stab.excl)

.stab.exclstr
 *(.stab.exclstr)

.stab.index
 *(.stab.index)

.stab.indexstr
 *(.stab.indexstr)

.comment        0x00000000       0x26
 *(.comment)
 .comment       0x00000000       0x26 obj/default/source.o
                                 0x27 (size before relaxing)
 .comment       0x00000000       0x27 d:/quartus/quartus2/nios2eds/bin/gnu/h-i686-mingw32/bin/../lib/gcc/nios2-elf/4.1.2/mno-hw-mul\libgcc.a(lib2-mul.o)
 .comment       0x00000000       0x27 d:/quartus/quartus2/nios2eds/bin/gnu/h-i686-mingw32/bin/../lib/gcc/nios2-elf/4.1.2/../../../../nios2-elf/lib/mno-hw-mul\libsmallc.a(lib_a-printf.o)
 .comment       0x00000000       0x27 d:/quartus/quartus2/nios2eds/bin/gnu/h-i686-mingw32/bin/../lib/gcc/nios2-elf/4.1.2/../../../../nios2-elf/lib/mno-hw-mul\libsmallc.a(lib_a-putchar.o)
 .comment       0x00000000       0x27 d:/quartus/quartus2/nios2eds/bin/gnu/h-i686-mingw32/bin/../lib/gcc/nios2-elf/4.1.2/../../../../nios2-elf/lib/mno-hw-mul\libsmallc.a(lib_a-puts.o)
 .comment       0x00000000       0x27 d:/quartus/quartus2/nios2eds/bin/gnu/h-i686-mingw32/bin/../lib/gcc/nios2-elf/4.1.2/../../../../nios2-elf/lib/mno-hw-mul\libsmallc.a(lib_a-strlen.o)
 .comment       0x00000000       0x27 d:/quartus/quartus2/nios2eds/bin/gnu/h-i686-mingw32/bin/../lib/gcc/nios2-elf/4.1.2/../../../../nios2-elf/lib/mno-hw-mul\libsmallc.a(lib_a-vfprintf.o)
 .comment       0x00000000       0x27 d:/quartus/quartus2/nios2eds/bin/gnu/h-i686-mingw32/bin/../lib/gcc/nios2-elf/4.1.2/../../../../nios2-elf/lib/mno-hw-mul\libsmallc.a(lib_a-fvwrite_small_dev.o)
 .comment       0x00000000       0x27 d:/quartus/quartus2/nios2eds/bin/gnu/h-i686-mingw32/bin/../lib/gcc/nios2-elf/4.1.2/../../../../nios2-elf/lib/mno-hw-mul\libsmallc.a(lib_a-impure.o)
 .comment       0x00000000       0x27 d:/quartus/quartus2/nios2eds/bin/gnu/h-i686-mingw32/bin/../lib/gcc/nios2-elf/4.1.2/../../../../nios2-elf/lib/mno-hw-mul\libsmallc.a(lib_a-putc.o)
 .comment       0x00000000       0x27 d:/quartus/quartus2/nios2eds/bin/gnu/h-i686-mingw32/bin/../lib/gcc/nios2-elf/4.1.2/../../../../nios2-elf/lib/mno-hw-mul\libsmallc.a(lib_a-writer.o)
 .comment       0x00000000       0x27 d:/quartus/quartus2/nios2eds/bin/gnu/h-i686-mingw32/bin/../lib/gcc/nios2-elf/4.1.2/../../../../nios2-elf/lib/mno-hw-mul\libsmallc.a(lib_a-int_errno.o)
 .comment       0x00000000       0x27 d:/quartus/quartus2/nios2eds/bin/gnu/h-i686-mingw32/bin/../lib/gcc/nios2-elf/4.1.2/mno-hw-mul\libgcc.a(lib2-divmod.o)
 .comment       0x00000000       0x27 ../ThiTHanh_bsp/\libhal_bsp.a(alt_load.o)
 .comment       0x00000000       0x27 ../ThiTHanh_bsp/\libhal_bsp.a(alt_main.o)
 .comment       0x00000000       0x27 ../ThiTHanh_bsp/\libhal_bsp.a(alt_usleep.o)
 .comment       0x00000000       0x27 ../ThiTHanh_bsp/\libhal_bsp.a(alt_write.o)
 .comment       0x00000000       0x27 ../ThiTHanh_bsp/\libhal_bsp.a(alt_sys_init.o)
 .comment       0x00000000       0x27 ../ThiTHanh_bsp/\libhal_bsp.a(altera_avalon_jtag_uart_fd.o)
 .comment       0x00000000       0x27 ../ThiTHanh_bsp/\libhal_bsp.a(altera_avalon_jtag_uart_read.o)
 .comment       0x00000000       0x27 ../ThiTHanh_bsp/\libhal_bsp.a(altera_avalon_jtag_uart_write.o)
 .comment       0x00000000       0x27 ../ThiTHanh_bsp/\libhal_bsp.a(alt_busy_sleep.o)
 .comment       0x00000000       0x27 ../ThiTHanh_bsp/\libhal_bsp.a(alt_close.o)
 .comment       0x00000000       0x27 ../ThiTHanh_bsp/\libhal_bsp.a(alt_dcache_flush_all.o)
 .comment       0x00000000       0x27 ../ThiTHanh_bsp/\libhal_bsp.a(alt_dev.o)
 .comment       0x00000000       0x27 ../ThiTHanh_bsp/\libhal_bsp.a(alt_dev_llist_insert.o)
 .comment       0x00000000       0x27 ../ThiTHanh_bsp/\libhal_bsp.a(alt_do_ctors.o)
 .comment       0x00000000       0x27 ../ThiTHanh_bsp/\libhal_bsp.a(alt_do_dtors.o)
 .comment       0x00000000       0x27 ../ThiTHanh_bsp/\libhal_bsp.a(alt_errno.o)
 .comment       0x00000000       0x27 ../ThiTHanh_bsp/\libhal_bsp.a(alt_icache_flush_all.o)
 .comment       0x00000000       0x27 ../ThiTHanh_bsp/\libhal_bsp.a(alt_io_redirect.o)
 .comment       0x00000000       0x27 ../ThiTHanh_bsp/\libhal_bsp.a(alt_open.o)
 .comment       0x00000000       0x27 ../ThiTHanh_bsp/\libhal_bsp.a(alt_release_fd.o)
 .comment       0x00000000       0x27 ../ThiTHanh_bsp/\libhal_bsp.a(altera_nios2_qsys_irq.o)
 .comment       0x00000000       0x27 ../ThiTHanh_bsp/\libhal_bsp.a(alt_find_dev.o)
 .comment       0x00000000       0x27 ../ThiTHanh_bsp/\libhal_bsp.a(alt_find_file.o)
 .comment       0x00000000       0x27 ../ThiTHanh_bsp/\libhal_bsp.a(alt_get_fd.o)
 .comment       0x00000000       0x27 d:/quartus/quartus2/nios2eds/bin/gnu/h-i686-mingw32/bin/../lib/gcc/nios2-elf/4.1.2/../../../../nios2-elf/lib/mno-hw-mul\libsmallc.a(lib_a-atexit.o)
 .comment       0x00000000       0x27 d:/quartus/quartus2/nios2eds/bin/gnu/h-i686-mingw32/bin/../lib/gcc/nios2-elf/4.1.2/../../../../nios2-elf/lib/mno-hw-mul\libsmallc.a(lib_a-exit.o)
 .comment       0x00000000       0x27 d:/quartus/quartus2/nios2eds/bin/gnu/h-i686-mingw32/bin/../lib/gcc/nios2-elf/4.1.2/../../../../nios2-elf/lib/mno-hw-mul\libsmallc.a(lib_a-memcmp.o)
 .comment       0x00000000       0x27 d:/quartus/quartus2/nios2eds/bin/gnu/h-i686-mingw32/bin/../lib/gcc/nios2-elf/4.1.2/../../../../nios2-elf/lib/mno-hw-mul\libsmallc.a(lib_a-__atexit.o)
 .comment       0x00000000       0x27 d:/quartus/quartus2/nios2eds/bin/gnu/h-i686-mingw32/bin/../lib/gcc/nios2-elf/4.1.2/../../../../nios2-elf/lib/mno-hw-mul\libsmallc.a(lib_a-__call_atexit.o)
 .comment       0x00000000       0x27 ../ThiTHanh_bsp/\libhal_bsp.a(alt_exit.o)

.debug
 *(.debug)

.line
 *(.line)

.debug_srcinfo
 *(.debug_srcinfo)

.debug_sfnames
 *(.debug_sfnames)

.debug_aranges  0x00000000      0x528
 *(.debug_aranges)
 .debug_aranges
                0x00000000       0x28 ../ThiTHanh_bsp//obj/HAL/src/crt0.o
 .debug_aranges
                0x00000028       0x20 obj/default/source.o
 .debug_aranges
                0x00000048       0x20 d:/quartus/quartus2/nios2eds/bin/gnu/h-i686-mingw32/bin/../lib/gcc/nios2-elf/4.1.2/mno-hw-mul\libgcc.a(lib2-mul.o)
 .debug_aranges
                0x00000068       0x20 d:/quartus/quartus2/nios2eds/bin/gnu/h-i686-mingw32/bin/../lib/gcc/nios2-elf/4.1.2/../../../../nios2-elf/lib/mno-hw-mul\libsmallc.a(lib_a-printf.o)
 .debug_aranges
                0x00000088       0x20 d:/quartus/quartus2/nios2eds/bin/gnu/h-i686-mingw32/bin/../lib/gcc/nios2-elf/4.1.2/../../../../nios2-elf/lib/mno-hw-mul\libsmallc.a(lib_a-putchar.o)
 .debug_aranges
                0x000000a8       0x20 d:/quartus/quartus2/nios2eds/bin/gnu/h-i686-mingw32/bin/../lib/gcc/nios2-elf/4.1.2/../../../../nios2-elf/lib/mno-hw-mul\libsmallc.a(lib_a-puts.o)
 .debug_aranges
                0x000000c8       0x20 d:/quartus/quartus2/nios2eds/bin/gnu/h-i686-mingw32/bin/../lib/gcc/nios2-elf/4.1.2/../../../../nios2-elf/lib/mno-hw-mul\libsmallc.a(lib_a-strlen.o)
 .debug_aranges
                0x000000e8       0x20 d:/quartus/quartus2/nios2eds/bin/gnu/h-i686-mingw32/bin/../lib/gcc/nios2-elf/4.1.2/../../../../nios2-elf/lib/mno-hw-mul\libsmallc.a(lib_a-vfprintf.o)
 .debug_aranges
                0x00000108       0x20 d:/quartus/quartus2/nios2eds/bin/gnu/h-i686-mingw32/bin/../lib/gcc/nios2-elf/4.1.2/../../../../nios2-elf/lib/mno-hw-mul\libsmallc.a(lib_a-fvwrite_small_dev.o)
 .debug_aranges
                0x00000128       0x20 d:/quartus/quartus2/nios2eds/bin/gnu/h-i686-mingw32/bin/../lib/gcc/nios2-elf/4.1.2/../../../../nios2-elf/lib/mno-hw-mul\libsmallc.a(lib_a-putc.o)
 .debug_aranges
                0x00000148       0x20 d:/quartus/quartus2/nios2eds/bin/gnu/h-i686-mingw32/bin/../lib/gcc/nios2-elf/4.1.2/../../../../nios2-elf/lib/mno-hw-mul\libsmallc.a(lib_a-writer.o)
 .debug_aranges
                0x00000168       0x20 d:/quartus/quartus2/nios2eds/bin/gnu/h-i686-mingw32/bin/../lib/gcc/nios2-elf/4.1.2/mno-hw-mul\libgcc.a(lib2-divmod.o)
 .debug_aranges
                0x00000188       0x20 ../ThiTHanh_bsp/\libhal_bsp.a(alt_load.o)
 .debug_aranges
                0x000001a8       0x20 ../ThiTHanh_bsp/\libhal_bsp.a(alt_main.o)
 .debug_aranges
                0x000001c8       0x20 ../ThiTHanh_bsp/\libhal_bsp.a(alt_usleep.o)
 .debug_aranges
                0x000001e8       0x20 ../ThiTHanh_bsp/\libhal_bsp.a(alt_write.o)
 .debug_aranges
                0x00000208       0x20 ../ThiTHanh_bsp/\libhal_bsp.a(alt_sys_init.o)
 .debug_aranges
                0x00000228       0x20 ../ThiTHanh_bsp/\libhal_bsp.a(altera_avalon_jtag_uart_fd.o)
 .debug_aranges
                0x00000248       0x20 ../ThiTHanh_bsp/\libhal_bsp.a(altera_avalon_jtag_uart_read.o)
 .debug_aranges
                0x00000268       0x20 ../ThiTHanh_bsp/\libhal_bsp.a(altera_avalon_jtag_uart_write.o)
 .debug_aranges
                0x00000288       0x20 ../ThiTHanh_bsp/\libhal_bsp.a(alt_busy_sleep.o)
 .debug_aranges
                0x000002a8       0x20 ../ThiTHanh_bsp/\libhal_bsp.a(alt_close.o)
 .debug_aranges
                0x000002c8       0x20 ../ThiTHanh_bsp/\libhal_bsp.a(alt_dcache_flush_all.o)
 .debug_aranges
                0x000002e8       0x20 ../ThiTHanh_bsp/\libhal_bsp.a(alt_dev.o)
 .debug_aranges
                0x00000308       0x20 ../ThiTHanh_bsp/\libhal_bsp.a(alt_dev_llist_insert.o)
 .debug_aranges
                0x00000328       0x20 ../ThiTHanh_bsp/\libhal_bsp.a(alt_do_ctors.o)
 .debug_aranges
                0x00000348       0x20 ../ThiTHanh_bsp/\libhal_bsp.a(alt_do_dtors.o)
 .debug_aranges
                0x00000368       0x20 ../ThiTHanh_bsp/\libhal_bsp.a(alt_icache_flush_all.o)
 .debug_aranges
                0x00000388       0x20 ../ThiTHanh_bsp/\libhal_bsp.a(alt_io_redirect.o)
 .debug_aranges
                0x000003a8       0x20 ../ThiTHanh_bsp/\libhal_bsp.a(alt_open.o)
 .debug_aranges
                0x000003c8       0x20 ../ThiTHanh_bsp/\libhal_bsp.a(alt_release_fd.o)
 .debug_aranges
                0x000003e8       0x20 ../ThiTHanh_bsp/\libhal_bsp.a(altera_nios2_qsys_irq.o)
 .debug_aranges
                0x00000408       0x20 ../ThiTHanh_bsp/\libhal_bsp.a(alt_find_dev.o)
 .debug_aranges
                0x00000428       0x20 ../ThiTHanh_bsp/\libhal_bsp.a(alt_find_file.o)
 .debug_aranges
                0x00000448       0x20 ../ThiTHanh_bsp/\libhal_bsp.a(alt_get_fd.o)
 .debug_aranges
                0x00000468       0x20 d:/quartus/quartus2/nios2eds/bin/gnu/h-i686-mingw32/bin/../lib/gcc/nios2-elf/4.1.2/../../../../nios2-elf/lib/mno-hw-mul\libsmallc.a(lib_a-atexit.o)
 .debug_aranges
                0x00000488       0x20 d:/quartus/quartus2/nios2eds/bin/gnu/h-i686-mingw32/bin/../lib/gcc/nios2-elf/4.1.2/../../../../nios2-elf/lib/mno-hw-mul\libsmallc.a(lib_a-exit.o)
 .debug_aranges
                0x000004a8       0x20 d:/quartus/quartus2/nios2eds/bin/gnu/h-i686-mingw32/bin/../lib/gcc/nios2-elf/4.1.2/../../../../nios2-elf/lib/mno-hw-mul\libsmallc.a(lib_a-memcmp.o)
 .debug_aranges
                0x000004c8       0x20 d:/quartus/quartus2/nios2eds/bin/gnu/h-i686-mingw32/bin/../lib/gcc/nios2-elf/4.1.2/../../../../nios2-elf/lib/mno-hw-mul\libsmallc.a(lib_a-__atexit.o)
 .debug_aranges
                0x000004e8       0x20 d:/quartus/quartus2/nios2eds/bin/gnu/h-i686-mingw32/bin/../lib/gcc/nios2-elf/4.1.2/../../../../nios2-elf/lib/mno-hw-mul\libsmallc.a(lib_a-__call_atexit.o)
 .debug_aranges
                0x00000508       0x20 ../ThiTHanh_bsp/\libhal_bsp.a(alt_exit.o)

.debug_pubnames
                0x00000000      0x788
 *(.debug_pubnames)
 .debug_pubnames
                0x00000000       0x93 obj/default/source.o
 .debug_pubnames
                0x00000093       0x1f d:/quartus/quartus2/nios2eds/bin/gnu/h-i686-mingw32/bin/../lib/gcc/nios2-elf/4.1.2/mno-hw-mul\libgcc.a(lib2-mul.o)
 .debug_pubnames
                0x000000b2       0x2b d:/quartus/quartus2/nios2eds/bin/gnu/h-i686-mingw32/bin/../lib/gcc/nios2-elf/4.1.2/../../../../nios2-elf/lib/mno-hw-mul\libsmallc.a(lib_a-printf.o)
 .debug_pubnames
                0x000000dd       0x2d d:/quartus/quartus2/nios2eds/bin/gnu/h-i686-mingw32/bin/../lib/gcc/nios2-elf/4.1.2/../../../../nios2-elf/lib/mno-hw-mul\libsmallc.a(lib_a-putchar.o)
 .debug_pubnames
                0x0000010a       0x27 d:/quartus/quartus2/nios2eds/bin/gnu/h-i686-mingw32/bin/../lib/gcc/nios2-elf/4.1.2/../../../../nios2-elf/lib/mno-hw-mul\libsmallc.a(lib_a-puts.o)
 .debug_pubnames
                0x00000131       0x1d d:/quartus/quartus2/nios2eds/bin/gnu/h-i686-mingw32/bin/../lib/gcc/nios2-elf/4.1.2/../../../../nios2-elf/lib/mno-hw-mul\libsmallc.a(lib_a-strlen.o)
 .debug_pubnames
                0x0000014e       0x45 d:/quartus/quartus2/nios2eds/bin/gnu/h-i686-mingw32/bin/../lib/gcc/nios2-elf/4.1.2/../../../../nios2-elf/lib/mno-hw-mul\libsmallc.a(lib_a-vfprintf.o)
 .debug_pubnames
                0x00000193       0x2b d:/quartus/quartus2/nios2eds/bin/gnu/h-i686-mingw32/bin/../lib/gcc/nios2-elf/4.1.2/../../../../nios2-elf/lib/mno-hw-mul\libsmallc.a(lib_a-fvwrite_small_dev.o)
 .debug_pubnames
                0x000001be       0x39 d:/quartus/quartus2/nios2eds/bin/gnu/h-i686-mingw32/bin/../lib/gcc/nios2-elf/4.1.2/../../../../nios2-elf/lib/mno-hw-mul\libsmallc.a(lib_a-impure.o)
 .debug_pubnames
                0x000001f7       0x27 d:/quartus/quartus2/nios2eds/bin/gnu/h-i686-mingw32/bin/../lib/gcc/nios2-elf/4.1.2/../../../../nios2-elf/lib/mno-hw-mul\libsmallc.a(lib_a-putc.o)
 .debug_pubnames
                0x0000021e       0x1f d:/quartus/quartus2/nios2eds/bin/gnu/h-i686-mingw32/bin/../lib/gcc/nios2-elf/4.1.2/../../../../nios2-elf/lib/mno-hw-mul\libsmallc.a(lib_a-writer.o)
 .debug_pubnames
                0x0000023d       0x1c d:/quartus/quartus2/nios2eds/bin/gnu/h-i686-mingw32/bin/../lib/gcc/nios2-elf/4.1.2/../../../../nios2-elf/lib/mno-hw-mul\libsmallc.a(lib_a-int_errno.o)
 .debug_pubnames
                0x00000259       0x48 d:/quartus/quartus2/nios2eds/bin/gnu/h-i686-mingw32/bin/../lib/gcc/nios2-elf/4.1.2/mno-hw-mul\libgcc.a(lib2-divmod.o)
 .debug_pubnames
                0x000002a1       0x1f ../ThiTHanh_bsp/\libhal_bsp.a(alt_load.o)
 .debug_pubnames
                0x000002c0       0x46 ../ThiTHanh_bsp/\libhal_bsp.a(alt_main.o)
 .debug_pubnames
                0x00000306       0x1d ../ThiTHanh_bsp/\libhal_bsp.a(alt_usleep.o)
 .debug_pubnames
                0x00000323       0x1c ../ThiTHanh_bsp/\libhal_bsp.a(alt_write.o)
 .debug_pubnames
                0x0000033f       0x34 ../ThiTHanh_bsp/\libhal_bsp.a(alt_sys_init.o)
 .debug_pubnames
                0x00000373       0x5b ../ThiTHanh_bsp/\libhal_bsp.a(altera_avalon_jtag_uart_fd.o)
 .debug_pubnames
                0x000003ce       0x33 ../ThiTHanh_bsp/\libhal_bsp.a(altera_avalon_jtag_uart_read.o)
 .debug_pubnames
                0x00000401       0x34 ../ThiTHanh_bsp/\libhal_bsp.a(altera_avalon_jtag_uart_write.o)
 .debug_pubnames
                0x00000435       0x25 ../ThiTHanh_bsp/\libhal_bsp.a(alt_busy_sleep.o)
 .debug_pubnames
                0x0000045a       0x1c ../ThiTHanh_bsp/\libhal_bsp.a(alt_close.o)
 .debug_pubnames
                0x00000476       0x2b ../ThiTHanh_bsp/\libhal_bsp.a(alt_dcache_flush_all.o)
 .debug_pubnames
                0x000004a1       0x63 ../ThiTHanh_bsp/\libhal_bsp.a(alt_dev.o)
 .debug_pubnames
                0x00000504       0x2b ../ThiTHanh_bsp/\libhal_bsp.a(alt_dev_llist_insert.o)
 .debug_pubnames
                0x0000052f       0x20 ../ThiTHanh_bsp/\libhal_bsp.a(alt_do_ctors.o)
 .debug_pubnames
                0x0000054f       0x20 ../ThiTHanh_bsp/\libhal_bsp.a(alt_do_dtors.o)
 .debug_pubnames
                0x0000056f       0x20 ../ThiTHanh_bsp/\libhal_bsp.a(alt_errno.o)
 .debug_pubnames
                0x0000058f       0x2b ../ThiTHanh_bsp/\libhal_bsp.a(alt_icache_flush_all.o)
 .debug_pubnames
                0x000005ba       0x26 ../ThiTHanh_bsp/\libhal_bsp.a(alt_io_redirect.o)
 .debug_pubnames
                0x000005e0       0x1b ../ThiTHanh_bsp/\libhal_bsp.a(alt_open.o)
 .debug_pubnames
                0x000005fb       0x25 ../ThiTHanh_bsp/\libhal_bsp.a(alt_release_fd.o)
 .debug_pubnames
                0x00000620       0x31 ../ThiTHanh_bsp/\libhal_bsp.a(altera_nios2_qsys_irq.o)
 .debug_pubnames
                0x00000651       0x23 ../ThiTHanh_bsp/\libhal_bsp.a(alt_find_dev.o)
 .debug_pubnames
                0x00000674       0x24 ../ThiTHanh_bsp/\libhal_bsp.a(alt_find_file.o)
 .debug_pubnames
                0x00000698       0x21 ../ThiTHanh_bsp/\libhal_bsp.a(alt_get_fd.o)
 .debug_pubnames
                0x000006b9       0x2a d:/quartus/quartus2/nios2eds/bin/gnu/h-i686-mingw32/bin/../lib/gcc/nios2-elf/4.1.2/../../../../nios2-elf/lib/mno-hw-mul\libsmallc.a(lib_a-atexit.o)
 .debug_pubnames
                0x000006e3       0x1b d:/quartus/quartus2/nios2eds/bin/gnu/h-i686-mingw32/bin/../lib/gcc/nios2-elf/4.1.2/../../../../nios2-elf/lib/mno-hw-mul\libsmallc.a(lib_a-exit.o)
 .debug_pubnames
                0x000006fe       0x1d d:/quartus/quartus2/nios2eds/bin/gnu/h-i686-mingw32/bin/../lib/gcc/nios2-elf/4.1.2/../../../../nios2-elf/lib/mno-hw-mul\libsmallc.a(lib_a-memcmp.o)
 .debug_pubnames
                0x0000071b       0x2a d:/quartus/quartus2/nios2eds/bin/gnu/h-i686-mingw32/bin/../lib/gcc/nios2-elf/4.1.2/../../../../nios2-elf/lib/mno-hw-mul\libsmallc.a(lib_a-__atexit.o)
 .debug_pubnames
                0x00000745       0x27 d:/quartus/quartus2/nios2eds/bin/gnu/h-i686-mingw32/bin/../lib/gcc/nios2-elf/4.1.2/../../../../nios2-elf/lib/mno-hw-mul\libsmallc.a(lib_a-__call_atexit.o)
 .debug_pubnames
                0x0000076c       0x1c ../ThiTHanh_bsp/\libhal_bsp.a(alt_exit.o)

.debug_info     0x00000000     0x9f9e
 *(.debug_info .gnu.linkonce.wi.*)
 .debug_info    0x00000000       0x5f ../ThiTHanh_bsp//obj/HAL/src/crt0.o
 .debug_info    0x0000005f      0x32e obj/default/source.o
 .debug_info    0x0000038d       0xf3 d:/quartus/quartus2/nios2eds/bin/gnu/h-i686-mingw32/bin/../lib/gcc/nios2-elf/4.1.2/mno-hw-mul\libgcc.a(lib2-mul.o)
 .debug_info    0x00000480      0x6c8 d:/quartus/quartus2/nios2eds/bin/gnu/h-i686-mingw32/bin/../lib/gcc/nios2-elf/4.1.2/../../../../nios2-elf/lib/mno-hw-mul\libsmallc.a(lib_a-printf.o)
 .debug_info    0x00000b48      0x66b d:/quartus/quartus2/nios2eds/bin/gnu/h-i686-mingw32/bin/../lib/gcc/nios2-elf/4.1.2/../../../../nios2-elf/lib/mno-hw-mul\libsmallc.a(lib_a-putchar.o)
 .debug_info    0x000011b3      0x685 d:/quartus/quartus2/nios2eds/bin/gnu/h-i686-mingw32/bin/../lib/gcc/nios2-elf/4.1.2/../../../../nios2-elf/lib/mno-hw-mul\libsmallc.a(lib_a-puts.o)
 .debug_info    0x00001838       0xc2 d:/quartus/quartus2/nios2eds/bin/gnu/h-i686-mingw32/bin/../lib/gcc/nios2-elf/4.1.2/../../../../nios2-elf/lib/mno-hw-mul\libsmallc.a(lib_a-strlen.o)
 .debug_info    0x000018fa      0x9b6 d:/quartus/quartus2/nios2eds/bin/gnu/h-i686-mingw32/bin/../lib/gcc/nios2-elf/4.1.2/../../../../nios2-elf/lib/mno-hw-mul\libsmallc.a(lib_a-vfprintf.o)
 .debug_info    0x000022b0      0x68e d:/quartus/quartus2/nios2eds/bin/gnu/h-i686-mingw32/bin/../lib/gcc/nios2-elf/4.1.2/../../../../nios2-elf/lib/mno-hw-mul\libsmallc.a(lib_a-fvwrite_small_dev.o)
 .debug_info    0x0000293e      0x636 d:/quartus/quartus2/nios2eds/bin/gnu/h-i686-mingw32/bin/../lib/gcc/nios2-elf/4.1.2/../../../../nios2-elf/lib/mno-hw-mul\libsmallc.a(lib_a-impure.o)
 .debug_info    0x00002f74      0x6b8 d:/quartus/quartus2/nios2eds/bin/gnu/h-i686-mingw32/bin/../lib/gcc/nios2-elf/4.1.2/../../../../nios2-elf/lib/mno-hw-mul\libsmallc.a(lib_a-putc.o)
 .debug_info    0x0000362c      0x68c d:/quartus/quartus2/nios2eds/bin/gnu/h-i686-mingw32/bin/../lib/gcc/nios2-elf/4.1.2/../../../../nios2-elf/lib/mno-hw-mul\libsmallc.a(lib_a-writer.o)
 .debug_info    0x00003cb8       0x8c d:/quartus/quartus2/nios2eds/bin/gnu/h-i686-mingw32/bin/../lib/gcc/nios2-elf/4.1.2/../../../../nios2-elf/lib/mno-hw-mul\libsmallc.a(lib_a-int_errno.o)
 .debug_info    0x00003d44      0x21c d:/quartus/quartus2/nios2eds/bin/gnu/h-i686-mingw32/bin/../lib/gcc/nios2-elf/4.1.2/mno-hw-mul\libgcc.a(lib2-divmod.o)
 .debug_info    0x00003f60      0x271 ../ThiTHanh_bsp/\libhal_bsp.a(alt_load.o)
 .debug_info    0x000041d1      0x209 ../ThiTHanh_bsp/\libhal_bsp.a(alt_main.o)
 .debug_info    0x000043da      0x14c ../ThiTHanh_bsp/\libhal_bsp.a(alt_usleep.o)
 .debug_info    0x00004526      0x677 ../ThiTHanh_bsp/\libhal_bsp.a(alt_write.o)
 .debug_info    0x00004b9d      0x55d ../ThiTHanh_bsp/\libhal_bsp.a(alt_sys_init.o)
 .debug_info    0x000050fa      0x59d ../ThiTHanh_bsp/\libhal_bsp.a(altera_avalon_jtag_uart_fd.o)
 .debug_info    0x00005697      0x2ed ../ThiTHanh_bsp/\libhal_bsp.a(altera_avalon_jtag_uart_read.o)
 .debug_info    0x00005984      0x2ca ../ThiTHanh_bsp/\libhal_bsp.a(altera_avalon_jtag_uart_write.o)
 .debug_info    0x00005c4e      0x18f ../ThiTHanh_bsp/\libhal_bsp.a(alt_busy_sleep.o)
 .debug_info    0x00005ddd      0x44b ../ThiTHanh_bsp/\libhal_bsp.a(alt_close.o)
 .debug_info    0x00006228      0x140 ../ThiTHanh_bsp/\libhal_bsp.a(alt_dcache_flush_all.o)
 .debug_info    0x00006368      0x663 ../ThiTHanh_bsp/\libhal_bsp.a(alt_dev.o)
 .debug_info    0x000069cb      0x29b ../ThiTHanh_bsp/\libhal_bsp.a(alt_dev_llist_insert.o)
 .debug_info    0x00006c66       0xf3 ../ThiTHanh_bsp/\libhal_bsp.a(alt_do_ctors.o)
 .debug_info    0x00006d59       0xf2 ../ThiTHanh_bsp/\libhal_bsp.a(alt_do_dtors.o)
 .debug_info    0x00006e4b      0x148 ../ThiTHanh_bsp/\libhal_bsp.a(alt_errno.o)
 .debug_info    0x00006f93      0x140 ../ThiTHanh_bsp/\libhal_bsp.a(alt_icache_flush_all.o)
 .debug_info    0x000070d3      0x679 ../ThiTHanh_bsp/\libhal_bsp.a(alt_io_redirect.o)
 .debug_info    0x0000774c      0x509 ../ThiTHanh_bsp/\libhal_bsp.a(alt_open.o)
 .debug_info    0x00007c55      0x3d6 ../ThiTHanh_bsp/\libhal_bsp.a(alt_release_fd.o)
 .debug_info    0x0000802b      0x147 ../ThiTHanh_bsp/\libhal_bsp.a(altera_nios2_qsys_irq.o)
 .debug_info    0x00008172      0x3fc ../ThiTHanh_bsp/\libhal_bsp.a(alt_find_dev.o)
 .debug_info    0x0000856e      0x403 ../ThiTHanh_bsp/\libhal_bsp.a(alt_find_file.o)
 .debug_info    0x00008971      0x444 ../ThiTHanh_bsp/\libhal_bsp.a(alt_get_fd.o)
 .debug_info    0x00008db5      0x186 d:/quartus/quartus2/nios2eds/bin/gnu/h-i686-mingw32/bin/../lib/gcc/nios2-elf/4.1.2/../../../../nios2-elf/lib/mno-hw-mul\libsmallc.a(lib_a-atexit.o)
 .debug_info    0x00008f3b       0x9f d:/quartus/quartus2/nios2eds/bin/gnu/h-i686-mingw32/bin/../lib/gcc/nios2-elf/4.1.2/../../../../nios2-elf/lib/mno-hw-mul\libsmallc.a(lib_a-exit.o)
 .debug_info    0x00008fda       0xef d:/quartus/quartus2/nios2eds/bin/gnu/h-i686-mingw32/bin/../lib/gcc/nios2-elf/4.1.2/../../../../nios2-elf/lib/mno-hw-mul\libsmallc.a(lib_a-memcmp.o)
 .debug_info    0x000090c9      0x68f d:/quartus/quartus2/nios2eds/bin/gnu/h-i686-mingw32/bin/../lib/gcc/nios2-elf/4.1.2/../../../../nios2-elf/lib/mno-hw-mul\libsmallc.a(lib_a-__atexit.o)
 .debug_info    0x00009758      0x6d5 d:/quartus/quartus2/nios2eds/bin/gnu/h-i686-mingw32/bin/../lib/gcc/nios2-elf/4.1.2/../../../../nios2-elf/lib/mno-hw-mul\libsmallc.a(lib_a-__call_atexit.o)
 .debug_info    0x00009e2d      0x171 ../ThiTHanh_bsp/\libhal_bsp.a(alt_exit.o)

.debug_abbrev   0x00000000     0x24ea
 *(.debug_abbrev)
 .debug_abbrev  0x00000000       0x12 ../ThiTHanh_bsp//obj/HAL/src/crt0.o
 .debug_abbrev  0x00000012       0xb2 obj/default/source.o
 .debug_abbrev  0x000000c4       0x7b d:/quartus/quartus2/nios2eds/bin/gnu/h-i686-mingw32/bin/../lib/gcc/nios2-elf/4.1.2/mno-hw-mul\libgcc.a(lib2-mul.o)
 .debug_abbrev  0x0000013f      0x179 d:/quartus/quartus2/nios2eds/bin/gnu/h-i686-mingw32/bin/../lib/gcc/nios2-elf/4.1.2/../../../../nios2-elf/lib/mno-hw-mul\libsmallc.a(lib_a-printf.o)
 .debug_abbrev  0x000002b8      0x158 d:/quartus/quartus2/nios2eds/bin/gnu/h-i686-mingw32/bin/../lib/gcc/nios2-elf/4.1.2/../../../../nios2-elf/lib/mno-hw-mul\libsmallc.a(lib_a-putchar.o)
 .debug_abbrev  0x00000410      0x180 d:/quartus/quartus2/nios2eds/bin/gnu/h-i686-mingw32/bin/../lib/gcc/nios2-elf/4.1.2/../../../../nios2-elf/lib/mno-hw-mul\libsmallc.a(lib_a-puts.o)
 .debug_abbrev  0x00000590       0x7a d:/quartus/quartus2/nios2eds/bin/gnu/h-i686-mingw32/bin/../lib/gcc/nios2-elf/4.1.2/../../../../nios2-elf/lib/mno-hw-mul\libsmallc.a(lib_a-strlen.o)
 .debug_abbrev  0x0000060a      0x263 d:/quartus/quartus2/nios2eds/bin/gnu/h-i686-mingw32/bin/../lib/gcc/nios2-elf/4.1.2/../../../../nios2-elf/lib/mno-hw-mul\libsmallc.a(lib_a-vfprintf.o)
 .debug_abbrev  0x0000086d      0x179 d:/quartus/quartus2/nios2eds/bin/gnu/h-i686-mingw32/bin/../lib/gcc/nios2-elf/4.1.2/../../../../nios2-elf/lib/mno-hw-mul\libsmallc.a(lib_a-fvwrite_small_dev.o)
 .debug_abbrev  0x000009e6      0x13f d:/quartus/quartus2/nios2eds/bin/gnu/h-i686-mingw32/bin/../lib/gcc/nios2-elf/4.1.2/../../../../nios2-elf/lib/mno-hw-mul\libsmallc.a(lib_a-impure.o)
 .debug_abbrev  0x00000b25      0x167 d:/quartus/quartus2/nios2eds/bin/gnu/h-i686-mingw32/bin/../lib/gcc/nios2-elf/4.1.2/../../../../nios2-elf/lib/mno-hw-mul\libsmallc.a(lib_a-putc.o)
 .debug_abbrev  0x00000c8c      0x16c d:/quartus/quartus2/nios2eds/bin/gnu/h-i686-mingw32/bin/../lib/gcc/nios2-elf/4.1.2/../../../../nios2-elf/lib/mno-hw-mul\libsmallc.a(lib_a-writer.o)
 .debug_abbrev  0x00000df8       0x3b d:/quartus/quartus2/nios2eds/bin/gnu/h-i686-mingw32/bin/../lib/gcc/nios2-elf/4.1.2/../../../../nios2-elf/lib/mno-hw-mul\libsmallc.a(lib_a-int_errno.o)
 .debug_abbrev  0x00000e33       0xe0 d:/quartus/quartus2/nios2eds/bin/gnu/h-i686-mingw32/bin/../lib/gcc/nios2-elf/4.1.2/mno-hw-mul\libgcc.a(lib2-divmod.o)
 .debug_abbrev  0x00000f13       0x88 ../ThiTHanh_bsp/\libhal_bsp.a(alt_load.o)
 .debug_abbrev  0x00000f9b       0xb7 ../ThiTHanh_bsp/\libhal_bsp.a(alt_main.o)
 .debug_abbrev  0x00001052       0x5d ../ThiTHanh_bsp/\libhal_bsp.a(alt_usleep.o)
 .debug_abbrev  0x000010af      0x100 ../ThiTHanh_bsp/\libhal_bsp.a(alt_write.o)
 .debug_abbrev  0x000011af      0x121 ../ThiTHanh_bsp/\libhal_bsp.a(alt_sys_init.o)
 .debug_abbrev  0x000012d0       0xcb ../ThiTHanh_bsp/\libhal_bsp.a(altera_avalon_jtag_uart_fd.o)
 .debug_abbrev  0x0000139b       0xb6 ../ThiTHanh_bsp/\libhal_bsp.a(altera_avalon_jtag_uart_read.o)
 .debug_abbrev  0x00001451       0xb4 ../ThiTHanh_bsp/\libhal_bsp.a(altera_avalon_jtag_uart_write.o)
 .debug_abbrev  0x00001505       0x6c ../ThiTHanh_bsp/\libhal_bsp.a(alt_busy_sleep.o)
 .debug_abbrev  0x00001571       0xfb ../ThiTHanh_bsp/\libhal_bsp.a(alt_close.o)
 .debug_abbrev  0x0000166c       0x3f ../ThiTHanh_bsp/\libhal_bsp.a(alt_dcache_flush_all.o)
 .debug_abbrev  0x000016ab       0xc7 ../ThiTHanh_bsp/\libhal_bsp.a(alt_dev.o)
 .debug_abbrev  0x00001772       0xf6 ../ThiTHanh_bsp/\libhal_bsp.a(alt_dev_llist_insert.o)
 .debug_abbrev  0x00001868       0x76 ../ThiTHanh_bsp/\libhal_bsp.a(alt_do_ctors.o)
 .debug_abbrev  0x000018de       0x76 ../ThiTHanh_bsp/\libhal_bsp.a(alt_do_dtors.o)
 .debug_abbrev  0x00001954       0x5e ../ThiTHanh_bsp/\libhal_bsp.a(alt_errno.o)
 .debug_abbrev  0x000019b2       0x3f ../ThiTHanh_bsp/\libhal_bsp.a(alt_icache_flush_all.o)
 .debug_abbrev  0x000019f1       0xf0 ../ThiTHanh_bsp/\libhal_bsp.a(alt_io_redirect.o)
 .debug_abbrev  0x00001ae1      0x112 ../ThiTHanh_bsp/\libhal_bsp.a(alt_open.o)
 .debug_abbrev  0x00001bf3       0xc1 ../ThiTHanh_bsp/\libhal_bsp.a(alt_release_fd.o)
 .debug_abbrev  0x00001cb4       0x3f ../ThiTHanh_bsp/\libhal_bsp.a(altera_nios2_qsys_irq.o)
 .debug_abbrev  0x00001cf3       0xcf ../ThiTHanh_bsp/\libhal_bsp.a(alt_find_dev.o)
 .debug_abbrev  0x00001dc2       0xcf ../ThiTHanh_bsp/\libhal_bsp.a(alt_find_file.o)
 .debug_abbrev  0x00001e91       0xfb ../ThiTHanh_bsp/\libhal_bsp.a(alt_get_fd.o)
 .debug_abbrev  0x00001f8c       0xc6 d:/quartus/quartus2/nios2eds/bin/gnu/h-i686-mingw32/bin/../lib/gcc/nios2-elf/4.1.2/../../../../nios2-elf/lib/mno-hw-mul\libsmallc.a(lib_a-atexit.o)
 .debug_abbrev  0x00002052       0x4e d:/quartus/quartus2/nios2eds/bin/gnu/h-i686-mingw32/bin/../lib/gcc/nios2-elf/4.1.2/../../../../nios2-elf/lib/mno-hw-mul\libsmallc.a(lib_a-exit.o)
 .debug_abbrev  0x000020a0       0x7c d:/quartus/quartus2/nios2eds/bin/gnu/h-i686-mingw32/bin/../lib/gcc/nios2-elf/4.1.2/../../../../nios2-elf/lib/mno-hw-mul\libsmallc.a(lib_a-memcmp.o)
 .debug_abbrev  0x0000211c      0x196 d:/quartus/quartus2/nios2eds/bin/gnu/h-i686-mingw32/bin/../lib/gcc/nios2-elf/4.1.2/../../../../nios2-elf/lib/mno-hw-mul\libsmallc.a(lib_a-__atexit.o)
 .debug_abbrev  0x000022b2      0x1c6 d:/quartus/quartus2/nios2eds/bin/gnu/h-i686-mingw32/bin/../lib/gcc/nios2-elf/4.1.2/../../../../nios2-elf/lib/mno-hw-mul\libsmallc.a(lib_a-__call_atexit.o)
 .debug_abbrev  0x00002478       0x72 ../ThiTHanh_bsp/\libhal_bsp.a(alt_exit.o)

.debug_line     0x00000000     0x690e
 *(.debug_line)
 .debug_line    0x00000000       0x66 ../ThiTHanh_bsp//obj/HAL/src/crt0.o
 .debug_line    0x00000066      0x4c9 obj/default/source.o
 .debug_line    0x0000052f      0x11a d:/quartus/quartus2/nios2eds/bin/gnu/h-i686-mingw32/bin/../lib/gcc/nios2-elf/4.1.2/mno-hw-mul\libgcc.a(lib2-mul.o)
 .debug_line    0x00000649      0x2be d:/quartus/quartus2/nios2eds/bin/gnu/h-i686-mingw32/bin/../lib/gcc/nios2-elf/4.1.2/../../../../nios2-elf/lib/mno-hw-mul\libsmallc.a(lib_a-printf.o)
 .debug_line    0x00000907      0x267 d:/quartus/quartus2/nios2eds/bin/gnu/h-i686-mingw32/bin/../lib/gcc/nios2-elf/4.1.2/../../../../nios2-elf/lib/mno-hw-mul\libsmallc.a(lib_a-putchar.o)
 .debug_line    0x00000b6e      0x2b2 d:/quartus/quartus2/nios2eds/bin/gnu/h-i686-mingw32/bin/../lib/gcc/nios2-elf/4.1.2/../../../../nios2-elf/lib/mno-hw-mul\libsmallc.a(lib_a-puts.o)
 .debug_line    0x00000e20      0x250 d:/quartus/quartus2/nios2eds/bin/gnu/h-i686-mingw32/bin/../lib/gcc/nios2-elf/4.1.2/../../../../nios2-elf/lib/mno-hw-mul\libsmallc.a(lib_a-strlen.o)
 .debug_line    0x00001070      0x666 d:/quartus/quartus2/nios2eds/bin/gnu/h-i686-mingw32/bin/../lib/gcc/nios2-elf/4.1.2/../../../../nios2-elf/lib/mno-hw-mul\libsmallc.a(lib_a-vfprintf.o)
 .debug_line    0x000016d6      0x2a9 d:/quartus/quartus2/nios2eds/bin/gnu/h-i686-mingw32/bin/../lib/gcc/nios2-elf/4.1.2/../../../../nios2-elf/lib/mno-hw-mul\libsmallc.a(lib_a-fvwrite_small_dev.o)
 .debug_line    0x0000197f      0x230 d:/quartus/quartus2/nios2eds/bin/gnu/h-i686-mingw32/bin/../lib/gcc/nios2-elf/4.1.2/../../../../nios2-elf/lib/mno-hw-mul\libsmallc.a(lib_a-impure.o)
 .debug_line    0x00001baf      0x2d2 d:/quartus/quartus2/nios2eds/bin/gnu/h-i686-mingw32/bin/../lib/gcc/nios2-elf/4.1.2/../../../../nios2-elf/lib/mno-hw-mul\libsmallc.a(lib_a-putc.o)
 .debug_line    0x00001e81      0x29d d:/quartus/quartus2/nios2eds/bin/gnu/h-i686-mingw32/bin/../lib/gcc/nios2-elf/4.1.2/../../../../nios2-elf/lib/mno-hw-mul\libsmallc.a(lib_a-writer.o)
 .debug_line    0x0000211e      0x1e2 d:/quartus/quartus2/nios2eds/bin/gnu/h-i686-mingw32/bin/../lib/gcc/nios2-elf/4.1.2/../../../../nios2-elf/lib/mno-hw-mul\libsmallc.a(lib_a-int_errno.o)
 .debug_line    0x00002300      0x24f d:/quartus/quartus2/nios2eds/bin/gnu/h-i686-mingw32/bin/../lib/gcc/nios2-elf/4.1.2/mno-hw-mul\libgcc.a(lib2-divmod.o)
 .debug_line    0x0000254f      0x21b ../ThiTHanh_bsp/\libhal_bsp.a(alt_load.o)
 .debug_line    0x0000276a      0x2ce ../ThiTHanh_bsp/\libhal_bsp.a(alt_main.o)
 .debug_line    0x00002a38      0x208 ../ThiTHanh_bsp/\libhal_bsp.a(alt_usleep.o)
 .debug_line    0x00002c40      0x2cd ../ThiTHanh_bsp/\libhal_bsp.a(alt_write.o)
 .debug_line    0x00002f0d      0x2aa ../ThiTHanh_bsp/\libhal_bsp.a(alt_sys_init.o)
 .debug_line    0x000031b7      0x1d9 ../ThiTHanh_bsp/\libhal_bsp.a(altera_avalon_jtag_uart_fd.o)
 .debug_line    0x00003390      0x347 ../ThiTHanh_bsp/\libhal_bsp.a(altera_avalon_jtag_uart_read.o)
 .debug_line    0x000036d7      0x308 ../ThiTHanh_bsp/\libhal_bsp.a(altera_avalon_jtag_uart_write.o)
 .debug_line    0x000039df      0x262 ../ThiTHanh_bsp/\libhal_bsp.a(alt_busy_sleep.o)
 .debug_line    0x00003c41      0x29d ../ThiTHanh_bsp/\libhal_bsp.a(alt_close.o)
 .debug_line    0x00003ede      0x1b9 ../ThiTHanh_bsp/\libhal_bsp.a(alt_dcache_flush_all.o)
 .debug_line    0x00004097      0x258 ../ThiTHanh_bsp/\libhal_bsp.a(alt_dev.o)
 .debug_line    0x000042ef      0x25e ../ThiTHanh_bsp/\libhal_bsp.a(alt_dev_llist_insert.o)
 .debug_line    0x0000454d       0x83 ../ThiTHanh_bsp/\libhal_bsp.a(alt_do_ctors.o)
 .debug_line    0x000045d0       0x83 ../ThiTHanh_bsp/\libhal_bsp.a(alt_do_dtors.o)
 .debug_line    0x00004653      0x1ae ../ThiTHanh_bsp/\libhal_bsp.a(alt_errno.o)
 .debug_line    0x00004801      0x1b9 ../ThiTHanh_bsp/\libhal_bsp.a(alt_icache_flush_all.o)
 .debug_line    0x000049ba      0x2b8 ../ThiTHanh_bsp/\libhal_bsp.a(alt_io_redirect.o)
 .debug_line    0x00004c72      0x303 ../ThiTHanh_bsp/\libhal_bsp.a(alt_open.o)
 .debug_line    0x00004f75       0xed ../ThiTHanh_bsp/\libhal_bsp.a(alt_release_fd.o)
 .debug_line    0x00005062      0x1d2 ../ThiTHanh_bsp/\libhal_bsp.a(altera_nios2_qsys_irq.o)
 .debug_line    0x00005234      0x26f ../ThiTHanh_bsp/\libhal_bsp.a(alt_find_dev.o)
 .debug_line    0x000054a3      0x280 ../ThiTHanh_bsp/\libhal_bsp.a(alt_find_file.o)
 .debug_line    0x00005723      0x29b ../ThiTHanh_bsp/\libhal_bsp.a(alt_get_fd.o)
 .debug_line    0x000059be      0x203 d:/quartus/quartus2/nios2eds/bin/gnu/h-i686-mingw32/bin/../lib/gcc/nios2-elf/4.1.2/../../../../nios2-elf/lib/mno-hw-mul\libsmallc.a(lib_a-atexit.o)
 .debug_line    0x00005bc1      0x223 d:/quartus/quartus2/nios2eds/bin/gnu/h-i686-mingw32/bin/../lib/gcc/nios2-elf/4.1.2/../../../../nios2-elf/lib/mno-hw-mul\libsmallc.a(lib_a-exit.o)
 .debug_line    0x00005de4      0x270 d:/quartus/quartus2/nios2eds/bin/gnu/h-i686-mingw32/bin/../lib/gcc/nios2-elf/4.1.2/../../../../nios2-elf/lib/mno-hw-mul\libsmallc.a(lib_a-memcmp.o)
 .debug_line    0x00006054      0x350 d:/quartus/quartus2/nios2eds/bin/gnu/h-i686-mingw32/bin/../lib/gcc/nios2-elf/4.1.2/../../../../nios2-elf/lib/mno-hw-mul\libsmallc.a(lib_a-__atexit.o)
 .debug_line    0x000063a4      0x360 d:/quartus/quartus2/nios2eds/bin/gnu/h-i686-mingw32/bin/../lib/gcc/nios2-elf/4.1.2/../../../../nios2-elf/lib/mno-hw-mul\libsmallc.a(lib_a-__call_atexit.o)
 .debug_line    0x00006704      0x20a ../ThiTHanh_bsp/\libhal_bsp.a(alt_exit.o)

.debug_frame    0x00000000      0x9c0
 *(.debug_frame)
 .debug_frame   0x00000000      0x10c obj/default/source.o
 .debug_frame   0x0000010c       0x20 d:/quartus/quartus2/nios2eds/bin/gnu/h-i686-mingw32/bin/../lib/gcc/nios2-elf/4.1.2/mno-hw-mul\libgcc.a(lib2-mul.o)
 .debug_frame   0x0000012c       0x40 d:/quartus/quartus2/nios2eds/bin/gnu/h-i686-mingw32/bin/../lib/gcc/nios2-elf/4.1.2/../../../../nios2-elf/lib/mno-hw-mul\libsmallc.a(lib_a-printf.o)
 .debug_frame   0x0000016c       0x30 d:/quartus/quartus2/nios2eds/bin/gnu/h-i686-mingw32/bin/../lib/gcc/nios2-elf/4.1.2/../../../../nios2-elf/lib/mno-hw-mul\libsmallc.a(lib_a-putchar.o)
 .debug_frame   0x0000019c       0x3c d:/quartus/quartus2/nios2eds/bin/gnu/h-i686-mingw32/bin/../lib/gcc/nios2-elf/4.1.2/../../../../nios2-elf/lib/mno-hw-mul\libsmallc.a(lib_a-puts.o)
 .debug_frame   0x000001d8       0x20 d:/quartus/quartus2/nios2eds/bin/gnu/h-i686-mingw32/bin/../lib/gcc/nios2-elf/4.1.2/../../../../nios2-elf/lib/mno-hw-mul\libsmallc.a(lib_a-strlen.o)
 .debug_frame   0x000001f8       0x64 d:/quartus/quartus2/nios2eds/bin/gnu/h-i686-mingw32/bin/../lib/gcc/nios2-elf/4.1.2/../../../../nios2-elf/lib/mno-hw-mul\libsmallc.a(lib_a-vfprintf.o)
 .debug_frame   0x0000025c       0x30 d:/quartus/quartus2/nios2eds/bin/gnu/h-i686-mingw32/bin/../lib/gcc/nios2-elf/4.1.2/../../../../nios2-elf/lib/mno-hw-mul\libsmallc.a(lib_a-fvwrite_small_dev.o)
 .debug_frame   0x0000028c       0x48 d:/quartus/quartus2/nios2eds/bin/gnu/h-i686-mingw32/bin/../lib/gcc/nios2-elf/4.1.2/../../../../nios2-elf/lib/mno-hw-mul\libsmallc.a(lib_a-putc.o)
 .debug_frame   0x000002d4       0x2c d:/quartus/quartus2/nios2eds/bin/gnu/h-i686-mingw32/bin/../lib/gcc/nios2-elf/4.1.2/../../../../nios2-elf/lib/mno-hw-mul\libsmallc.a(lib_a-writer.o)
 .debug_frame   0x00000300       0x70 d:/quartus/quartus2/nios2eds/bin/gnu/h-i686-mingw32/bin/../lib/gcc/nios2-elf/4.1.2/mno-hw-mul\libgcc.a(lib2-divmod.o)
 .debug_frame   0x00000370       0x48 ../ThiTHanh_bsp/\libhal_bsp.a(alt_load.o)
 .debug_frame   0x000003b8       0x2c ../ThiTHanh_bsp/\libhal_bsp.a(alt_main.o)
 .debug_frame   0x000003e4       0x2c ../ThiTHanh_bsp/\libhal_bsp.a(alt_usleep.o)
 .debug_frame   0x00000410       0x48 ../ThiTHanh_bsp/\libhal_bsp.a(alt_write.o)
 .debug_frame   0x00000458       0x64 ../ThiTHanh_bsp/\libhal_bsp.a(alt_sys_init.o)
 .debug_frame   0x000004bc       0x48 ../ThiTHanh_bsp/\libhal_bsp.a(altera_avalon_jtag_uart_fd.o)
 .debug_frame   0x00000504       0x2c ../ThiTHanh_bsp/\libhal_bsp.a(altera_avalon_jtag_uart_read.o)
 .debug_frame   0x00000530       0x2c ../ThiTHanh_bsp/\libhal_bsp.a(altera_avalon_jtag_uart_write.o)
 .debug_frame   0x0000055c       0x2c ../ThiTHanh_bsp/\libhal_bsp.a(alt_busy_sleep.o)
 .debug_frame   0x00000588       0x48 ../ThiTHanh_bsp/\libhal_bsp.a(alt_close.o)
 .debug_frame   0x000005d0       0x2c ../ThiTHanh_bsp/\libhal_bsp.a(alt_dcache_flush_all.o)
 .debug_frame   0x000005fc       0x2c ../ThiTHanh_bsp/\libhal_bsp.a(alt_dev.o)
 .debug_frame   0x00000628       0x48 ../ThiTHanh_bsp/\libhal_bsp.a(alt_dev_llist_insert.o)
 .debug_frame   0x00000670       0x2c ../ThiTHanh_bsp/\libhal_bsp.a(alt_do_ctors.o)
 .debug_frame   0x0000069c       0x2c ../ThiTHanh_bsp/\libhal_bsp.a(alt_do_dtors.o)
 .debug_frame   0x000006c8       0x2c ../ThiTHanh_bsp/\libhal_bsp.a(alt_icache_flush_all.o)
 .debug_frame   0x000006f4       0x4c ../ThiTHanh_bsp/\libhal_bsp.a(alt_io_redirect.o)
 .debug_frame   0x00000740       0x68 ../ThiTHanh_bsp/\libhal_bsp.a(alt_open.o)
 .debug_frame   0x000007a8       0x30 ../ThiTHanh_bsp/\libhal_bsp.a(alt_release_fd.o)
 .debug_frame   0x000007d8       0x2c ../ThiTHanh_bsp/\libhal_bsp.a(altera_nios2_qsys_irq.o)
 .debug_frame   0x00000804       0x2c ../ThiTHanh_bsp/\libhal_bsp.a(alt_find_dev.o)
 .debug_frame   0x00000830       0x2c ../ThiTHanh_bsp/\libhal_bsp.a(alt_find_file.o)
 .debug_frame   0x0000085c       0x30 ../ThiTHanh_bsp/\libhal_bsp.a(alt_get_fd.o)
 .debug_frame   0x0000088c       0x20 d:/quartus/quartus2/nios2eds/bin/gnu/h-i686-mingw32/bin/../lib/gcc/nios2-elf/4.1.2/../../../../nios2-elf/lib/mno-hw-mul\libsmallc.a(lib_a-atexit.o)
 .debug_frame   0x000008ac       0x2c d:/quartus/quartus2/nios2eds/bin/gnu/h-i686-mingw32/bin/../lib/gcc/nios2-elf/4.1.2/../../../../nios2-elf/lib/mno-hw-mul\libsmallc.a(lib_a-exit.o)
 .debug_frame   0x000008d8       0x20 d:/quartus/quartus2/nios2eds/bin/gnu/h-i686-mingw32/bin/../lib/gcc/nios2-elf/4.1.2/../../../../nios2-elf/lib/mno-hw-mul\libsmallc.a(lib_a-memcmp.o)
 .debug_frame   0x000008f8       0x34 d:/quartus/quartus2/nios2eds/bin/gnu/h-i686-mingw32/bin/../lib/gcc/nios2-elf/4.1.2/../../../../nios2-elf/lib/mno-hw-mul\libsmallc.a(lib_a-__atexit.o)
 .debug_frame   0x0000092c       0x4c d:/quartus/quartus2/nios2eds/bin/gnu/h-i686-mingw32/bin/../lib/gcc/nios2-elf/4.1.2/../../../../nios2-elf/lib/mno-hw-mul\libsmallc.a(lib_a-__call_atexit.o)
 .debug_frame   0x00000978       0x48 ../ThiTHanh_bsp/\libhal_bsp.a(alt_exit.o)

.debug_str      0x00000000      0xe3a
 *(.debug_str)
 .debug_str     0x00000000       0x12 obj/default/source.o
 .debug_str     0x00000012      0x128 d:/quartus/quartus2/nios2eds/bin/gnu/h-i686-mingw32/bin/../lib/gcc/nios2-elf/4.1.2/mno-hw-mul\libgcc.a(lib2-mul.o)
                                0x175 (size before relaxing)
 .debug_str     0x0000013a      0x3aa d:/quartus/quartus2/nios2eds/bin/gnu/h-i686-mingw32/bin/../lib/gcc/nios2-elf/4.1.2/../../../../nios2-elf/lib/mno-hw-mul\libsmallc.a(lib_a-printf.o)
                                0x466 (size before relaxing)
 .debug_str     0x000004e4       0x51 d:/quartus/quartus2/nios2eds/bin/gnu/h-i686-mingw32/bin/../lib/gcc/nios2-elf/4.1.2/../../../../nios2-elf/lib/mno-hw-mul\libsmallc.a(lib_a-putchar.o)
                                0x452 (size before relaxing)
 .debug_str     0x00000535       0x48 d:/quartus/quartus2/nios2eds/bin/gnu/h-i686-mingw32/bin/../lib/gcc/nios2-elf/4.1.2/../../../../nios2-elf/lib/mno-hw-mul\libsmallc.a(lib_a-puts.o)
                                0x450 (size before relaxing)
 .debug_str     0x0000057d       0xe2 d:/quartus/quartus2/nios2eds/bin/gnu/h-i686-mingw32/bin/../lib/gcc/nios2-elf/4.1.2/../../../../nios2-elf/lib/mno-hw-mul\libsmallc.a(lib_a-strlen.o)
                                0x184 (size before relaxing)
 .debug_str     0x0000065f      0x168 d:/quartus/quartus2/nios2eds/bin/gnu/h-i686-mingw32/bin/../lib/gcc/nios2-elf/4.1.2/../../../../nios2-elf/lib/mno-hw-mul\libsmallc.a(lib_a-vfprintf.o)
                                0x5af (size before relaxing)
 .debug_str     0x000007c7       0x70 d:/quartus/quartus2/nios2eds/bin/gnu/h-i686-mingw32/bin/../lib/gcc/nios2-elf/4.1.2/../../../../nios2-elf/lib/mno-hw-mul\libsmallc.a(lib_a-fvwrite_small_dev.o)
                                0x46a (size before relaxing)
 .debug_str     0x00000837       0xf8 d:/quartus/quartus2/nios2eds/bin/gnu/h-i686-mingw32/bin/../lib/gcc/nios2-elf/4.1.2/../../../../nios2-elf/lib/mno-hw-mul\libsmallc.a(lib_a-impure.o)
                                0x45d (size before relaxing)
 .debug_str     0x0000092f       0x4f d:/quartus/quartus2/nios2eds/bin/gnu/h-i686-mingw32/bin/../lib/gcc/nios2-elf/4.1.2/../../../../nios2-elf/lib/mno-hw-mul\libsmallc.a(lib_a-putc.o)
                                0x455 (size before relaxing)
 .debug_str     0x0000097e       0x4f d:/quartus/quartus2/nios2eds/bin/gnu/h-i686-mingw32/bin/../lib/gcc/nios2-elf/4.1.2/../../../../nios2-elf/lib/mno-hw-mul\libsmallc.a(lib_a-writer.o)
                                0x451 (size before relaxing)
 .debug_str     0x000009cd       0x40 d:/quartus/quartus2/nios2eds/bin/gnu/h-i686-mingw32/bin/../lib/gcc/nios2-elf/4.1.2/../../../../nios2-elf/lib/mno-hw-mul\libsmallc.a(lib_a-int_errno.o)
                                0x177 (size before relaxing)
 .debug_str     0x00000a0d       0x76 d:/quartus/quartus2/nios2eds/bin/gnu/h-i686-mingw32/bin/../lib/gcc/nios2-elf/4.1.2/mno-hw-mul\libgcc.a(lib2-divmod.o)
                                0x1b4 (size before relaxing)
 .debug_str     0x00000a83       0x12 ../ThiTHanh_bsp/\libhal_bsp.a(alt_load.o)
 .debug_str     0x00000a95       0x12 ../ThiTHanh_bsp/\libhal_bsp.a(alt_main.o)
 .debug_str     0x00000aa7       0x12 ../ThiTHanh_bsp/\libhal_bsp.a(alt_usleep.o)
 .debug_str     0x00000ab9       0x12 ../ThiTHanh_bsp/\libhal_bsp.a(alt_write.o)
 .debug_str     0x00000acb       0x12 ../ThiTHanh_bsp/\libhal_bsp.a(alt_sys_init.o)
 .debug_str     0x00000add       0x12 ../ThiTHanh_bsp/\libhal_bsp.a(altera_avalon_jtag_uart_read.o)
 .debug_str     0x00000aef       0x12 ../ThiTHanh_bsp/\libhal_bsp.a(altera_avalon_jtag_uart_write.o)
 .debug_str     0x00000b01       0x12 ../ThiTHanh_bsp/\libhal_bsp.a(alt_busy_sleep.o)
 .debug_str     0x00000b13       0x12 ../ThiTHanh_bsp/\libhal_bsp.a(alt_close.o)
 .debug_str     0x00000b25       0x12 ../ThiTHanh_bsp/\libhal_bsp.a(alt_dcache_flush_all.o)
 .debug_str     0x00000b37       0x12 ../ThiTHanh_bsp/\libhal_bsp.a(alt_dev.o)
 .debug_str     0x00000b49       0x12 ../ThiTHanh_bsp/\libhal_bsp.a(alt_dev_llist_insert.o)
 .debug_str     0x00000b5b       0x12 ../ThiTHanh_bsp/\libhal_bsp.a(alt_errno.o)
 .debug_str     0x00000b6d       0x12 ../ThiTHanh_bsp/\libhal_bsp.a(alt_icache_flush_all.o)
 .debug_str     0x00000b7f       0x12 ../ThiTHanh_bsp/\libhal_bsp.a(alt_io_redirect.o)
 .debug_str     0x00000b91       0x12 ../ThiTHanh_bsp/\libhal_bsp.a(alt_open.o)
 .debug_str     0x00000ba3       0x12 ../ThiTHanh_bsp/\libhal_bsp.a(altera_nios2_qsys_irq.o)
 .debug_str     0x00000bb5       0x12 ../ThiTHanh_bsp/\libhal_bsp.a(alt_find_dev.o)
 .debug_str     0x00000bc7       0x12 ../ThiTHanh_bsp/\libhal_bsp.a(alt_find_file.o)
 .debug_str     0x00000bd9       0x12 ../ThiTHanh_bsp/\libhal_bsp.a(alt_get_fd.o)
 .debug_str     0x00000beb       0xdb d:/quartus/quartus2/nios2eds/bin/gnu/h-i686-mingw32/bin/../lib/gcc/nios2-elf/4.1.2/../../../../nios2-elf/lib/mno-hw-mul\libsmallc.a(lib_a-atexit.o)
                                0x1e5 (size before relaxing)
 .debug_str     0x00000cc6       0x41 d:/quartus/quartus2/nios2eds/bin/gnu/h-i686-mingw32/bin/../lib/gcc/nios2-elf/4.1.2/../../../../nios2-elf/lib/mno-hw-mul\libsmallc.a(lib_a-exit.o)
                                0x178 (size before relaxing)
 .debug_str     0x00000d07       0x45 d:/quartus/quartus2/nios2eds/bin/gnu/h-i686-mingw32/bin/../lib/gcc/nios2-elf/4.1.2/../../../../nios2-elf/lib/mno-hw-mul\libsmallc.a(lib_a-memcmp.o)
                                0x17e (size before relaxing)
 .debug_str     0x00000d4c       0x54 d:/quartus/quartus2/nios2eds/bin/gnu/h-i686-mingw32/bin/../lib/gcc/nios2-elf/4.1.2/../../../../nios2-elf/lib/mno-hw-mul\libsmallc.a(lib_a-__atexit.o)
                                0x467 (size before relaxing)
 .debug_str     0x00000da0       0x7e d:/quartus/quartus2/nios2eds/bin/gnu/h-i686-mingw32/bin/../lib/gcc/nios2-elf/4.1.2/../../../../nios2-elf/lib/mno-hw-mul\libsmallc.a(lib_a-__call_atexit.o)
                                0x491 (size before relaxing)
 .debug_str     0x00000e1e       0x1c ../ThiTHanh_bsp/\libhal_bsp.a(alt_exit.o)

.debug_loc      0x00000000     0x1a28
 *(.debug_loc)
 .debug_loc     0x00000000      0x183 obj/default/source.o
 .debug_loc     0x00000183       0x4f d:/quartus/quartus2/nios2eds/bin/gnu/h-i686-mingw32/bin/../lib/gcc/nios2-elf/4.1.2/mno-hw-mul\libgcc.a(lib2-mul.o)
 .debug_loc     0x000001d2       0x8d d:/quartus/quartus2/nios2eds/bin/gnu/h-i686-mingw32/bin/../lib/gcc/nios2-elf/4.1.2/../../../../nios2-elf/lib/mno-hw-mul\libsmallc.a(lib_a-printf.o)
 .debug_loc     0x0000025f       0x44 d:/quartus/quartus2/nios2eds/bin/gnu/h-i686-mingw32/bin/../lib/gcc/nios2-elf/4.1.2/../../../../nios2-elf/lib/mno-hw-mul\libsmallc.a(lib_a-putchar.o)
 .debug_loc     0x000002a3       0xa2 d:/quartus/quartus2/nios2eds/bin/gnu/h-i686-mingw32/bin/../lib/gcc/nios2-elf/4.1.2/../../../../nios2-elf/lib/mno-hw-mul\libsmallc.a(lib_a-puts.o)
 .debug_loc     0x00000345       0x1e d:/quartus/quartus2/nios2eds/bin/gnu/h-i686-mingw32/bin/../lib/gcc/nios2-elf/4.1.2/../../../../nios2-elf/lib/mno-hw-mul\libsmallc.a(lib_a-strlen.o)
 .debug_loc     0x00000363      0x878 d:/quartus/quartus2/nios2eds/bin/gnu/h-i686-mingw32/bin/../lib/gcc/nios2-elf/4.1.2/../../../../nios2-elf/lib/mno-hw-mul\libsmallc.a(lib_a-vfprintf.o)
 .debug_loc     0x00000bdb      0x162 d:/quartus/quartus2/nios2eds/bin/gnu/h-i686-mingw32/bin/../lib/gcc/nios2-elf/4.1.2/../../../../nios2-elf/lib/mno-hw-mul\libsmallc.a(lib_a-fvwrite_small_dev.o)
 .debug_loc     0x00000d3d       0xd4 d:/quartus/quartus2/nios2eds/bin/gnu/h-i686-mingw32/bin/../lib/gcc/nios2-elf/4.1.2/../../../../nios2-elf/lib/mno-hw-mul\libsmallc.a(lib_a-putc.o)
 .debug_loc     0x00000e11       0x97 d:/quartus/quartus2/nios2eds/bin/gnu/h-i686-mingw32/bin/../lib/gcc/nios2-elf/4.1.2/../../../../nios2-elf/lib/mno-hw-mul\libsmallc.a(lib_a-writer.o)
 .debug_loc     0x00000ea8      0x1d2 d:/quartus/quartus2/nios2eds/bin/gnu/h-i686-mingw32/bin/../lib/gcc/nios2-elf/4.1.2/mno-hw-mul\libgcc.a(lib2-divmod.o)
 .debug_loc     0x0000107a       0x56 ../ThiTHanh_bsp/\libhal_bsp.a(alt_load.o)
 .debug_loc     0x000010d0       0x2b ../ThiTHanh_bsp/\libhal_bsp.a(alt_main.o)
 .debug_loc     0x000010fb       0x2b ../ThiTHanh_bsp/\libhal_bsp.a(alt_usleep.o)
 .debug_loc     0x00001126       0x56 ../ThiTHanh_bsp/\libhal_bsp.a(alt_write.o)
 .debug_loc     0x0000117c       0x81 ../ThiTHanh_bsp/\libhal_bsp.a(alt_sys_init.o)
 .debug_loc     0x000011fd       0x56 ../ThiTHanh_bsp/\libhal_bsp.a(altera_avalon_jtag_uart_fd.o)
 .debug_loc     0x00001253       0x2b ../ThiTHanh_bsp/\libhal_bsp.a(altera_avalon_jtag_uart_read.o)
 .debug_loc     0x0000127e       0x2b ../ThiTHanh_bsp/\libhal_bsp.a(altera_avalon_jtag_uart_write.o)
 .debug_loc     0x000012a9       0x2b ../ThiTHanh_bsp/\libhal_bsp.a(alt_busy_sleep.o)
 .debug_loc     0x000012d4       0x56 ../ThiTHanh_bsp/\libhal_bsp.a(alt_close.o)
 .debug_loc     0x0000132a       0x2b ../ThiTHanh_bsp/\libhal_bsp.a(alt_dcache_flush_all.o)
 .debug_loc     0x00001355       0x2b ../ThiTHanh_bsp/\libhal_bsp.a(alt_dev.o)
 .debug_loc     0x00001380       0x56 ../ThiTHanh_bsp/\libhal_bsp.a(alt_dev_llist_insert.o)
 .debug_loc     0x000013d6       0x2b ../ThiTHanh_bsp/\libhal_bsp.a(alt_do_ctors.o)
 .debug_loc     0x00001401       0x2b ../ThiTHanh_bsp/\libhal_bsp.a(alt_do_dtors.o)
 .debug_loc     0x0000142c       0x2b ../ThiTHanh_bsp/\libhal_bsp.a(alt_icache_flush_all.o)
 .debug_loc     0x00001457       0x56 ../ThiTHanh_bsp/\libhal_bsp.a(alt_io_redirect.o)
 .debug_loc     0x000014ad       0x81 ../ThiTHanh_bsp/\libhal_bsp.a(alt_open.o)
 .debug_loc     0x0000152e       0x2b ../ThiTHanh_bsp/\libhal_bsp.a(alt_release_fd.o)
 .debug_loc     0x00001559       0x2b ../ThiTHanh_bsp/\libhal_bsp.a(altera_nios2_qsys_irq.o)
 .debug_loc     0x00001584       0x2b ../ThiTHanh_bsp/\libhal_bsp.a(alt_find_dev.o)
 .debug_loc     0x000015af       0x2b ../ThiTHanh_bsp/\libhal_bsp.a(alt_find_file.o)
 .debug_loc     0x000015da       0x2b ../ThiTHanh_bsp/\libhal_bsp.a(alt_get_fd.o)
 .debug_loc     0x00001605       0x1e d:/quartus/quartus2/nios2eds/bin/gnu/h-i686-mingw32/bin/../lib/gcc/nios2-elf/4.1.2/../../../../nios2-elf/lib/mno-hw-mul\libsmallc.a(lib_a-atexit.o)
 .debug_loc     0x00001623       0x3d d:/quartus/quartus2/nios2eds/bin/gnu/h-i686-mingw32/bin/../lib/gcc/nios2-elf/4.1.2/../../../../nios2-elf/lib/mno-hw-mul\libsmallc.a(lib_a-exit.o)
 .debug_loc     0x00001660       0x70 d:/quartus/quartus2/nios2eds/bin/gnu/h-i686-mingw32/bin/../lib/gcc/nios2-elf/4.1.2/../../../../nios2-elf/lib/mno-hw-mul\libsmallc.a(lib_a-memcmp.o)
 .debug_loc     0x000016d0      0x141 d:/quartus/quartus2/nios2eds/bin/gnu/h-i686-mingw32/bin/../lib/gcc/nios2-elf/4.1.2/../../../../nios2-elf/lib/mno-hw-mul\libsmallc.a(lib_a-__atexit.o)
 .debug_loc     0x00001811      0x1c1 d:/quartus/quartus2/nios2eds/bin/gnu/h-i686-mingw32/bin/../lib/gcc/nios2-elf/4.1.2/../../../../nios2-elf/lib/mno-hw-mul\libsmallc.a(lib_a-__call_atexit.o)
 .debug_loc     0x000019d2       0x56 ../ThiTHanh_bsp/\libhal_bsp.a(alt_exit.o)

.debug_macinfo
 *(.debug_macinfo)

.debug_weaknames
 *(.debug_weaknames)

.debug_funcnames
 *(.debug_funcnames)

.debug_typenames
 *(.debug_typenames)

.debug_varnames
 *(.debug_varnames)

.debug_alt_sim_info
                0x00000000       0x40
 *(.debug_alt_sim_info)
 .debug_alt_sim_info
                0x00000000       0x10 ../ThiTHanh_bsp//obj/HAL/src/crt0.o
 .debug_alt_sim_info
                0x00000010       0x30 ../ThiTHanh_bsp/\libhal_bsp.a(alt_busy_sleep.o)
                0x00010000                __alt_data_end = 0x10000
                0x00010000                PROVIDE (__alt_stack_pointer, __alt_data_end)
                0x0000b0a8                PROVIDE (__alt_stack_limit, __alt_stack_base)
                0x0000b0a8                PROVIDE (__alt_heap_start, end)
                0x00010000                PROVIDE (__alt_heap_limit, 0x10000)
OUTPUT(ThiTHanh.elf elf32-littlenios2)

.debug_ranges   0x00000000      0x178
 .debug_ranges  0x00000000       0x20 ../ThiTHanh_bsp//obj/HAL/src/crt0.o
 .debug_ranges  0x00000020      0x140 d:/quartus/quartus2/nios2eds/bin/gnu/h-i686-mingw32/bin/../lib/gcc/nios2-elf/4.1.2/../../../../nios2-elf/lib/mno-hw-mul\libsmallc.a(lib_a-vfprintf.o)
 .debug_ranges  0x00000160       0x18 d:/quartus/quartus2/nios2eds/bin/gnu/h-i686-mingw32/bin/../lib/gcc/nios2-elf/4.1.2/../../../../nios2-elf/lib/mno-hw-mul\libsmallc.a(lib_a-__call_atexit.o)
